Archive member included to satisfy reference by file (symbol)

c:/progra~1/raspbe~1/picosd~1.0/gcc-ar~1/bin/../lib/gcc/arm-none-eabi/10.3.1/thumb/v6-m/nofp\libgcc.a(_dvmd_tls.o)
                              CMakeFiles/macropad.dir/C_/pico/pico-sdk/src/rp2_common/pico_divider/divider.S.obj (__aeabi_idiv0)
c:/progra~1/raspbe~1/picosd~1.0/gcc-ar~1/bin/../lib/gcc/arm-none-eabi/10.3.1/../../../../arm-none-eabi/lib/thumb/v6-m/nofp\libg.a(lib_a-calloc.o)
                              CMakeFiles/macropad.dir/C_/pico/pico-sdk/src/rp2_common/pico_malloc/pico_malloc.c.obj (calloc)
c:/progra~1/raspbe~1/picosd~1.0/gcc-ar~1/bin/../lib/gcc/arm-none-eabi/10.3.1/../../../../arm-none-eabi/lib/thumb/v6-m/nofp\libg.a(lib_a-callocr.o)
                              c:/progra~1/raspbe~1/picosd~1.0/gcc-ar~1/bin/../lib/gcc/arm-none-eabi/10.3.1/../../../../arm-none-eabi/lib/thumb/v6-m/nofp\libg.a(lib_a-calloc.o) (_calloc_r)
c:/progra~1/raspbe~1/picosd~1.0/gcc-ar~1/bin/../lib/gcc/arm-none-eabi/10.3.1/../../../../arm-none-eabi/lib/thumb/v6-m/nofp\libg.a(lib_a-errno.o)
                              c:/progra~1/raspbe~1/picosd~1.0/gcc-ar~1/bin/../lib/gcc/arm-none-eabi/10.3.1/../../../../arm-none-eabi/lib/thumb/v6-m/nofp\libg.a(lib_a-callocr.o) (__errno)
c:/progra~1/raspbe~1/picosd~1.0/gcc-ar~1/bin/../lib/gcc/arm-none-eabi/10.3.1/../../../../arm-none-eabi/lib/thumb/v6-m/nofp\libg.a(lib_a-impure.o)
                              c:/progra~1/raspbe~1/picosd~1.0/gcc-ar~1/bin/../lib/gcc/arm-none-eabi/10.3.1/../../../../arm-none-eabi/lib/thumb/v6-m/nofp\libg.a(lib_a-calloc.o) (_impure_ptr)
c:/progra~1/raspbe~1/picosd~1.0/gcc-ar~1/bin/../lib/gcc/arm-none-eabi/10.3.1/../../../../arm-none-eabi/lib/thumb/v6-m/nofp\libg.a(lib_a-init.o)
                              c:/progra~1/raspbe~1/picosd~1.0/gcc-ar~1/bin/../lib/gcc/arm-none-eabi/10.3.1/../../../../arm-none-eabi/lib/thumb/v6-m/nofp/crt0.o (__libc_init_array)
c:/progra~1/raspbe~1/picosd~1.0/gcc-ar~1/bin/../lib/gcc/arm-none-eabi/10.3.1/../../../../arm-none-eabi/lib/thumb/v6-m/nofp\libg.a(lib_a-malloc.o)
                              CMakeFiles/macropad.dir/C_/pico/pico-sdk/src/rp2_common/pico_malloc/pico_malloc.c.obj (malloc)
c:/progra~1/raspbe~1/picosd~1.0/gcc-ar~1/bin/../lib/gcc/arm-none-eabi/10.3.1/../../../../arm-none-eabi/lib/thumb/v6-m/nofp\libg.a(lib_a-mallocr.o)
                              c:/progra~1/raspbe~1/picosd~1.0/gcc-ar~1/bin/../lib/gcc/arm-none-eabi/10.3.1/../../../../arm-none-eabi/lib/thumb/v6-m/nofp\libg.a(lib_a-callocr.o) (_malloc_r)
c:/progra~1/raspbe~1/picosd~1.0/gcc-ar~1/bin/../lib/gcc/arm-none-eabi/10.3.1/../../../../arm-none-eabi/lib/thumb/v6-m/nofp\libg.a(lib_a-mlock.o)
                              c:/progra~1/raspbe~1/picosd~1.0/gcc-ar~1/bin/../lib/gcc/arm-none-eabi/10.3.1/../../../../arm-none-eabi/lib/thumb/v6-m/nofp\libg.a(lib_a-mallocr.o) (__malloc_lock)
c:/progra~1/raspbe~1/picosd~1.0/gcc-ar~1/bin/../lib/gcc/arm-none-eabi/10.3.1/../../../../arm-none-eabi/lib/thumb/v6-m/nofp\libg.a(lib_a-realloc.o)
                              CMakeFiles/macropad.dir/C_/pico/pico-sdk/src/rp2_common/pico_malloc/pico_malloc.c.obj (realloc)
c:/progra~1/raspbe~1/picosd~1.0/gcc-ar~1/bin/../lib/gcc/arm-none-eabi/10.3.1/../../../../arm-none-eabi/lib/thumb/v6-m/nofp\libg.a(lib_a-reallocr.o)
                              c:/progra~1/raspbe~1/picosd~1.0/gcc-ar~1/bin/../lib/gcc/arm-none-eabi/10.3.1/../../../../arm-none-eabi/lib/thumb/v6-m/nofp\libg.a(lib_a-realloc.o) (_realloc_r)
c:/progra~1/raspbe~1/picosd~1.0/gcc-ar~1/bin/../lib/gcc/arm-none-eabi/10.3.1/../../../../arm-none-eabi/lib/thumb/v6-m/nofp\libg.a(lib_a-sbrkr.o)
                              c:/progra~1/raspbe~1/picosd~1.0/gcc-ar~1/bin/../lib/gcc/arm-none-eabi/10.3.1/../../../../arm-none-eabi/lib/thumb/v6-m/nofp\libg.a(lib_a-mallocr.o) (_sbrk_r)
c:/progra~1/raspbe~1/picosd~1.0/gcc-ar~1/bin/../lib/gcc/arm-none-eabi/10.3.1/../../../../arm-none-eabi/lib/thumb/v6-m/nofp\libg.a(lib_a-strlen-stub.o)
                              CMakeFiles/macropad.dir/usb/usb_descriptors.c.obj (strlen)
c:/progra~1/raspbe~1/picosd~1.0/gcc-ar~1/bin/../lib/gcc/arm-none-eabi/10.3.1/../../../../arm-none-eabi/lib/thumb/v6-m/nofp\libg.a(lib_a-freer.o)
                              c:/progra~1/raspbe~1/picosd~1.0/gcc-ar~1/bin/../lib/gcc/arm-none-eabi/10.3.1/../../../../arm-none-eabi/lib/thumb/v6-m/nofp\libg.a(lib_a-malloc.o) (_free_r)
c:/progra~1/raspbe~1/picosd~1.0/gcc-ar~1/bin/../lib/gcc/arm-none-eabi/10.3.1/../../../../arm-none-eabi/lib/thumb/v6-m/nofp\libg.a(lib_a-lock.o)
                              c:/progra~1/raspbe~1/picosd~1.0/gcc-ar~1/bin/../lib/gcc/arm-none-eabi/10.3.1/../../../../arm-none-eabi/lib/thumb/v6-m/nofp\libg.a(lib_a-mlock.o) (__retarget_lock_acquire_recursive)
c:/progra~1/raspbe~1/picosd~1.0/gcc-ar~1/bin/../lib/gcc/arm-none-eabi/10.3.1/../../../../arm-none-eabi/lib/thumb/v6-m/nofp\libg.a(lib_a-memmove.o)
[...]
Memory Configuration

Name             Origin             Length             Attributes
FLASH            0x10000000         0x00200000         xr
RAM              0x20000000         0x00040000         xrw
SCRATCH_X        0x20040000         0x00001000         xrw
SCRATCH_Y        0x20041000         0x00001000         xrw
*default*        0x00000000         0xffffffff

Linker script and memory map

LOAD c:/progra~1/raspbe~1/picosd~1.0/gcc-ar~1/bin/../lib/gcc/arm-none-eabi/10.3.1/thumb/v6-m/nofp/crti.o
LOAD c:/progra~1/raspbe~1/picosd~1.0/gcc-ar~1/bin/../lib/gcc/arm-none-eabi/10.3.1/thumb/v6-m/nofp/crtbegin.o
LOAD c:/progra~1/raspbe~1/picosd~1.0/gcc-ar~1/bin/../lib/gcc/arm-none-eabi/10.3.1/../../../../arm-none-eabi/lib/thumb/v6-m/nofp/crt0.o

.flash_begin    0x10000000        0x0
                0x10000000                __flash_binary_start = .

.boot2          0x10000000      0x100
                0x10000000                __boot2_start__ = .
 *(.boot2)
 .boot2         0x10000000      0x100 C:\Users\Nano\AppData\Local\Temp\ccSN6lty.o
                0x10000100                __boot2_end__ = .
                0x00000001                ASSERT (((__boot2_end__ - __boot2_start__) == 0x100), ERROR: Pico second stage bootloader must be 256 bytes in size)

.text           0x10000100     0x7f20
                0x10000100                __logical_binary_start = .
 *(.vectors)
 .vectors       0x10000100       0xd4 CMakeFiles/macropad.dir/C_/pico/pico-sdk/src/rp2_common/pico_standard_link/crt0.S.obj
                0x10000100                __VECTOR_TABLE
                0x10000100                __vectors
                0x100001c0                isr_invalid
                0x100001c0                __default_isrs_start
                0x100001c2                isr_nmi
                0x100001c4                isr_hardfault
                0x100001c6                isr_svcall
                0x100001c8                isr_pendsv
                0x100001ca                isr_systick
                0x100001cc                isr_irq23
                0x100001cc                isr_irq18
                0x100001cc                isr_irq11
                0x100001cc                isr_irq28
                0x100001cc                isr_irq19
                0x100001cc                isr_irq0
                0x100001cc                isr_irq6
                0x100001cc                isr_irq5
                0x100001cc                isr_irq12
                0x100001cc                isr_irq22
                0x100001cc                isr_irq31
                0x100001cc                isr_irq17
                0x100001cc                isr_irq27
                0x100001cc                isr_irq30
                0x100001cc                isr_irq2
                0x100001cc                isr_irq10
                0x100001cc                isr_irq8
                0x100001cc                isr_irq24
                0x100001cc                isr_irq1
                0x100001cc                isr_irq7
                0x100001cc                isr_irq21
                0x100001cc                isr_irq20
                0x100001cc                isr_irq15
                0x100001cc                isr_irq25
                0x100001cc                isr_irq13
                0x100001cc                __unhandled_user_irq
                0x100001cc                isr_irq4
                0x100001cc                isr_irq16
                0x100001cc                isr_irq29
                0x100001cc                isr_irq26
                0x100001cc                __default_isrs_end
                0x100001cc                isr_irq3
                0x100001cc                isr_irq14
                0x100001cc                isr_irq9
                0x100001d2                unhandled_user_irq_num_in_r0
 *(.binary_info_header)
 .binary_info_header
                0x100001d4       0x14 CMakeFiles/macropad.dir/C_/pico/pico-sdk/src/rp2_common/pico_standard_link/crt0.S.obj
                0x100001e8                __binary_info_header_end = .
 *(.reset)
 .reset         0x100001e8       0xa0 CMakeFiles/macropad.dir/C_/pico/pico-sdk/src/rp2_common/pico_standard_link/crt0.S.obj
                0x100001e8                _entry_point
 .reset         0x10000288       0x30 CMakeFiles/macropad.dir/C_/pico/pico-sdk/src/rp2_common/pico_standard_link/binary_info.c.obj
 *(.init)
 .init          0x100002b8        0x4 c:/progra~1/raspbe~1/picosd~1.0/gcc-ar~1/bin/../lib/gcc/arm-none-eabi/10.3.1/thumb/v6-m/nofp/crti.o
                0x100002b8                _init
 *(EXCLUDE_FILE(*libm.a: *libc.a:*lib_a-mem*.o *libgcc.a:) .text*)
 .text          0x100002bc       0x48 c:/progra~1/raspbe~1/picosd~1.0/gcc-ar~1/bin/../lib/gcc/arm-none-eabi/10.3.1/thumb/v6-m/nofp/crtbegin.o
 .text.send_hid_report
                0x10000304       0x74 CMakeFiles/macropad.dir/main.c.obj
 .text.tud_suspend_cb
                0x10000378        0x2 CMakeFiles/macropad.dir/main.c.obj
                0x10000378                tud_suspend_cb
 .text.tud_resume_cb
                0x1000037a        0x2 CMakeFiles/macropad.dir/main.c.obj
                0x1000037a                tud_resume_cb
 .text.hid_task
                0x1000037c       0x5c CMakeFiles/macropad.dir/main.c.obj
                0x1000037c                hid_task
 .text.main     0x100003d8       0x2a CMakeFiles/macropad.dir/main.c.obj
                0x100003d8                main
 .text.tud_hid_report_complete_cb
                0x10000402       0x1c CMakeFiles/macropad.dir/main.c.obj
                0x10000402                tud_hid_report_complete_cb
 .text.tud_hid_get_report_cb
                0x1000041e        0x4 CMakeFiles/macropad.dir/main.c.obj
                0x1000041e                tud_hid_get_report_cb
 .text.tud_hid_set_report_cb
                0x10000422        0x2 CMakeFiles/macropad.dir/main.c.obj
                0x10000422                tud_hid_set_report_cb
 .text.keyboard_init
                0x10000424       0x6c CMakeFiles/macropad.dir/keyboard/keyboard.c.obj
                0x10000424                keyboard_init
 .text.button_state
                0x10000490       0x34 CMakeFiles/macropad.dir/keyboard/keyboard.c.obj
                0x10000490                button_state
 .text.read_mode
                0x100004c4       0x48 CMakeFiles/macropad.dir/keyboard/keyboard.c.obj
                0x100004c4                read_mode
 .text.set_keycode
                0x1000050c       0xac CMakeFiles/macropad.dir/keyboard/keyboard.c.obj
                0x1000050c                set_keycode
 .text.tud_descriptor_device_cb
                0x100005b8        0x8 CMakeFiles/macropad.dir/usb/usb_descriptors.c.obj
                0x100005b8                tud_descriptor_device_cb
 .text.tud_hid_descriptor_report_cb
                0x100005c0        0x8 CMakeFiles/macropad.dir/usb/usb_descriptors.c.obj
                0x100005c0                tud_hid_descriptor_report_cb
 .text.tud_descriptor_configuration_cb
                0x100005c8        0x8 CMakeFiles/macropad.dir/usb/usb_descriptors.c.obj
                0x100005c8                tud_descriptor_configuration_cb
 .text.tud_descriptor_string_cb
                0x100005d0       0x60 CMakeFiles/macropad.dir/usb/usb_descriptors.c.obj
                0x100005d0                tud_descriptor_string_cb
 .text.setup_gpio
                0x10000630       0x38 CMakeFiles/macropad.dir/oled/oled.c.obj
                0x10000630                setup_gpio
 .text.get_display
                0x10000668        0x8 CMakeFiles/macropad.dir/oled/oled.c.obj
                0x10000668                get_display
 .text.setup_display
                0x10000670       0x28 CMakeFiles/macropad.dir/oled/oled.c.obj
                0x10000670                setup_display
 .text.display  0x10000698       0x3e CMakeFiles/macropad.dir/oled/oled.c.obj
                0x10000698                display
 .text.clear_display
                0x100006d6        0xc CMakeFiles/macropad.dir/oled/oled.c.obj
                0x100006d6                clear_display
 *fill*         0x100006e2        0x2 
 .text.display_mode
                0x100006e4       0x30 CMakeFiles/macropad.dir/oled/oled.c.obj
                0x100006e4                display_mode
 .text.ssd1306_init
                0x10000714      0x110 CMakeFiles/macropad.dir/oled/ssd1306.c.obj
                0x10000714                ssd1306_init
 .text.ssd1306_clear
                0x10000824       0x10 CMakeFiles/macropad.dir/oled/ssd1306.c.obj
                0x10000824                ssd1306_clear
 .text.ssd1306_draw_pixel
                0x10000834       0x26 CMakeFiles/macropad.dir/oled/ssd1306.c.obj
                0x10000834                ssd1306_draw_pixel
 .text.ssd1306_draw_square
                0x1000085a       0x3e CMakeFiles/macropad.dir/oled/ssd1306.c.obj
                0x1000085a                ssd1306_draw_square
 .text.ssd1306_draw_char_with_font
                0x10000898       0xc0 CMakeFiles/macropad.dir/oled/ssd1306.c.obj
                0x10000898                ssd1306_draw_char_with_font
 .text.ssd1306_draw_string_with_font
                0x10000958       0x4a CMakeFiles/macropad.dir/oled/ssd1306.c.obj
                0x10000958                ssd1306_draw_string_with_font
 *fill*         0x100009a2        0x2 
 .text.ssd1306_draw_string
                0x100009a4       0x18 CMakeFiles/macropad.dir/oled/ssd1306.c.obj
                0x100009a4                ssd1306_draw_string
 .text.ssd1306_show
                0x100009bc       0xbc CMakeFiles/macropad.dir/oled/ssd1306.c.obj
                0x100009bc                ssd1306_show
 .text.gpio_set_function
                0x10000a78       0x30 CMakeFiles/macropad.dir/C_/pico/pico-sdk/src/rp2_common/hardware_gpio/gpio.c.obj
                0x10000a78                gpio_set_function
 .text.gpio_set_pulls
                0x10000aa8       0x34 CMakeFiles/macropad.dir/C_/pico/pico-sdk/src/rp2_common/hardware_gpio/gpio.c.obj
                0x10000aa8                gpio_set_pulls
 .text.gpio_init
                0x10000adc       0x16 CMakeFiles/macropad.dir/C_/pico/pico-sdk/src/rp2_common/hardware_gpio/gpio.c.obj
                0x10000adc                gpio_init
 *fill*         0x10000af2        0x2 
 .text.running_on_fpga
                0x10000af4       0x14 CMakeFiles/macropad.dir/C_/pico/pico-sdk/src/rp2_common/pico_platform/platform.c.obj
                0x10000af4                running_on_fpga
 .text.hw_claim_lock
                0x10000b08       0x18 CMakeFiles/macropad.dir/C_/pico/pico-sdk/src/rp2_common/hardware_claim/claim.c.obj
                0x10000b08                hw_claim_lock
 .text.hw_claim_unlock
                0x10000b20       0x14 CMakeFiles/macropad.dir/C_/pico/pico-sdk/src/rp2_common/hardware_claim/claim.c.obj
                0x10000b20                hw_claim_unlock
 .text.hw_claim_or_assert
                0x10000b34       0x32 CMakeFiles/macropad.dir/C_/pico/pico-sdk/src/rp2_common/hardware_claim/claim.c.obj
                0x10000b34                hw_claim_or_assert
 .text.hw_claim_unused_from_range
                0x10000b66       0x50 CMakeFiles/macropad.dir/C_/pico/pico-sdk/src/rp2_common/hardware_claim/claim.c.obj
                0x10000b66                hw_claim_unused_from_range
 *fill*         0x10000bb6        0x2 
 .text.spin_locks_reset
                0x10000bb8       0x20 CMakeFiles/macropad.dir/C_/pico/pico-sdk/src/rp2_common/hardware_sync/sync.c.obj
                0x10000bb8                spin_locks_reset
 .text.next_striped_spin_lock_num
                0x10000bd8       0x1c CMakeFiles/macropad.dir/C_/pico/pico-sdk/src/rp2_common/hardware_sync/sync.c.obj
                0x10000bd8                next_striped_spin_lock_num
 .text.spin_lock_claim_unused
                0x10000bf4       0x20 CMakeFiles/macropad.dir/C_/pico/pico-sdk/src/rp2_common/hardware_sync/sync.c.obj
                0x10000bf4                spin_lock_claim_unused
 .text.set_raw_irq_handler_and_unlock
                0x10000c14       0x28 CMakeFiles/macropad.dir/C_/pico/pico-sdk/src/rp2_common/hardware_irq/irq.c.obj
 .text.make_branch
                0x10000c3c       0x48 CMakeFiles/macropad.dir/C_/pico/pico-sdk/src/rp2_common/hardware_irq/irq.c.obj
 .text.insert_branch_and_link
                0x10000c84       0x40 CMakeFiles/macropad.dir/C_/pico/pico-sdk/src/rp2_common/hardware_irq/irq.c.obj
 .text.irq_is_enabled
                0x10000cc4       0x18 CMakeFiles/macropad.dir/C_/pico/pico-sdk/src/rp2_common/hardware_irq/irq.c.obj
                0x10000cc4                irq_is_enabled
 .text.irq_set_mask_enabled
                0x10000cdc       0x20 CMakeFiles/macropad.dir/C_/pico/pico-sdk/src/rp2_common/hardware_irq/irq.c.obj
                0x10000cdc                irq_set_mask_enabled
 .text.irq_set_enabled
                0x10000cfc        0xe CMakeFiles/macropad.dir/C_/pico/pico-sdk/src/rp2_common/hardware_irq/irq.c.obj
                0x10000cfc                irq_set_enabled
 *fill*         0x10000d0a        0x2 
 .text.irq_get_vtable_handler
                0x10000d0c       0x10 CMakeFiles/macropad.dir/C_/pico/pico-sdk/src/rp2_common/hardware_irq/irq.c.obj
                0x10000d0c                irq_get_vtable_handler
 .text.irq_set_exclusive_handler
                0x10000d1c       0x54 CMakeFiles/macropad.dir/C_/pico/pico-sdk/src/rp2_common/hardware_irq/irq.c.obj
                0x10000d1c                irq_set_exclusive_handler
 .text.irq_add_shared_handler
                0x10000d70      0x234 CMakeFiles/macropad.dir/C_/pico/pico-sdk/src/rp2_common/hardware_irq/irq.c.obj
                0x10000d70                irq_add_shared_handler
 .text.irq_remove_handler
                0x10000fa4      0x1ac CMakeFiles/macropad.dir/C_/pico/pico-sdk/src/rp2_common/hardware_irq/irq.c.obj
                0x10000fa4                irq_remove_handler
 .text.irq_add_tail_to_free_list
                0x10001150       0xf0 CMakeFiles/macropad.dir/C_/pico/pico-sdk/src/rp2_common/hardware_irq/irq.c.obj
                0x10001150                irq_add_tail_to_free_list
 .text.irq_init_priorities
                0x10001240       0x1c CMakeFiles/macropad.dir/C_/pico/pico-sdk/src/rp2_common/hardware_irq/irq.c.obj
                0x10001240                irq_init_priorities
 .text.lock_init
                0x1000125c       0x10 CMakeFiles/macropad.dir/C_/pico/pico-sdk/src/common/pico_sync/lock_core.c.obj
                0x1000125c                lock_init
 .text.mutex_init
                0x1000126c       0x1a CMakeFiles/macropad.dir/C_/pico/pico-sdk/src/common/pico_sync/mutex.c.obj
                0x1000126c                mutex_init
 .text.recursive_mutex_init
                0x10001286       0x1e CMakeFiles/macropad.dir/C_/pico/pico-sdk/src/common/pico_sync/mutex.c.obj
                0x10001286                recursive_mutex_init
 .text.critical_section_init_with_lock_num
                0x100012a4       0x14 CMakeFiles/macropad.dir/C_/pico/pico-sdk/src/common/pico_sync/critical_section.c.obj
                0x100012a4                critical_section_init_with_lock_num
 .text.critical_section_init
                0x100012b8       0x14 CMakeFiles/macropad.dir/C_/pico/pico-sdk/src/common/pico_sync/critical_section.c.obj
                0x100012b8                critical_section_init
 .text.alarm_pool_post_alloc_init
                0x100012cc       0x40 CMakeFiles/macropad.dir/C_/pico/pico-sdk/src/common/pico_time/time.c.obj
 .text.sleep_until_callback
                0x1000130c       0x30 CMakeFiles/macropad.dir/C_/pico/pico-sdk/src/common/pico_time/time.c.obj
 .text.timer_pool_entry_comparator
                0x1000133c       0x7c CMakeFiles/macropad.dir/C_/pico/pico-sdk/src/common/pico_time/time.c.obj
                0x1000133c                timer_pool_entry_comparator
 .text.ph_add_child_node
                0x100013b8       0xa4 CMakeFiles/macropad.dir/C_/pico/pico-sdk/src/common/pico_time/time.c.obj
 .text.ph_merge_nodes
                0x1000145c       0x3e CMakeFiles/macropad.dir/C_/pico/pico-sdk/src/common/pico_time/time.c.obj
 *fill*         0x1000149a        0x2 
 .text.add_alarm_under_lock
                0x1000149c      0x174 CMakeFiles/macropad.dir/C_/pico/pico-sdk/src/common/pico_time/time.c.obj
 .text.alarm_pool_alarm_callback
                0x10001610      0x33c CMakeFiles/macropad.dir/C_/pico/pico-sdk/src/common/pico_time/time.c.obj
 .text.alarm_pool_init_default
                0x1000194c       0x40 CMakeFiles/macropad.dir/C_/pico/pico-sdk/src/common/pico_time/time.c.obj
                0x1000194c                alarm_pool_init_default
 .text.alarm_pool_get_default
                0x1000198c       0x2c CMakeFiles/macropad.dir/C_/pico/pico-sdk/src/common/pico_time/time.c.obj
                0x1000198c                alarm_pool_get_default
 .text.alarm_pool_add_alarm_at
                0x100019b8      0x168 CMakeFiles/macropad.dir/C_/pico/pico-sdk/src/common/pico_time/time.c.obj
                0x100019b8                alarm_pool_add_alarm_at
 .text.alarm_pool_cancel_alarm
                0x10001b20       0xf0 CMakeFiles/macropad.dir/C_/pico/pico-sdk/src/common/pico_time/time.c.obj
                0x10001b20                alarm_pool_cancel_alarm
 .text.best_effort_wfe_or_timeout
                0x10001c10       0xac CMakeFiles/macropad.dir/C_/pico/pico-sdk/src/common/pico_time/time.c.obj
                0x10001c10                best_effort_wfe_or_timeout
 .text.hardware_alarm_irq_handler
                0x10001cbc       0x90 CMakeFiles/macropad.dir/C_/pico/pico-sdk/src/rp2_common/hardware_timer/timer.c.obj
 .text.hardware_alarm_claim
                0x10001d4c       0x18 CMakeFiles/macropad.dir/C_/pico/pico-sdk/src/rp2_common/hardware_timer/timer.c.obj
                0x10001d4c                hardware_alarm_claim
 .text.time_us_64
                0x10001d64       0x18 CMakeFiles/macropad.dir/C_/pico/pico-sdk/src/rp2_common/hardware_timer/timer.c.obj
                0x10001d64                time_us_64
 .text.hardware_alarm_set_callback
                0x10001d7c       0x90 CMakeFiles/macropad.dir/C_/pico/pico-sdk/src/rp2_common/hardware_timer/timer.c.obj
                0x10001d7c                hardware_alarm_set_callback
 .text.hardware_alarm_set_target
                0x10001e0c       0xe8 CMakeFiles/macropad.dir/C_/pico/pico-sdk/src/rp2_common/hardware_timer/timer.c.obj
                0x10001e0c                hardware_alarm_set_target
 .text.hardware_alarm_cancel
                0x10001ef4       0x40 CMakeFiles/macropad.dir/C_/pico/pico-sdk/src/rp2_common/hardware_timer/timer.c.obj
                0x10001ef4                hardware_alarm_cancel
 .text.ph_add_child_node
                0x10001f34       0xa4 CMakeFiles/macropad.dir/C_/pico/pico-sdk/src/common/pico_util/pheap.c.obj
 .text.ph_merge_nodes
                0x10001fd8       0x3e CMakeFiles/macropad.dir/C_/pico/pico-sdk/src/common/pico_util/pheap.c.obj
 *fill*         0x10002016        0x2 
 .text.ph_clear
                0x10002018       0x70 CMakeFiles/macropad.dir/C_/pico/pico-sdk/src/common/pico_util/pheap.c.obj
                0x10002018                ph_clear
 .text.ph_post_alloc_init
                0x10002088        0xe CMakeFiles/macropad.dir/C_/pico/pico-sdk/src/common/pico_util/pheap.c.obj
                0x10002088                ph_post_alloc_init
 *fill*         0x10002096        0x2 
 .text.ph_merge_two_pass
                0x10002098       0xa8 CMakeFiles/macropad.dir/C_/pico/pico-sdk/src/common/pico_util/pheap.c.obj
                0x10002098                ph_merge_two_pass
 .text.ph_remove_any_head
                0x10002140      0x128 CMakeFiles/macropad.dir/C_/pico/pico-sdk/src/common/pico_util/pheap.c.obj
 .text.ph_remove_head
                0x10002268       0x14 CMakeFiles/macropad.dir/C_/pico/pico-sdk/src/common/pico_util/pheap.c.obj
                0x10002268                ph_remove_head
 .text.ph_remove_and_free_node
                0x1000227c       0xf8 CMakeFiles/macropad.dir/C_/pico/pico-sdk/src/common/pico_util/pheap.c.obj
                0x1000227c                ph_remove_and_free_node
 .text.uart_set_baudrate
                0x10002374       0x5c CMakeFiles/macropad.dir/C_/pico/pico-sdk/src/rp2_common/hardware_uart/uart.c.obj
                0x10002374                uart_set_baudrate
 .text.uart_set_translate_crlf
                0x100023d0       0x28 CMakeFiles/macropad.dir/C_/pico/pico-sdk/src/rp2_common/hardware_uart/uart.c.obj
                0x100023d0                uart_set_translate_crlf
 .text.uart_init
                0x100023f8       0x80 CMakeFiles/macropad.dir/C_/pico/pico-sdk/src/rp2_common/hardware_uart/uart.c.obj
                0x100023f8                uart_init
 .text.clock_configure
                0x10002478      0x104 CMakeFiles/macropad.dir/C_/pico/pico-sdk/src/rp2_common/hardware_clocks/clocks.c.obj
                0x10002478                clock_configure
 .text.clocks_init
                0x1000257c      0x100 CMakeFiles/macropad.dir/C_/pico/pico-sdk/src/rp2_common/hardware_clocks/clocks.c.obj
                0x1000257c                clocks_init
 .text.clock_get_hz
                0x1000267c        0xc CMakeFiles/macropad.dir/C_/pico/pico-sdk/src/rp2_common/hardware_clocks/clocks.c.obj
                0x1000267c                clock_get_hz
 .text.pll_init
                0x10002688      0x12c CMakeFiles/macropad.dir/C_/pico/pico-sdk/src/rp2_common/hardware_pll/pll.c.obj
                0x10002688                pll_init
 .text.watchdog_start_tick
                0x100027b4       0x10 CMakeFiles/macropad.dir/C_/pico/pico-sdk/src/rp2_common/hardware_watchdog/watchdog.c.obj
                0x100027b4                watchdog_start_tick
 .text.xosc_init
                0x100027c4       0x28 CMakeFiles/macropad.dir/C_/pico/pico-sdk/src/rp2_common/hardware_xosc/xosc.c.obj
                0x100027c4                xosc_init
 .text._exit    0x100027ec        0x4 CMakeFiles/macropad.dir/C_/pico/pico-sdk/src/rp2_common/pico_runtime/runtime.c.obj
                0x100027ec                _exit
 .text._sbrk    0x100027f0       0x38 CMakeFiles/macropad.dir/C_/pico/pico-sdk/src/rp2_common/pico_runtime/runtime.c.obj
                0x100027f0                _sbrk
 .text.exit     0x10002828        0x6 CMakeFiles/macropad.dir/C_/pico/pico-sdk/src/rp2_common/pico_runtime/runtime.c.obj
                0x10002828                exit
 *fill*         0x1000282e        0x2 
 .text.__assert_func
                0x10002830       0x3c CMakeFiles/macropad.dir/C_/pico/pico-sdk/src/rp2_common/pico_runtime/runtime.c.obj
                0x10002830                __assert_func
 .text.runtime_init
                0x1000286c       0xf8 CMakeFiles/macropad.dir/C_/pico/pico-sdk/src/rp2_common/pico_runtime/runtime.c.obj
                0x1000286c                runtime_init
 .text.panic    0x10002964       0x30 CMakeFiles/macropad.dir/C_/pico/pico-sdk/src/rp2_common/pico_runtime/runtime.c.obj
                0x10002964                panic
 .text._out_null
                0x10002994        0x2 CMakeFiles/macropad.dir/C_/pico/pico-sdk/src/rp2_common/pico_printf/printf.c.obj
 .text._out_fct
                0x10002996        0xe CMakeFiles/macropad.dir/C_/pico/pico-sdk/src/rp2_common/pico_printf/printf.c.obj
 .text._atoi    0x100029a4       0x24 CMakeFiles/macropad.dir/C_/pico/pico-sdk/src/rp2_common/pico_printf/printf.c.obj
 .text._out_rev
                0x100029c8       0xae CMakeFiles/macropad.dir/C_/pico/pico-sdk/src/rp2_common/pico_printf/printf.c.obj
 .text._ntoa_format
                0x10002a76      0x112 CMakeFiles/macropad.dir/C_/pico/pico-sdk/src/rp2_common/pico_printf/printf.c.obj
 .text._ntoa_long
                0x10002b88       0xbc CMakeFiles/macropad.dir/C_/pico/pico-sdk/src/rp2_common/pico_printf/printf.c.obj
 .text._ntoa_long_long
                0x10002c44       0xe2 CMakeFiles/macropad.dir/C_/pico/pico-sdk/src/rp2_common/pico_printf/printf.c.obj
 *fill*         0x10002d26        0x2 
 .text._etoa    0x10002d28      0x414 CMakeFiles/macropad.dir/C_/pico/pico-sdk/src/rp2_common/pico_printf/printf.c.obj
 .text._ftoa    0x1000313c      0x354 CMakeFiles/macropad.dir/C_/pico/pico-sdk/src/rp2_common/pico_printf/printf.c.obj
 .text._vsnprintf
                0x10003490      0x624 CMakeFiles/macropad.dir/C_/pico/pico-sdk/src/rp2_common/pico_printf/printf.c.obj
 .text.vfctprintf
                0x10003ab4       0x20 CMakeFiles/macropad.dir/C_/pico/pico-sdk/src/rp2_common/pico_printf/printf.c.obj
                0x10003ab4                vfctprintf
 .text          0x10003ad4       0x10 CMakeFiles/macropad.dir/C_/pico/pico-sdk/src/rp2_common/pico_bit_ops/bit_ops_aeabi.S.obj
 .text.rom_func_lookup
                0x10003ae4       0x10 CMakeFiles/macropad.dir/C_/pico/pico-sdk/src/rp2_common/pico_bootrom/bootrom.c.obj
                0x10003ae4                rom_func_lookup
 .text.rom_data_lookup
                0x10003af4       0x10 CMakeFiles/macropad.dir/C_/pico/pico-sdk/src/rp2_common/pico_bootrom/bootrom.c.obj
                0x10003af4                rom_data_lookup
 .text.rom_funcs_lookup
                0x10003b04       0x36 CMakeFiles/macropad.dir/C_/pico/pico-sdk/src/rp2_common/pico_bootrom/bootrom.c.obj
                0x10003b04                rom_funcs_lookup
 *fill*         0x10003b3a        0x2 
 .text.__wrap___aeabi_idiv
                0x10003b3c       0x50 CMakeFiles/macropad.dir/C_/pico/pico-sdk/src/rp2_common/pico_divider/divider.S.obj
                0x10003b3c                __wrap___aeabi_idivmod
                0x10003b3c                divmod_s32s32
                0x10003b3c                div_s32s32
                0x10003b3c                __wrap___aeabi_idiv
                0x10003b44                divmod_s32s32_unsafe
                0x10003b70                divmod_s32s32_savestate
 .text.__wrap___aeabi_uidiv
                0x10003b8c       0x4c CMakeFiles/macropad.dir/C_/pico/pico-sdk/src/rp2_common/pico_divider/divider.S.obj
                0x10003b8c                __wrap___aeabi_uidiv
                0x10003b8c                __wrap___aeabi_uidivmod
                0x10003b8c                div_u32u32
                0x10003b8c                divmod_u32u32
                0x10003b94                divmod_u32u32_unsafe
                0x10003bbc                divmod_u32u32_savestate
 .text.__wrap___aeabi_ldiv
                0x10003bd8      0x424 CMakeFiles/macropad.dir/C_/pico/pico-sdk/src/rp2_common/pico_divider/divider.S.obj
                0x10003bd8                div_s64s64
                0x10003bd8                divmod_s64s64
                0x10003bd8                __wrap___aeabi_ldivmod
                0x10003c08                divmod_u64u64
                0x10003c08                div_u64u64
                0x10003c08                __wrap___aeabi_uldivmod
                0x10003c18                divmod_u64u64_savestate
                0x10003c38                divmod_s64s64_unsafe
                0x10003cc0                divmod_u64u64_unsafe
 .text.__wrap___aeabi_darithmetic
                0x10003ffc       0x80 CMakeFiles/macropad.dir/C_/pico/pico-sdk/src/rp2_common/pico_double/double_aeabi.S.obj
                0x10003ffc                __wrap___aeabi_drsub
                0x10004002                __wrap___aeabi_dsub
                0x10004014                __wrap___aeabi_dadd
                0x10004026                __wrap___aeabi_ddiv
                0x10004062                __wrap___aeabi_dmul
 .text.__wrap___aeabi_cdcmple
                0x1000407c       0x6c CMakeFiles/macropad.dir/C_/pico/pico-sdk/src/rp2_common/pico_double/double_aeabi.S.obj
                0x1000407c                __wrap___aeabi_cdrcmple
                0x1000408c                __wrap___aeabi_cdcmpeq
                0x1000408c                __wrap___aeabi_cdcmple
 .text.__wrap___aeabi_dcmpeq
                0x100040e8       0x10 CMakeFiles/macropad.dir/C_/pico/pico-sdk/src/rp2_common/pico_double/double_aeabi.S.obj
                0x100040e8                __wrap___aeabi_dcmpeq
 .text.__wrap___aeabi_dcmplt
                0x100040f8        0xc CMakeFiles/macropad.dir/C_/pico/pico-sdk/src/rp2_common/pico_double/double_aeabi.S.obj
                0x100040f8                __wrap___aeabi_dcmplt
 .text.__wrap___aeabi_dcmple
                0x10004104       0x10 CMakeFiles/macropad.dir/C_/pico/pico-sdk/src/rp2_common/pico_double/double_aeabi.S.obj
                0x10004104                __wrap___aeabi_dcmple
 .text.__wrap___aeabi_dcmpge
                0x10004114       0x10 CMakeFiles/macropad.dir/C_/pico/pico-sdk/src/rp2_common/pico_double/double_aeabi.S.obj
                0x10004114                __wrap___aeabi_dcmpge
 .text.__wrap___aeabi_dcmpgt
                0x10004124        0xa CMakeFiles/macropad.dir/C_/pico/pico-sdk/src/rp2_common/pico_double/double_aeabi.S.obj
                0x10004124                __wrap___aeabi_dcmpgt
 .text.__wrap___aeabi_dcmpun
                0x1000412e       0x1c CMakeFiles/macropad.dir/C_/pico/pico-sdk/src/rp2_common/pico_double/double_aeabi.S.obj
                0x1000412e                __wrap___aeabi_dcmpun
 *fill*         0x1000414a        0x2 
 .text.__wrap___aeabi_i2d
                0x1000414c       0x38 CMakeFiles/macropad.dir/C_/pico/pico-sdk/src/rp2_common/pico_double/double_aeabi.S.obj
                0x1000414c                __wrap___aeabi_ui2d
                0x10004154                __wrap___aeabi_i2d
 .text.__wrap___aeabi_d2iz
                0x10004184       0x48 CMakeFiles/macropad.dir/C_/pico/pico-sdk/src/rp2_common/pico_double/double_aeabi.S.obj
                0x10004184                double2int_z
                0x10004184                __wrap___aeabi_d2iz
 .text.__wrap___aeabi_d2uiz
                0x100041cc       0x18 CMakeFiles/macropad.dir/C_/pico/pico-sdk/src/rp2_common/pico_double/double_aeabi.S.obj
                0x100041cc                __wrap___aeabi_d2uiz
                0x100041cc                double2uint
 .text.__wrap_exp
                0x100041e4       0x18 CMakeFiles/macropad.dir/C_/pico/pico-sdk/src/rp2_common/pico_double/double_aeabi.S.obj
                0x100041e4                __wrap_exp
 .text.__wrap_log
                0x100041fc       0x18 CMakeFiles/macropad.dir/C_/pico/pico-sdk/src/rp2_common/pico_double/double_aeabi.S.obj
                0x100041fc                __wrap_log
 .text.__aeabi_double_init
                0x10004214       0xc8 CMakeFiles/macropad.dir/C_/pico/pico-sdk/src/rp2_common/pico_double/double_init_rom.c.obj
                0x10004214                __aeabi_double_init
 .text.dpow_int2
                0x100042dc       0x2c CMakeFiles/macropad.dir/C_/pico/pico-sdk/src/rp2_common/pico_double/double_math.c.obj
 .text.dpow_1   0x10004308      0x2a8 CMakeFiles/macropad.dir/C_/pico/pico-sdk/src/rp2_common/pico_double/double_math.c.obj
 .text.dpow_0   0x100045b0      0x1a0 CMakeFiles/macropad.dir/C_/pico/pico-sdk/src/rp2_common/pico_double/double_math.c.obj
 .text.__wrap_ldexp
                0x10004750       0x50 CMakeFiles/macropad.dir/C_/pico/pico-sdk/src/rp2_common/pico_double/double_math.c.obj
                0x10004750                __wrap_ldexp
 .text.__wrap_round
                0x100047a0       0x9c CMakeFiles/macropad.dir/C_/pico/pico-sdk/src/rp2_common/pico_double/double_math.c.obj
                0x100047a0                __wrap_round
 .text.__wrap_exp2
                0x1000483c       0xcc CMakeFiles/macropad.dir/C_/pico/pico-sdk/src/rp2_common/pico_double/double_math.c.obj
                0x1000483c                __wrap_exp2
 .text.__wrap_pow
                0x10004908      0x37c CMakeFiles/macropad.dir/C_/pico/pico-sdk/src/rp2_common/pico_double/double_math.c.obj
                0x10004908                __wrap_pow
 .text.double_table_shim_on_use_helper
                0x10004c84       0x34 CMakeFiles/macropad.dir/C_/pico/pico-sdk/src/rp2_common/pico_double/double_v1_rom_shim.S.obj
                0x10004c84                double_table_shim_on_use_helper
 .text.__wrap___aeabi_dsub
                0x10004cb8       0x10 CMakeFiles/macropad.dir/C_/pico/pico-sdk/src/rp2_common/pico_double/double_v1_rom_shim.S.obj
                0x10004cb8                drsub_shim
                0x10004cbe                dsub_shim
 .text.dadd_shim
                0x10004cc8      0x15c CMakeFiles/macropad.dir/C_/pico/pico-sdk/src/rp2_common/pico_double/double_v1_rom_shim.S.obj
                0x10004cc8                dadd_shim
 .text.dmul_shim
                0x10004e24      0x15c CMakeFiles/macropad.dir/C_/pico/pico-sdk/src/rp2_common/pico_double/double_v1_rom_shim.S.obj
                0x10004e24                dmul_shim
 .text.ddiv_shim
                0x10004f80      0x1b0 CMakeFiles/macropad.dir/C_/pico/pico-sdk/src/rp2_common/pico_double/double_v1_rom_shim.S.obj
                0x10004f80                ddiv_shim
 .text.double2uint_shim
                0x10005130        0xe CMakeFiles/macropad.dir/C_/pico/pico-sdk/src/rp2_common/pico_double/double_v1_rom_shim.S.obj
                0x10005130                double2uint_shim
                0x10005132                double2ufix_shim
 *fill*         0x1000513e        0x2 
 .text.double2uint64_shim
                0x10005140       0x70 CMakeFiles/macropad.dir/C_/pico/pico-sdk/src/rp2_common/pico_double/double_v1_rom_shim.S.obj
                0x10005140                double2uint64_shim
                0x10005142                double2ufix64_shim
                0x10005162                d2fix_a
 .text.x2double_shims
                0x100051b0       0x90 CMakeFiles/macropad.dir/C_/pico/pico-sdk/src/rp2_common/pico_double/double_v1_rom_shim.S.obj
                0x100051b0                uint2double_shim
                0x100051b2                ufix2double_shim
                0x100051b8                int2double_shim
                0x100051ba                fix2double_shim
                0x100051c0                uint642double_shim
                0x100051c2                ufix642double_shim
                0x100051c8                int642double_shim
                0x100051ca                fix642double_shim
 .text.dunpacks
                0x10005240       0x3c CMakeFiles/macropad.dir/C_/pico/pico-sdk/src/rp2_common/pico_double/double_v1_rom_shim.S.obj
                0x10005240                dunpacks
 .text.dreduce  0x1000527c       0x82 CMakeFiles/macropad.dir/C_/pico/pico-sdk/src/rp2_common/pico_double/double_v1_rom_shim.S.obj
                0x1000527c                dreduce
 *fill*         0x100052fe        0x2 
 .text.dexp_guts
                0x10005300      0x268 CMakeFiles/macropad.dir/C_/pico/pico-sdk/src/rp2_common/pico_double/double_v1_rom_shim.S.obj
                0x10005300                dexp_shim
                0x1000539c                dln_shim
 .text.__aeabi_lmul
                0x10005568       0x32 CMakeFiles/macropad.dir/C_/pico/pico-sdk/src/rp2_common/pico_int64_ops/pico_int64_ops_aeabi.S.obj
                0x10005568                __wrap___aeabi_lmul
 *fill*         0x1000559a        0x2 
 .text.__aeabi_float_init
                0x1000559c       0xfc CMakeFiles/macropad.dir/C_/pico/pico-sdk/src/rp2_common/pico_float/float_init_rom.c.obj
                0x1000559c                __aeabi_float_init
 .text.float_table_shim_on_use_helper
                0x10005698       0x34 CMakeFiles/macropad.dir/C_/pico/pico-sdk/src/rp2_common/pico_float/float_v1_rom_shim.S.obj
                0x10005698                float_table_shim_on_use_helper
 .text.__wrap_malloc
                0x100056cc       0x24 CMakeFiles/macropad.dir/C_/pico/pico-sdk/src/rp2_common/pico_malloc/pico_malloc.c.obj
                0x100056cc                __wrap_malloc
 .text          0x100056f0       0x10 CMakeFiles/macropad.dir/C_/pico/pico-sdk/src/rp2_common/pico_mem_ops/mem_ops_aeabi.S.obj
                0x100056f0                __aeabi_mem_init
 .text.memset   0x10005700        0xc CMakeFiles/macropad.dir/C_/pico/pico-sdk/src/rp2_common/pico_mem_ops/mem_ops_aeabi.S.obj
                0x10005700                __wrap_memset
 .text.memcpy   0x1000570c        0xc CMakeFiles/macropad.dir/C_/pico/pico-sdk/src/rp2_common/pico_mem_ops/mem_ops_aeabi.S.obj
                0x1000570c                __wrap_memcpy
                0x1000570c                __wrap___aeabi_memcpy
 .text.stdio_out_chars_no_crlf
                0x10005718        0xe CMakeFiles/macropad.dir/C_/pico/pico-sdk/src/rp2_common/pico_stdio/stdio.c.obj
 *fill*         0x10005726        0x2 
 .text.stdio_out_chars_crlf
                0x10005728       0x80 CMakeFiles/macropad.dir/C_/pico/pico-sdk/src/rp2_common/pico_stdio/stdio.c.obj
 .text.stdio_stack_buffer_flush
                0x100057a8       0x44 CMakeFiles/macropad.dir/C_/pico/pico-sdk/src/rp2_common/pico_stdio/stdio.c.obj
 .text.stdio_buffered_printer
                0x100057ec       0x20 CMakeFiles/macropad.dir/C_/pico/pico-sdk/src/rp2_common/pico_stdio/stdio.c.obj
 .text.stdout_serialize_begin
                0x1000580c       0x5c CMakeFiles/macropad.dir/C_/pico/pico-sdk/src/rp2_common/pico_stdio/stdio.c.obj
                0x1000580c                stdout_serialize_begin
 .text.stdout_serialize_end
                0x10005868       0x10 CMakeFiles/macropad.dir/C_/pico/pico-sdk/src/rp2_common/pico_stdio/stdio.c.obj
                0x10005868                stdout_serialize_end
 .text.stdio_put_string
                0x10005878       0x98 CMakeFiles/macropad.dir/C_/pico/pico-sdk/src/rp2_common/pico_stdio/stdio.c.obj
 .text.stdio_set_driver_enabled
                0x10005910       0x2c CMakeFiles/macropad.dir/C_/pico/pico-sdk/src/rp2_common/pico_stdio/stdio.c.obj
                0x10005910                stdio_set_driver_enabled
 .text.stdio_flush
                0x1000593c       0x20 CMakeFiles/macropad.dir/C_/pico/pico-sdk/src/rp2_common/pico_stdio/stdio.c.obj
                0x1000593c                stdio_flush
 .text.__wrap_puts
                0x1000595c       0x1e CMakeFiles/macropad.dir/C_/pico/pico-sdk/src/rp2_common/pico_stdio/stdio.c.obj
                0x1000595c                __wrap_puts
 *fill*         0x1000597a        0x2 
 .text.__wrap_vprintf
                0x1000597c       0x40 CMakeFiles/macropad.dir/C_/pico/pico-sdk/src/rp2_common/pico_stdio/stdio.c.obj
                0x1000597c                __wrap_vprintf
 .text.__wrap_printf
                0x100059bc       0x18 CMakeFiles/macropad.dir/C_/pico/pico-sdk/src/rp2_common/pico_stdio/stdio.c.obj
                0x100059bc                __wrap_printf
 .text.stdio_uart_out_chars
                0x100059d4       0x74 CMakeFiles/macropad.dir/C_/pico/pico-sdk/src/rp2_common/pico_stdio_uart/stdio_uart.c.obj
 .text.stdio_uart_in_chars
                0x10005a48       0x80 CMakeFiles/macropad.dir/C_/pico/pico-sdk/src/rp2_common/pico_stdio_uart/stdio_uart.c.obj
                0x10005a48                stdio_uart_in_chars
 .text.on_uart_rx
                0x10005ac8       0x28 CMakeFiles/macropad.dir/C_/pico/pico-sdk/src/rp2_common/pico_stdio_uart/stdio_uart.c.obj
 .text.stdio_uart_set_chars_available_callback
                0x10005af0       0x8c CMakeFiles/macropad.dir/C_/pico/pico-sdk/src/rp2_common/pico_stdio_uart/stdio_uart.c.obj
 .text.stdio_uart_init_full
                0x10005b7c       0x44 CMakeFiles/macropad.dir/C_/pico/pico-sdk/src/rp2_common/pico_stdio_uart/stdio_uart.c.obj
                0x10005b7c                stdio_uart_init_full
 .text.hw_endpoint_get_by_addr
                0x10005bc0       0x18 CMakeFiles/macropad.dir/C_/pico/pico-sdk/lib/tinyusb/src/portable/raspberrypi/rp2040/dcd_rp2040.c.obj
 .text._hw_endpoint_alloc
                0x10005bd8       0x70 CMakeFiles/macropad.dir/C_/pico/pico-sdk/lib/tinyusb/src/portable/raspberrypi/rp2040/dcd_rp2040.c.obj
 .text.hw_endpoint_init
                0x10005c48       0x88 CMakeFiles/macropad.dir/C_/pico/pico-sdk/lib/tinyusb/src/portable/raspberrypi/rp2040/dcd_rp2040.c.obj
 .text.hw_endpoint_xfer
                0x10005cd0       0x14 CMakeFiles/macropad.dir/C_/pico/pico-sdk/lib/tinyusb/src/portable/raspberrypi/rp2040/dcd_rp2040.c.obj
 .text.dcd_int_enable
                0x10005ce4       0x2c CMakeFiles/macropad.dir/C_/pico/pico-sdk/lib/tinyusb/src/portable/raspberrypi/rp2040/dcd_rp2040.c.obj
                0x10005ce4                dcd_int_enable
 .text.dcd_set_address
                0x10005d10       0x2c CMakeFiles/macropad.dir/C_/pico/pico-sdk/lib/tinyusb/src/portable/raspberrypi/rp2040/dcd_rp2040.c.obj
                0x10005d10                dcd_set_address
 .text.dcd_connect
                0x10005d3c       0x10 CMakeFiles/macropad.dir/C_/pico/pico-sdk/lib/tinyusb/src/portable/raspberrypi/rp2040/dcd_rp2040.c.obj
                0x10005d3c                dcd_connect
 .text.dcd_init
                0x10005d4c       0x80 CMakeFiles/macropad.dir/C_/pico/pico-sdk/lib/tinyusb/src/portable/raspberrypi/rp2040/dcd_rp2040.c.obj
                0x10005d4c                dcd_init
 .text.dcd_edpt0_status_complete
                0x10005dcc       0x1c CMakeFiles/macropad.dir/C_/pico/pico-sdk/lib/tinyusb/src/portable/raspberrypi/rp2040/dcd_rp2040.c.obj
                0x10005dcc                dcd_edpt0_status_complete
 .text.dcd_edpt_open
                0x10005de8       0x40 CMakeFiles/macropad.dir/C_/pico/pico-sdk/lib/tinyusb/src/portable/raspberrypi/rp2040/dcd_rp2040.c.obj
                0x10005de8                dcd_edpt_open
 .text.dcd_edpt_close_all
                0x10005e28        0x8 CMakeFiles/macropad.dir/C_/pico/pico-sdk/lib/tinyusb/src/portable/raspberrypi/rp2040/dcd_rp2040.c.obj
                0x10005e28                dcd_edpt_close_all
 .text.dcd_edpt_xfer
                0x10005e30       0x34 CMakeFiles/macropad.dir/C_/pico/pico-sdk/lib/tinyusb/src/portable/raspberrypi/rp2040/dcd_rp2040.c.obj
                0x10005e30                dcd_edpt_xfer
 .text.dcd_edpt_stall
                0x10005e64       0x2c CMakeFiles/macropad.dir/C_/pico/pico-sdk/lib/tinyusb/src/portable/raspberrypi/rp2040/dcd_rp2040.c.obj
                0x10005e64                dcd_edpt_stall
 .text.dcd_edpt_clear_stall
                0x10005e90       0x20 CMakeFiles/macropad.dir/C_/pico/pico-sdk/lib/tinyusb/src/portable/raspberrypi/rp2040/dcd_rp2040.c.obj
                0x10005e90                dcd_edpt_clear_stall
 .text.rp2040_usb_init
                0x10005eb0       0x4c CMakeFiles/macropad.dir/C_/pico/pico-sdk/lib/tinyusb/src/portable/raspberrypi/rp2040/rp2040_usb.c.obj
                0x10005eb0                rp2040_usb_init
 .text.hw_endpoint_xfer_start
                0x10005efc       0x50 CMakeFiles/macropad.dir/C_/pico/pico-sdk/lib/tinyusb/src/portable/raspberrypi/rp2040/rp2040_usb.c.obj
                0x10005efc                hw_endpoint_xfer_start
 .text.configuration_reset
                0x10005f4c       0x84 CMakeFiles/macropad.dir/C_/pico/pico-sdk/lib/tinyusb/src/device/usbd.c.obj
 .text.usbd_reset
                0x10005fd0        0xc CMakeFiles/macropad.dir/C_/pico/pico-sdk/lib/tinyusb/src/device/usbd.c.obj
 .text.invoke_class_control
                0x10005fdc       0x1a CMakeFiles/macropad.dir/C_/pico/pico-sdk/lib/tinyusb/src/device/usbd.c.obj
 *fill*         0x10005ff6        0x2 
 .text.process_set_config
                0x10005ff8      0x15c CMakeFiles/macropad.dir/C_/pico/pico-sdk/lib/tinyusb/src/device/usbd.c.obj
 .text.process_get_descriptor
                0x10006154       0xdc CMakeFiles/macropad.dir/C_/pico/pico-sdk/lib/tinyusb/src/device/usbd.c.obj
 .text.tud_mounted
                0x10006230       0x10 CMakeFiles/macropad.dir/C_/pico/pico-sdk/lib/tinyusb/src/device/usbd.c.obj
                0x10006230                tud_mounted
 .text.tud_suspended
                0x10006240       0x10 CMakeFiles/macropad.dir/C_/pico/pico-sdk/lib/tinyusb/src/device/usbd.c.obj
                0x10006240                tud_suspended
 .text.tud_inited
                0x10006250       0x14 CMakeFiles/macropad.dir/C_/pico/pico-sdk/lib/tinyusb/src/device/usbd.c.obj
                0x10006250                tud_inited
 .text.tud_init
                0x10006264       0xcc CMakeFiles/macropad.dir/C_/pico/pico-sdk/lib/tinyusb/src/device/usbd.c.obj
                0x10006264                tud_init
 .text.usbd_edpt_open
                0x10006330       0x34 CMakeFiles/macropad.dir/C_/pico/pico-sdk/lib/tinyusb/src/device/usbd.c.obj
                0x10006330                usbd_edpt_open
 .text.usbd_open_edpt_pair
                0x10006364       0x62 CMakeFiles/macropad.dir/C_/pico/pico-sdk/lib/tinyusb/src/device/usbd.c.obj
                0x10006364                usbd_open_edpt_pair
 *fill*         0x100063c6        0x2 
 .text.usbd_edpt_claim
                0x100063c8       0x28 CMakeFiles/macropad.dir/C_/pico/pico-sdk/lib/tinyusb/src/device/usbd.c.obj
                0x100063c8                usbd_edpt_claim
 .text.usbd_edpt_xfer
                0x100063f0       0x78 CMakeFiles/macropad.dir/C_/pico/pico-sdk/lib/tinyusb/src/device/usbd.c.obj
                0x100063f0                usbd_edpt_xfer
 .text.usbd_edpt_busy
                0x10006468       0x1c CMakeFiles/macropad.dir/C_/pico/pico-sdk/lib/tinyusb/src/device/usbd.c.obj
                0x10006468                usbd_edpt_busy
 .text.usbd_edpt_stall
                0x10006484       0x48 CMakeFiles/macropad.dir/C_/pico/pico-sdk/lib/tinyusb/src/device/usbd.c.obj
                0x10006484                usbd_edpt_stall
 .text.usbd_edpt_clear_stall
                0x100064cc       0x48 CMakeFiles/macropad.dir/C_/pico/pico-sdk/lib/tinyusb/src/device/usbd.c.obj
                0x100064cc                usbd_edpt_clear_stall
 .text.usbd_edpt_stalled
                0x10006514       0x1c CMakeFiles/macropad.dir/C_/pico/pico-sdk/lib/tinyusb/src/device/usbd.c.obj
                0x10006514                usbd_edpt_stalled
 .text.process_control_request
                0x10006530      0x37c CMakeFiles/macropad.dir/C_/pico/pico-sdk/lib/tinyusb/src/device/usbd.c.obj
 .text.tud_task_ext
                0x100068ac      0x1b4 CMakeFiles/macropad.dir/C_/pico/pico-sdk/lib/tinyusb/src/device/usbd.c.obj
                0x100068ac                tud_task_ext
 .text._data_stage_xact
                0x10006a60       0x58 CMakeFiles/macropad.dir/C_/pico/pico-sdk/lib/tinyusb/src/device/usbd_control.c.obj
 .text.tud_control_status
                0x10006ab8       0x38 CMakeFiles/macropad.dir/C_/pico/pico-sdk/lib/tinyusb/src/device/usbd_control.c.obj
                0x10006ab8                tud_control_status
 .text.tud_control_xfer
                0x10006af0       0x74 CMakeFiles/macropad.dir/C_/pico/pico-sdk/lib/tinyusb/src/device/usbd_control.c.obj
                0x10006af0                tud_control_xfer
 .text.usbd_control_reset
                0x10006b64       0x14 CMakeFiles/macropad.dir/C_/pico/pico-sdk/lib/tinyusb/src/device/usbd_control.c.obj
                0x10006b64                usbd_control_reset
 .text.usbd_control_set_complete_callback
                0x10006b78        0xc CMakeFiles/macropad.dir/C_/pico/pico-sdk/lib/tinyusb/src/device/usbd_control.c.obj
                0x10006b78                usbd_control_set_complete_callback
 .text.usbd_control_set_request
                0x10006b84       0x1c CMakeFiles/macropad.dir/C_/pico/pico-sdk/lib/tinyusb/src/device/usbd_control.c.obj
                0x10006b84                usbd_control_set_request
 .text.usbd_control_xfer_cb
                0x10006ba0       0xcc CMakeFiles/macropad.dir/C_/pico/pico-sdk/lib/tinyusb/src/device/usbd_control.c.obj
                0x10006ba0                usbd_control_xfer_cb
 .text.tud_hid_n_ready
                0x10006c6c       0x50 CMakeFiles/macropad.dir/C_/pico/pico-sdk/lib/tinyusb/src/class/hid/hid_device.c.obj
                0x10006c6c                tud_hid_n_ready
 .text.tud_hid_n_report
                0x10006cbc       0x84 CMakeFiles/macropad.dir/C_/pico/pico-sdk/lib/tinyusb/src/class/hid/hid_device.c.obj
                0x10006cbc                tud_hid_n_report
 .text.tud_hid_n_keyboard_report
                0x10006d40       0x40 CMakeFiles/macropad.dir/C_/pico/pico-sdk/lib/tinyusb/src/class/hid/hid_device.c.obj
                0x10006d40                tud_hid_n_keyboard_report
 .text.hidd_reset
                0x10006d80       0x14 CMakeFiles/macropad.dir/C_/pico/pico-sdk/lib/tinyusb/src/class/hid/hid_device.c.obj
                0x10006d80                hidd_reset
 .text.hidd_init
                0x10006d94        0xa CMakeFiles/macropad.dir/C_/pico/pico-sdk/lib/tinyusb/src/class/hid/hid_device.c.obj
                0x10006d94                hidd_init
 *fill*         0x10006d9e        0x2 
 .text.hidd_open
                0x10006da0       0xbc CMakeFiles/macropad.dir/C_/pico/pico-sdk/lib/tinyusb/src/class/hid/hid_device.c.obj
                0x10006da0                hidd_open
 .text.hidd_control_xfer_cb
                0x10006e5c      0x278 CMakeFiles/macropad.dir/C_/pico/pico-sdk/lib/tinyusb/src/class/hid/hid_device.c.obj
                0x10006e5c                hidd_control_xfer_cb
 .text.hidd_xfer_cb
                0x100070d4       0x84 CMakeFiles/macropad.dir/C_/pico/pico-sdk/lib/tinyusb/src/class/hid/hid_device.c.obj
                0x100070d4                hidd_xfer_cb
 .text.tusb_init
                0x10007158        0xa CMakeFiles/macropad.dir/C_/pico/pico-sdk/lib/tinyusb/src/tusb.c.obj
                0x10007158                tusb_init
 .text.tusb_inited
                0x10007162        0xe CMakeFiles/macropad.dir/C_/pico/pico-sdk/lib/tinyusb/src/tusb.c.obj
                0x10007162                tusb_inited
 .text.tu_edpt_claim
                0x10007170       0x50 CMakeFiles/macropad.dir/C_/pico/pico-sdk/lib/tinyusb/src/tusb.c.obj
                0x10007170                tu_edpt_claim
 .text.tu_edpt_validate
                0x100071c0       0x78 CMakeFiles/macropad.dir/C_/pico/pico-sdk/lib/tinyusb/src/tusb.c.obj
                0x100071c0                tu_edpt_validate
 .text.tu_edpt_bind_driver
                0x10007238       0x26 CMakeFiles/macropad.dir/C_/pico/pico-sdk/lib/tinyusb/src/tusb.c.obj
                0x10007238                tu_edpt_bind_driver
 .text.advance_index
                0x1000725e       0x1a CMakeFiles/macropad.dir/C_/pico/pico-sdk/lib/tinyusb/src/common/tusb_fifo.c.obj
 .text._tu_fifo_peek
                0x10007278       0x56 CMakeFiles/macropad.dir/C_/pico/pico-sdk/lib/tinyusb/src/common/tusb_fifo.c.obj
 .text.tu_fifo_full
                0x100072ce       0x28 CMakeFiles/macropad.dir/C_/pico/pico-sdk/lib/tinyusb/src/common/tusb_fifo.c.obj
                0x100072ce                tu_fifo_full
 .text.tu_fifo_read
                0x100072f6       0x42 CMakeFiles/macropad.dir/C_/pico/pico-sdk/lib/tinyusb/src/common/tusb_fifo.c.obj
                0x100072f6                tu_fifo_read
 .text.tu_fifo_write
                0x10007338       0x64 CMakeFiles/macropad.dir/C_/pico/pico-sdk/lib/tinyusb/src/common/tusb_fifo.c.obj
                0x10007338                tu_fifo_write
 .text.tu_fifo_clear
                0x1000739c       0x3e CMakeFiles/macropad.dir/C_/pico/pico-sdk/lib/tinyusb/src/common/tusb_fifo.c.obj
                0x1000739c                tu_fifo_clear
 *fill*         0x100073da        0x2 
 .text.board_init
                0x100073dc       0x30 CMakeFiles/macropad.dir/C_/pico/pico-sdk/lib/tinyusb/hw/bsp/rp2040/family.c.obj
                0x100073dc                board_init
 .text.board_button_read
                0x1000740c        0xe CMakeFiles/macropad.dir/C_/pico/pico-sdk/lib/tinyusb/hw/bsp/rp2040/family.c.obj
                0x1000740c                board_button_read
 .text.i2c_write_blocking_internal
                0x1000741a      0x140 CMakeFiles/macropad.dir/C_/pico/pico-sdk/src/rp2_common/hardware_i2c/i2c.c.obj
 *fill*         0x1000755a        0x2 
 .text.i2c_set_baudrate
                0x1000755c       0xf0 CMakeFiles/macropad.dir/C_/pico/pico-sdk/src/rp2_common/hardware_i2c/i2c.c.obj
                0x1000755c                i2c_set_baudrate
 .text.i2c_init
                0x1000764c       0x58 CMakeFiles/macropad.dir/C_/pico/pico-sdk/src/rp2_common/hardware_i2c/i2c.c.obj
                0x1000764c                i2c_init
 .text.i2c_write_blocking
                0x100076a4       0x18 CMakeFiles/macropad.dir/C_/pico/pico-sdk/src/rp2_common/hardware_i2c/i2c.c.obj
                0x100076a4                i2c_write_blocking
 .text.malloc   0x100076bc       0x14 c:/progra~1/raspbe~1/picosd~1.0/gcc-ar~1/bin/../lib/gcc/arm-none-eabi/10.3.1/../../../../arm-none-eabi/lib/thumb/v6-m/nofp\libg.a(lib_a-malloc.o)
                0x100076bc                malloc
 .text._malloc_r
                0x100076d0      0x584 c:/progra~1/raspbe~1/picosd~1.0/gcc-ar~1/bin/../lib/gcc/arm-none-eabi/10.3.1/../../../../arm-none-eabi/lib/thumb/v6-m/nofp\libg.a(lib_a-mallocr.o)
                0x100076d0                _malloc_r
 .text.__malloc_lock
                0x10007c54       0x10 c:/progra~1/raspbe~1/picosd~1.0/gcc-ar~1/bin/../lib/gcc/arm-none-eabi/10.3.1/../../../../arm-none-eabi/lib/thumb/v6-m/nofp\libg.a(lib_a-mlock.o)
                0x10007c54                __malloc_lock
 .text.__malloc_unlock
                0x10007c64       0x10 c:/progra~1/raspbe~1/picosd~1.0/gcc-ar~1/bin/../lib/gcc/arm-none-eabi/10.3.1/../../../../arm-none-eabi/lib/thumb/v6-m/nofp\libg.a(lib_a-mlock.o)
                0x10007c64                __malloc_unlock
 .text._sbrk_r  0x10007c74       0x24 c:/progra~1/raspbe~1/picosd~1.0/gcc-ar~1/bin/../lib/gcc/arm-none-eabi/10.3.1/../../../../arm-none-eabi/lib/thumb/v6-m/nofp\libg.a(lib_a-sbrkr.o)
                0x10007c74                _sbrk_r
 .text.strlen   0x10007c98       0x5c c:/progra~1/raspbe~1/picosd~1.0/gcc-ar~1/bin/../lib/gcc/arm-none-eabi/10.3.1/../../../../arm-none-eabi/lib/thumb/v6-m/nofp\libg.a(lib_a-strlen-stub.o)
                0x10007c98                strlen
 .text._malloc_trim_r
                0x10007cf4       0x9c c:/progra~1/raspbe~1/picosd~1.0/gcc-ar~1/bin/../lib/gcc/arm-none-eabi/10.3.1/../../../../arm-none-eabi/lib/thumb/v6-m/nofp\libg.a(lib_a-freer.o)
                0x10007cf4                _malloc_trim_r
 .text._free_r  0x10007d90      0x1c4 c:/progra~1/raspbe~1/picosd~1.0/gcc-ar~1/bin/../lib/gcc/arm-none-eabi/10.3.1/../../../../arm-none-eabi/lib/thumb/v6-m/nofp\libg.a(lib_a-freer.o)
                0x10007d90                _free_r
 .text.__retarget_lock_acquire_recursive
                0x10007f54        0x4 c:/progra~1/raspbe~1/picosd~1.0/gcc-ar~1/bin/../lib/gcc/arm-none-eabi/10.3.1/../../../../arm-none-eabi/lib/thumb/v6-m/nofp\libg.a(lib_a-lock.o)
                0x10007f54                __retarget_lock_acquire_recursive
 .text.__retarget_lock_release_recursive
                0x10007f58        0x4 c:/progra~1/raspbe~1/picosd~1.0/gcc-ar~1/bin/../lib/gcc/arm-none-eabi/10.3.1/../../../../arm-none-eabi/lib/thumb/v6-m/nofp\libg.a(lib_a-lock.o)
                0x10007f58                __retarget_lock_release_recursive
 *(.fini)
 .fini          0x10007f5c        0x4 c:/progra~1/raspbe~1/picosd~1.0/gcc-ar~1/bin/../lib/gcc/arm-none-eabi/10.3.1/thumb/v6-m/nofp/crti.o
                0x10007f5c                _fini
 .fini.__stub   0x10007f60       0xc0 linker stubs
 *crtbegin.o(.ctors)
 *crtbegin?.o(.ctors)
 *(EXCLUDE_FILE(*crtend.o *crtend?.o) .ctors)
 *(SORT_BY_NAME(.ctors.*))
 *(.ctors)
 *crtbegin.o(.dtors)
 *crtbegin?.o(.dtors)
 *(EXCLUDE_FILE(*crtend.o *crtend?.o) .dtors)
 *(SORT_BY_NAME(.dtors.*))
 *(.dtors)
 *(.eh_frame*)
 .eh_frame      0x10008020        0x0 c:/progra~1/raspbe~1/picosd~1.0/gcc-ar~1/bin/../lib/gcc/arm-none-eabi/10.3.1/thumb/v6-m/nofp/crtbegin.o
                0x10008020                . = ALIGN (0x4)

.glue_7         0x10008020        0x0
 .glue_7        0x10008020        0x0 linker stubs

.glue_7t        0x10008020        0x0
 .glue_7t       0x10008020        0x0 linker stubs

.vfp11_veneer   0x10008020        0x0
 .vfp11_veneer  0x10008020        0x0 linker stubs

.v4_bx          0x10008020        0x0
 .v4_bx         0x10008020        0x0 linker stubs

.iplt           0x10008020        0x0
 .iplt          0x10008020        0x0 c:/progra~1/raspbe~1/picosd~1.0/gcc-ar~1/bin/../lib/gcc/arm-none-eabi/10.3.1/thumb/v6-m/nofp/crtbegin.o

.rodata         0x10008020     0x1524
 *(EXCLUDE_FILE(*libm.a: *libc.a:*lib_a-mem*.o *libgcc.a:) .rodata*)
 .rodata.hid_task.str1.4
                0x10008020       0x57 CMakeFiles/macropad.dir/main.c.obj
 *fill*         0x10008077        0x1 
 .rodata.__func__.1
                0x10008078       0x15 CMakeFiles/macropad.dir/main.c.obj
 *fill*         0x1000808d        0x3 
 .rodata.switch_pins
                0x10008090       0x10 CMakeFiles/macropad.dir/keyboard/keyboard.c.obj
 .rodata.str1.4
                0x100080a0       0x1f CMakeFiles/macropad.dir/usb/usb_descriptors.c.obj
 *fill*         0x100080bf        0x1 
 .rodata.__compound_literal.0
                0x100080c0        0x2 CMakeFiles/macropad.dir/usb/usb_descriptors.c.obj
 *fill*         0x100080c2        0x2 
 .rodata.desc_configuration
                0x100080c4       0x22 CMakeFiles/macropad.dir/usb/usb_descriptors.c.obj
                0x100080c4                desc_configuration
 *fill*         0x100080e6        0x2 
 .rodata.desc_device
                0x100080e8       0x12 CMakeFiles/macropad.dir/usb/usb_descriptors.c.obj
                0x100080e8                desc_device
 *fill*         0x100080fa        0x2 
 .rodata.desc_hid_report
                0x100080fc       0x5c CMakeFiles/macropad.dir/usb/usb_descriptors.c.obj
                0x100080fc                desc_hid_report
 .rodata.str1.4
                0x10008158       0x16 CMakeFiles/macropad.dir/oled/oled.c.obj
 *fill*         0x1000816e        0x2 
 .rodata.ssd1306_init.str1.4
                0x10008170       0x3f CMakeFiles/macropad.dir/oled/ssd1306.c.obj
 *fill*         0x100081af        0x1 
 .rodata.ssd1306_show.str1.4
                0x100081b0        0xd CMakeFiles/macropad.dir/oled/ssd1306.c.obj
 *fill*         0x100081bd        0x3 
 .rodata.font_8x5
                0x100081c0      0x1e0 CMakeFiles/macropad.dir/oled/ssd1306.c.obj
                0x100081c0                font_8x5
 .rodata.spin_lock_claim_unused.str1.4
                0x100083a0       0x1b CMakeFiles/macropad.dir/C_/pico/pico-sdk/src/rp2_common/hardware_sync/sync.c.obj
 *fill*         0x100083bb        0x1 
 .rodata.make_branch.str1.4
                0x100083bc       0x63 CMakeFiles/macropad.dir/C_/pico/pico-sdk/src/rp2_common/hardware_irq/irq.c.obj
 *fill*         0x1000841f        0x1 
 .rodata.insert_branch_and_link.str1.4
                0x10008420       0x10 CMakeFiles/macropad.dir/C_/pico/pico-sdk/src/rp2_common/hardware_irq/irq.c.obj
 .rodata.irq_set_exclusive_handler.str1.4
                0x10008430       0x36 CMakeFiles/macropad.dir/C_/pico/pico-sdk/src/rp2_common/hardware_irq/irq.c.obj
 *fill*         0x10008466        0x2 
 .rodata.irq_add_shared_handler.str1.4
                0x10008468       0xd9 CMakeFiles/macropad.dir/C_/pico/pico-sdk/src/rp2_common/hardware_irq/irq.c.obj
 *fill*         0x10008541        0x3 
 .rodata.irq_remove_handler.str1.4
                0x10008544       0x3a CMakeFiles/macropad.dir/C_/pico/pico-sdk/src/rp2_common/hardware_irq/irq.c.obj
 *fill*         0x1000857e        0x2 
 .rodata.irq_add_tail_to_free_list.str1.4
                0x10008580       0x3a CMakeFiles/macropad.dir/C_/pico/pico-sdk/src/rp2_common/hardware_irq/irq.c.obj
 *fill*         0x100085ba        0x2 
 .rodata.__func__.0
                0x100085bc       0x1a CMakeFiles/macropad.dir/C_/pico/pico-sdk/src/rp2_common/hardware_irq/irq.c.obj
 *fill*         0x100085d6        0x2 
 .rodata.__func__.1
                0x100085d8       0x17 CMakeFiles/macropad.dir/C_/pico/pico-sdk/src/rp2_common/hardware_irq/irq.c.obj
 *fill*         0x100085ef        0x1 
 .rodata.__func__.2
                0x100085f0       0x13 CMakeFiles/macropad.dir/C_/pico/pico-sdk/src/rp2_common/hardware_irq/irq.c.obj
 *fill*         0x10008603        0x1 
 .rodata.__func__.3
                0x10008604        0xc CMakeFiles/macropad.dir/C_/pico/pico-sdk/src/rp2_common/hardware_irq/irq.c.obj
 .rodata.__func__.4
                0x10008610        0xf CMakeFiles/macropad.dir/C_/pico/pico-sdk/src/rp2_common/hardware_irq/irq.c.obj
 *fill*         0x1000861f        0x1 
 .rodata.__func__.5
                0x10008620       0x17 CMakeFiles/macropad.dir/C_/pico/pico-sdk/src/rp2_common/hardware_irq/irq.c.obj
 *fill*         0x10008637        0x1 
 .rodata.__func__.6
                0x10008638       0x1a CMakeFiles/macropad.dir/C_/pico/pico-sdk/src/rp2_common/hardware_irq/irq.c.obj
 *fill*         0x10008652        0x2 
 .rodata.str1.4
                0x10008654       0x81 CMakeFiles/macropad.dir/C_/pico/pico-sdk/src/common/pico_sync/mutex.c.obj
                                 0xd9 (size before relaxing)
 *fill*         0x100086d5        0x3 
 .rodata.__func__.1
                0x100086d8        0xb CMakeFiles/macropad.dir/C_/pico/pico-sdk/src/common/pico_sync/mutex.c.obj
 *fill*         0x100086e3        0x1 
 .rodata.__func__.3
                0x100086e4       0x18 CMakeFiles/macropad.dir/C_/pico/pico-sdk/src/common/pico_sync/mutex.c.obj
 .rodata.__func__.4
                0x100086fc       0x15 CMakeFiles/macropad.dir/C_/pico/pico-sdk/src/common/pico_sync/mutex.c.obj
 *fill*         0x10008711        0x3 
 .rodata.repeating_timer_callback.str1.4
                0x10008714       0x41 CMakeFiles/macropad.dir/C_/pico/pico-sdk/src/common/pico_time/time.c.obj
 *fill*         0x10008755        0x3 
 .rodata.timer_pool_entry_comparator.str1.4
                0x10008758       0x22 CMakeFiles/macropad.dir/C_/pico/pico-sdk/src/common/pico_time/time.c.obj
 *fill*         0x1000877a        0x2 
 .rodata.ph_add_child_node.str1.4
                0x1000877c       0x8a CMakeFiles/macropad.dir/C_/pico/pico-sdk/src/common/pico_time/time.c.obj
 *fill*         0x10008806        0x2 
 .rodata.add_alarm_under_lock.str1.4
                0x10008808       0x28 CMakeFiles/macropad.dir/C_/pico/pico-sdk/src/common/pico_time/time.c.obj
                                 0x2b (size before relaxing)
 .rodata.alarm_pool_alarm_callback.str1.4
                0x10008830       0x98 CMakeFiles/macropad.dir/C_/pico/pico-sdk/src/common/pico_time/time.c.obj
                                 0xf0 (size before relaxing)
 .rodata.alarm_pool_get_default.str1.4
                0x100088c8       0x21 CMakeFiles/macropad.dir/C_/pico/pico-sdk/src/common/pico_time/time.c.obj
 *fill*         0x100088e9        0x3 
 .rodata.alarm_pool_cancel_alarm.str1.4
                0x100088ec       0x27 CMakeFiles/macropad.dir/C_/pico/pico-sdk/src/common/pico_time/time.c.obj
 *fill*         0x10008913        0x1 
 .rodata.__func__.1
                0x10008914       0x18 CMakeFiles/macropad.dir/C_/pico/pico-sdk/src/common/pico_time/time.c.obj
 .rodata.__func__.10
                0x1000892c       0x15 CMakeFiles/macropad.dir/C_/pico/pico-sdk/src/common/pico_time/time.c.obj
 *fill*         0x10008941        0x3 
 .rodata.__func__.11
                0x10008944       0x1a CMakeFiles/macropad.dir/C_/pico/pico-sdk/src/common/pico_time/time.c.obj
 *fill*         0x1000895e        0x2 
 .rodata.__func__.12
                0x10008960        0xa CMakeFiles/macropad.dir/C_/pico/pico-sdk/src/common/pico_time/time.c.obj
 *fill*         0x1000896a        0x2 
 .rodata.__func__.3
                0x1000896c       0x17 CMakeFiles/macropad.dir/C_/pico/pico-sdk/src/common/pico_time/time.c.obj
 *fill*         0x10008983        0x1 
 .rodata.__func__.4
                0x10008984       0x12 CMakeFiles/macropad.dir/C_/pico/pico-sdk/src/common/pico_time/time.c.obj
 *fill*         0x10008996        0x2 
 .rodata.__func__.5
                0x10008998        0xd CMakeFiles/macropad.dir/C_/pico/pico-sdk/src/common/pico_time/time.c.obj
 *fill*         0x100089a5        0x3 
 .rodata.__func__.6
                0x100089a8       0x12 CMakeFiles/macropad.dir/C_/pico/pico-sdk/src/common/pico_time/time.c.obj
 *fill*         0x100089ba        0x2 
 .rodata.__func__.7
                0x100089bc        0xf CMakeFiles/macropad.dir/C_/pico/pico-sdk/src/common/pico_time/time.c.obj
 *fill*         0x100089cb        0x1 
 .rodata.__func__.8
                0x100089cc        0xc CMakeFiles/macropad.dir/C_/pico/pico-sdk/src/common/pico_time/time.c.obj
 .rodata.__func__.9
                0x100089d8       0x15 CMakeFiles/macropad.dir/C_/pico/pico-sdk/src/common/pico_time/time.c.obj
 *fill*         0x100089ed        0x3 
 .rodata.hardware_alarm_claim.str1.4
                0x100089f0       0x22 CMakeFiles/macropad.dir/C_/pico/pico-sdk/src/rp2_common/hardware_timer/timer.c.obj
 *fill*         0x10008a12        0x2 
 .rodata.hardware_alarm_set_target.str1.4
                0x10008a14       0x5b CMakeFiles/macropad.dir/C_/pico/pico-sdk/src/rp2_common/hardware_timer/timer.c.obj
 *fill*         0x10008a6f        0x1 
 .rodata.__func__.0
                0x10008a70       0x1a CMakeFiles/macropad.dir/C_/pico/pico-sdk/src/rp2_common/hardware_timer/timer.c.obj
 .rodata.ph_add_child_node.str1.4
                0x10008a8a       0x8a CMakeFiles/macropad.dir/C_/pico/pico-sdk/src/common/pico_util/pheap.c.obj
 *fill*         0x10008a8a        0x2 
 .rodata.ph_remove_any_head.str1.4
                0x10008a8c       0x84 CMakeFiles/macropad.dir/C_/pico/pico-sdk/src/common/pico_util/pheap.c.obj
                                 0x98 (size before relaxing)
 .rodata.ph_remove_and_free_node.str1.4
                0x10008b10       0x1e CMakeFiles/macropad.dir/C_/pico/pico-sdk/src/common/pico_util/pheap.c.obj
                                 0x26 (size before relaxing)
 *fill*         0x10008b2e        0x2 
 .rodata.__func__.0
                0x10008b30       0x18 CMakeFiles/macropad.dir/C_/pico/pico-sdk/src/common/pico_util/pheap.c.obj
 .rodata.__func__.1
                0x10008b48       0x13 CMakeFiles/macropad.dir/C_/pico/pico-sdk/src/common/pico_util/pheap.c.obj
 *fill*         0x10008b5b        0x1 
 .rodata.__func__.2
                0x10008b5c       0x12 CMakeFiles/macropad.dir/C_/pico/pico-sdk/src/common/pico_util/pheap.c.obj
 *fill*         0x10008b6e        0x2 
 .rodata.__func__.3
                0x10008b70        0xc CMakeFiles/macropad.dir/C_/pico/pico-sdk/src/common/pico_util/pheap.c.obj
 .rodata.clock_configure.str1.4
                0x10008b7c       0x4d CMakeFiles/macropad.dir/C_/pico/pico-sdk/src/rp2_common/hardware_clocks/clocks.c.obj
 *fill*         0x10008bc9        0x3 
 .rodata.__func__.1
                0x10008bcc       0x10 CMakeFiles/macropad.dir/C_/pico/pico-sdk/src/rp2_common/hardware_clocks/clocks.c.obj
 .rodata.pll_init.str1.4
                0x10008bdc      0x117 CMakeFiles/macropad.dir/C_/pico/pico-sdk/src/rp2_common/hardware_pll/pll.c.obj
 *fill*         0x10008cf3        0x1 
 .rodata.__func__.0
                0x10008cf4        0x9 CMakeFiles/macropad.dir/C_/pico/pico-sdk/src/rp2_common/hardware_pll/pll.c.obj
 *fill*         0x10008cfd        0x3 
 .rodata.__assert_func.str1.4
                0x10008d00       0x3f CMakeFiles/macropad.dir/C_/pico/pico-sdk/src/rp2_common/pico_runtime/runtime.c.obj
                                 0x43 (size before relaxing)
 *fill*         0x10008d3f        0x1 
 .rodata.runtime_init.str1.4
                0x10008d40       0x57 CMakeFiles/macropad.dir/C_/pico/pico-sdk/src/rp2_common/pico_runtime/runtime.c.obj
 *fill*         0x10008d97        0x1 
 .rodata.panic.str1.4
                0x10008d98       0x12 CMakeFiles/macropad.dir/C_/pico/pico-sdk/src/rp2_common/pico_runtime/runtime.c.obj
 *fill*         0x10008daa        0x2 
 .rodata.__func__.2
                0x10008dac        0xd CMakeFiles/macropad.dir/C_/pico/pico-sdk/src/rp2_common/pico_runtime/runtime.c.obj
 *fill*         0x10008db9        0x3 
 .rodata._ftoa.str1.4
                0x10008dbc       0x15 CMakeFiles/macropad.dir/C_/pico/pico-sdk/src/rp2_common/pico_printf/printf.c.obj
 *fill*         0x10008dd1        0x3 
 .rodata._vsnprintf
                0x10008dd4      0x1e0 CMakeFiles/macropad.dir/C_/pico/pico-sdk/src/rp2_common/pico_printf/printf.c.obj
 *fill*         0x10008fb4        0x4 
 .rodata.pow10.0
                0x10008fb8       0x50 CMakeFiles/macropad.dir/C_/pico/pico-sdk/src/rp2_common/pico_printf/printf.c.obj
 .rodata.__aeabi_double_init.str1.4
                0x10009008       0x9e CMakeFiles/macropad.dir/C_/pico/pico-sdk/src/rp2_common/pico_double/double_init_rom.c.obj
 *fill*         0x100090a6        0x2 
 .rodata.__func__.0
                0x100090a8       0x14 CMakeFiles/macropad.dir/C_/pico/pico-sdk/src/rp2_common/pico_double/double_init_rom.c.obj
 .rodata.__aeabi_float_init.str1.4
                0x100090bc       0x70 CMakeFiles/macropad.dir/C_/pico/pico-sdk/src/rp2_common/pico_float/float_init_rom.c.obj
                                 0x74 (size before relaxing)
 .rodata.__func__.0
                0x1000912c       0x13 CMakeFiles/macropad.dir/C_/pico/pico-sdk/src/rp2_common/pico_float/float_init_rom.c.obj
 *fill*         0x1000913f        0x1 
 .rodata.__wrap_malloc.str1.4
                0x10009140        0xe CMakeFiles/macropad.dir/C_/pico/pico-sdk/src/rp2_common/pico_malloc/pico_malloc.c.obj
 *fill*         0x1000914e        0x2 
 .rodata.str1.4
                0x10009150       0x40 CMakeFiles/macropad.dir/C_/pico/pico-sdk/src/rp2_common/pico_standard_link/binary_info.c.obj
 .rodata.__bi_44
                0x10009190        0xc CMakeFiles/macropad.dir/C_/pico/pico-sdk/src/rp2_common/pico_standard_link/binary_info.c.obj
 .rodata.__bi_75
                0x1000919c        0xc CMakeFiles/macropad.dir/C_/pico/pico-sdk/src/rp2_common/pico_standard_link/binary_info.c.obj
 .rodata.__bi_81
                0x100091a8        0xc CMakeFiles/macropad.dir/C_/pico/pico-sdk/src/rp2_common/pico_standard_link/binary_info.c.obj
 .rodata.stdout_serialize_begin.str1.4
                0x100091b4       0x57 CMakeFiles/macropad.dir/C_/pico/pico-sdk/src/rp2_common/pico_stdio/stdio.c.obj
 .rodata.__func__.3
                0x100091b4       0x15 CMakeFiles/macropad.dir/C_/pico/pico-sdk/src/rp2_common/pico_stdio/stdio.c.obj
 *fill*         0x100091c9        0x3 
 .rodata.crlf_str.2
                0x100091cc        0x2 CMakeFiles/macropad.dir/C_/pico/pico-sdk/src/rp2_common/pico_stdio/stdio.c.obj
 *fill*         0x100091ce        0x2 
 .rodata._hw_endpoint_alloc.str1.4
                0x100091d0       0xad CMakeFiles/macropad.dir/C_/pico/pico-sdk/lib/tinyusb/src/portable/raspberrypi/rp2040/dcd_rp2040.c.obj
 *fill*         0x1000927d        0x3 
 .rodata.str1.4
                0x10009280       0x14 CMakeFiles/macropad.dir/C_/pico/pico-sdk/lib/tinyusb/src/portable/raspberrypi/rp2040/dcd_rp2040.c.obj
 .rodata.dcd_int_enable.str1.4
                0x10009294        0xc CMakeFiles/macropad.dir/C_/pico/pico-sdk/lib/tinyusb/src/portable/raspberrypi/rp2040/dcd_rp2040.c.obj
 .rodata.__func__.0
                0x100092a0        0xe CMakeFiles/macropad.dir/C_/pico/pico-sdk/lib/tinyusb/src/portable/raspberrypi/rp2040/dcd_rp2040.c.obj
 *fill*         0x100092ae        0x2 
 .rodata.__func__.1
                0x100092b0        0xe CMakeFiles/macropad.dir/C_/pico/pico-sdk/lib/tinyusb/src/portable/raspberrypi/rp2040/dcd_rp2040.c.obj
 *fill*         0x100092be        0x2 
 .rodata.__func__.3
                0x100092c0       0x10 CMakeFiles/macropad.dir/C_/pico/pico-sdk/lib/tinyusb/src/portable/raspberrypi/rp2040/dcd_rp2040.c.obj
 .rodata.__func__.5
                0x100092d0        0xf CMakeFiles/macropad.dir/C_/pico/pico-sdk/lib/tinyusb/src/portable/raspberrypi/rp2040/dcd_rp2040.c.obj
 *fill*         0x100092df        0x1 
 .rodata.__func__.6
                0x100092e0       0x13 CMakeFiles/macropad.dir/C_/pico/pico-sdk/lib/tinyusb/src/portable/raspberrypi/rp2040/dcd_rp2040.c.obj
 *fill*         0x100092f3        0x1 
 .rodata.__func__.7
                0x100092f4        0x9 CMakeFiles/macropad.dir/C_/pico/pico-sdk/lib/tinyusb/src/portable/raspberrypi/rp2040/dcd_rp2040.c.obj
 *fill*         0x100092fd        0x3 
 .rodata.str1.4
                0x10009300       0xdf CMakeFiles/macropad.dir/C_/pico/pico-sdk/lib/tinyusb/src/portable/raspberrypi/rp2040/rp2040_usb.c.obj
 *fill*         0x100093df        0x1 
 .rodata.__func__.0
                0x100093e0        0xf CMakeFiles/macropad.dir/C_/pico/pico-sdk/lib/tinyusb/src/portable/raspberrypi/rp2040/rp2040_usb.c.obj
 *fill*         0x100093ef        0x1 
 .rodata.process_get_descriptor
                0x100093f0       0x40 CMakeFiles/macropad.dir/C_/pico/pico-sdk/lib/tinyusb/src/device/usbd.c.obj
 .rodata.process_control_request
                0x10009430       0x28 CMakeFiles/macropad.dir/C_/pico/pico-sdk/lib/tinyusb/src/device/usbd.c.obj
 .rodata.tud_task_ext
                0x10009458       0x24 CMakeFiles/macropad.dir/C_/pico/pico-sdk/lib/tinyusb/src/device/usbd.c.obj
 .rodata._usbd_driver
                0x1000947c       0x18 CMakeFiles/macropad.dir/C_/pico/pico-sdk/lib/tinyusb/src/device/usbd.c.obj
 .rodata.hidd_control_xfer_cb
                0x10009494       0x30 CMakeFiles/macropad.dir/C_/pico/pico-sdk/lib/tinyusb/src/class/hid/hid_device.c.obj
 .rodata.str1.4
                0x100094c4        0x4 CMakeFiles/macropad.dir/C_/pico/pico-sdk/lib/tinyusb/hw/bsp/rp2040/family.c.obj
 .rodata.__bi_142.0
                0x100094c8        0xc CMakeFiles/macropad.dir/C_/pico/pico-sdk/lib/tinyusb/hw/bsp/rp2040/family.c.obj
 .rodata.__bi_152.1
                0x100094d4        0x8 CMakeFiles/macropad.dir/C_/pico/pico-sdk/lib/tinyusb/hw/bsp/rp2040/family.c.obj
 .rodata.i2c_set_baudrate.str1.4
                0x100094dc       0x53 CMakeFiles/macropad.dir/C_/pico/pico-sdk/src/rp2_common/hardware_i2c/i2c.c.obj
 *fill*         0x1000952f        0x1 
 .rodata.__func__.0
                0x10009530       0x11 CMakeFiles/macropad.dir/C_/pico/pico-sdk/src/rp2_common/hardware_i2c/i2c.c.obj
                0x10009544                . = ALIGN (0x4)
 *fill*         0x10009541        0x3 
 *(SORT_BY_ALIGNMENT(SORT_BY_NAME(.flashdata*)))
                0x10009544                . = ALIGN (0x4)

.rel.dyn        0x10009544        0x0
 .rel.iplt      0x10009544        0x0 c:/progra~1/raspbe~1/picosd~1.0/gcc-ar~1/bin/../lib/gcc/arm-none-eabi/10.3.1/thumb/v6-m/nofp/crtbegin.o

.ARM.extab
 *(.ARM.extab* .gnu.linkonce.armextab.*)
                0x10009544                __exidx_start = .

.ARM.exidx
 *(.ARM.exidx* .gnu.linkonce.armexidx.*)
                0x10009544                __exidx_end = .
                0x10009544                . = ALIGN (0x4)
                0x10009544                __binary_info_start = .

.binary_info    0x10009544       0x24
 *(.binary_info.keep.*)
 .binary_info.keep.__bi_ptr22
                0x10009544        0x4 CMakeFiles/macropad.dir/C_/pico/pico-sdk/src/rp2_common/pico_standard_link/binary_info.c.obj
 .binary_info.keep.__bi_ptr30
                0x10009548        0x4 CMakeFiles/macropad.dir/C_/pico/pico-sdk/src/rp2_common/pico_standard_link/binary_info.c.obj
 .binary_info.keep.__bi_ptr38
                0x1000954c        0x4 CMakeFiles/macropad.dir/C_/pico/pico-sdk/src/rp2_common/pico_standard_link/binary_info.c.obj
 .binary_info.keep.__bi_ptr44
                0x10009550        0x4 CMakeFiles/macropad.dir/C_/pico/pico-sdk/src/rp2_common/pico_standard_link/binary_info.c.obj
 .binary_info.keep.__bi_ptr50
                0x10009554        0x4 CMakeFiles/macropad.dir/C_/pico/pico-sdk/src/rp2_common/pico_standard_link/binary_info.c.obj
 .binary_info.keep.__bi_ptr75
                0x10009558        0x4 CMakeFiles/macropad.dir/C_/pico/pico-sdk/src/rp2_common/pico_standard_link/binary_info.c.obj
 .binary_info.keep.__bi_ptr81
                0x1000955c        0x4 CMakeFiles/macropad.dir/C_/pico/pico-sdk/src/rp2_common/pico_standard_link/binary_info.c.obj
 .binary_info.keep.__bi_ptr142
                0x10009560        0x4 CMakeFiles/macropad.dir/C_/pico/pico-sdk/lib/tinyusb/hw/bsp/rp2040/family.c.obj
 .binary_info.keep.__bi_ptr152
                0x10009564        0x4 CMakeFiles/macropad.dir/C_/pico/pico-sdk/lib/tinyusb/hw/bsp/rp2040/family.c.obj
 *(.binary_info.*)
                0x10009568                __binary_info_end = .
                0x10009568                . = ALIGN (0x4)
                0x10009568                __etext = .

.ram_vector_table
                0x20000000       0xc0
 *(.ram_vector_table)
 .ram_vector_table
                0x20000000       0xc0 CMakeFiles/macropad.dir/C_/pico/pico-sdk/src/rp2_common/pico_runtime/runtime.c.obj
                0x20000000                ram_vector_table

.data           0x200000c0     0x139c load address 0x10009568
                0x200000c0                __data_start__ = .
 *(vtable)
 *(.time_critical*)
 .time_critical.mutex_try_enter
                0x200000c0       0x46 CMakeFiles/macropad.dir/C_/pico/pico-sdk/src/common/pico_sync/mutex.c.obj
                0x200000c0                mutex_try_enter
 *fill*         0x20000106        0x2 
 .time_critical.mutex_enter_block_until
                0x20000108       0x8c CMakeFiles/macropad.dir/C_/pico/pico-sdk/src/common/pico_sync/mutex.c.obj
                0x20000108                mutex_enter_block_until
 .time_critical.mutex_try_enter_block_until
                0x20000194       0x34 CMakeFiles/macropad.dir/C_/pico/pico-sdk/src/common/pico_sync/mutex.c.obj
                0x20000194                mutex_try_enter_block_until
 .time_critical.mutex_enter_timeout_ms
                0x200001c8       0x68 CMakeFiles/macropad.dir/C_/pico/pico-sdk/src/common/pico_sync/mutex.c.obj
                0x200001c8                mutex_enter_timeout_ms
 .time_critical.mutex_exit
                0x20000230       0x4c CMakeFiles/macropad.dir/C_/pico/pico-sdk/src/common/pico_sync/mutex.c.obj
                0x20000230                mutex_exit
 .time_critical.reset_non_control_endpoints
                0x2000027c       0x40 CMakeFiles/macropad.dir/C_/pico/pico-sdk/lib/tinyusb/src/portable/raspberrypi/rp2040/dcd_rp2040.c.obj
 .time_critical.hw_handle_buff_status
                0x200002bc       0xa4 CMakeFiles/macropad.dir/C_/pico/pico-sdk/lib/tinyusb/src/portable/raspberrypi/rp2040/dcd_rp2040.c.obj
 .time_critical.dcd_rp2040_irq
                0x20000360      0x1cc CMakeFiles/macropad.dir/C_/pico/pico-sdk/lib/tinyusb/src/portable/raspberrypi/rp2040/dcd_rp2040.c.obj
 .time_critical.e15_is_bulkin_ep
                0x2000052c       0x2c CMakeFiles/macropad.dir/C_/pico/pico-sdk/lib/tinyusb/src/portable/raspberrypi/rp2040/rp2040_usb.c.obj
 .time_critical.e15_is_critical_frame_period
                0x20000558       0x30 CMakeFiles/macropad.dir/C_/pico/pico-sdk/lib/tinyusb/src/portable/raspberrypi/rp2040/rp2040_usb.c.obj
 .time_critical.prepare_ep_buffer
                0x20000588       0x70 CMakeFiles/macropad.dir/C_/pico/pico-sdk/lib/tinyusb/src/portable/raspberrypi/rp2040/rp2040_usb.c.obj
 .time_critical.sync_ep_buffer
                0x200005f8       0x80 CMakeFiles/macropad.dir/C_/pico/pico-sdk/lib/tinyusb/src/portable/raspberrypi/rp2040/rp2040_usb.c.obj
 .time_critical._hw_endpoint_xfer_sync
                0x20000678       0x28 CMakeFiles/macropad.dir/C_/pico/pico-sdk/lib/tinyusb/src/portable/raspberrypi/rp2040/rp2040_usb.c.obj
 .time_critical.hw_endpoint_reset_transfer
                0x200006a0        0xc CMakeFiles/macropad.dir/C_/pico/pico-sdk/lib/tinyusb/src/portable/raspberrypi/rp2040/rp2040_usb.c.obj
                0x200006a0                hw_endpoint_reset_transfer
 .time_critical._hw_endpoint_buffer_control_update32
                0x200006ac       0x58 CMakeFiles/macropad.dir/C_/pico/pico-sdk/lib/tinyusb/src/portable/raspberrypi/rp2040/rp2040_usb.c.obj
                0x200006ac                _hw_endpoint_buffer_control_update32
 .time_critical.hw_endpoint_start_next_buffer
                0x20000704       0x88 CMakeFiles/macropad.dir/C_/pico/pico-sdk/lib/tinyusb/src/portable/raspberrypi/rp2040/rp2040_usb.c.obj
                0x20000704                hw_endpoint_start_next_buffer
 .time_critical.hw_endpoint_xfer_continue
                0x2000078c       0x50 CMakeFiles/macropad.dir/C_/pico/pico-sdk/lib/tinyusb/src/portable/raspberrypi/rp2040/rp2040_usb.c.obj
                0x2000078c                hw_endpoint_xfer_continue
 .time_critical.tinyusb
                0x200007dc      0x1ec CMakeFiles/macropad.dir/C_/pico/pico-sdk/lib/tinyusb/src/device/usbd.c.obj
                0x200007dc                dcd_event_handler
 .time_critical.get_bootsel_button
                0x200009c8       0x60 CMakeFiles/macropad.dir/C_/pico/pico-sdk/lib/tinyusb/hw/bsp/rp2040/family.c.obj
                0x200009c8                get_bootsel_button
 *(.text*)
 .text          0x20000a28        0x4 c:/progra~1/raspbe~1/picosd~1.0/gcc-ar~1/bin/../lib/gcc/arm-none-eabi/10.3.1/thumb/v6-m/nofp\libgcc.a(_dvmd_tls.o)
                0x20000a28                __aeabi_idiv0
                0x20000a28                __aeabi_ldiv0
 *fill*         0x20000a2c        0x4 
 .text.__stub   0x20000a30       0x90 linker stubs
                0x20000ac0                . = ALIGN (0x4)
 *(.rodata*)
                0x20000ac0                . = ALIGN (0x4)
 *(.data*)
 .data.vscode   0x20000ac0       0x18 CMakeFiles/macropad.dir/keyboard/keyboard.c.obj
                0x20000ac0                vscode
 .data.windows  0x20000ad8       0x18 CMakeFiles/macropad.dir/keyboard/keyboard.c.obj
                0x20000ad8                windows
 .data.string_desc_arr
                0x20000af0       0x10 CMakeFiles/macropad.dir/usb/usb_descriptors.c.obj
                0x20000af0                string_desc_arr
 .data.last_mode.0
                0x20000b00        0x4 CMakeFiles/macropad.dir/oled/oled.c.obj
 .data.mode_name
                0x20000b04        0xc CMakeFiles/macropad.dir/oled/oled.c.obj
                0x20000b04                mode_name
 .data.striped_spin_lock_num
                0x20000b10        0x1 CMakeFiles/macropad.dir/C_/pico/pico-sdk/src/rp2_common/hardware_sync/sync.c.obj
 *fill*         0x20000b11        0x3 
 .data          0x20000b14       0x48 CMakeFiles/macropad.dir/C_/pico/pico-sdk/src/rp2_common/hardware_irq/irq_handler_chain.S.obj
                0x20000b14                irq_handler_chain_slots
                0x20000b44                irq_handler_chain_first_slot
                0x20000b4e                irq_handler_chain_remove_tail
 .data.default_alarm_pool
                0x20000b5c       0x18 CMakeFiles/macropad.dir/C_/pico/pico-sdk/src/common/pico_time/time.c.obj
 .data.default_alarm_pool_heap
                0x20000b74       0x10 CMakeFiles/macropad.dir/C_/pico/pico-sdk/src/common/pico_time/time.c.obj
 *fill*         0x20000b84        0xc 
 .data.aeabi_bits_funcs
                0x20000b90       0x10 CMakeFiles/macropad.dir/C_/pico/pico-sdk/src/rp2_common/pico_bit_ops/bit_ops_aeabi.S.obj
                0x20000b90                aeabi_bits_funcs
                0x20000ba0                aeabi_bits_funcs_end
 .data.aeabi_mem_funcs
                0x20000ba0       0x10 CMakeFiles/macropad.dir/C_/pico/pico-sdk/src/rp2_common/pico_mem_ops/mem_ops_aeabi.S.obj
                0x20000ba0                aeabi_mem_funcs
                0x20000bb0                aeabi_mem_funcs_end
 .data.stdio_uart
                0x20000bb0       0x18 CMakeFiles/macropad.dir/C_/pico/pico-sdk/src/rp2_common/pico_stdio_uart/stdio_uart.c.obj
                0x20000bb0                stdio_uart
 .data.ep_dir_string
                0x20000bc8        0x8 CMakeFiles/macropad.dir/C_/pico/pico-sdk/lib/tinyusb/src/portable/raspberrypi/rp2040/rp2040_usb.c.obj
                0x20000bc8                ep_dir_string
 .data._usbd_qdef
                0x20000bd0       0x1c CMakeFiles/macropad.dir/C_/pico/pico-sdk/lib/tinyusb/src/device/usbd.c.obj
                0x20000bd0                _usbd_qdef
 .data._usbd_rhport
                0x20000bec        0x1 CMakeFiles/macropad.dir/C_/pico/pico-sdk/lib/tinyusb/src/device/usbd.c.obj
 *fill*         0x20000bed        0x3 
 .data.i2c0_inst
                0x20000bf0        0x8 CMakeFiles/macropad.dir/C_/pico/pico-sdk/src/rp2_common/hardware_i2c/i2c.c.obj
                0x20000bf0                i2c0_inst
 .data.i2c1_inst
                0x20000bf8        0x8 CMakeFiles/macropad.dir/C_/pico/pico-sdk/src/rp2_common/hardware_i2c/i2c.c.obj
                0x20000bf8                i2c1_inst
 .data._impure_ptr
                0x20000c00        0x4 c:/progra~1/raspbe~1/picosd~1.0/gcc-ar~1/bin/../lib/gcc/arm-none-eabi/10.3.1/../../../../arm-none-eabi/lib/thumb/v6-m/nofp\libg.a(lib_a-impure.o)
                0x20000c00                _impure_ptr
 *fill*         0x20000c04        0x4 
 .data.impure_data
                0x20000c08      0x428 c:/progra~1/raspbe~1/picosd~1.0/gcc-ar~1/bin/../lib/gcc/arm-none-eabi/10.3.1/../../../../arm-none-eabi/lib/thumb/v6-m/nofp\libg.a(lib_a-impure.o)
 .data.__malloc_av_
                0x20001030      0x408 c:/progra~1/raspbe~1/picosd~1.0/gcc-ar~1/bin/../lib/gcc/arm-none-eabi/10.3.1/../../../../arm-none-eabi/lib/thumb/v6-m/nofp\libg.a(lib_a-mallocr.o)
                0x20001030                __malloc_av_
 .data.__malloc_sbrk_base
                0x20001438        0x4 c:/progra~1/raspbe~1/picosd~1.0/gcc-ar~1/bin/../lib/gcc/arm-none-eabi/10.3.1/../../../../arm-none-eabi/lib/thumb/v6-m/nofp\libg.a(lib_a-mallocr.o)
                0x20001438                __malloc_sbrk_base
 .data.__malloc_trim_threshold
                0x2000143c        0x4 c:/progra~1/raspbe~1/picosd~1.0/gcc-ar~1/bin/../lib/gcc/arm-none-eabi/10.3.1/../../../../arm-none-eabi/lib/thumb/v6-m/nofp\libg.a(lib_a-mallocr.o)
                0x2000143c                __malloc_trim_threshold
                0x20001440                . = ALIGN (0x4)
 *(.after_data.*)
                0x20001440                . = ALIGN (0x4)
                0x20001440                PROVIDE (__mutex_array_start = .)
 *(SORT_BY_NAME(.mutex_array.*))
 *(.mutex_array)
 .mutex_array   0x20001440        0x8 CMakeFiles/macropad.dir/C_/pico/pico-sdk/src/rp2_common/pico_stdio/stdio.c.obj
                0x20001448                PROVIDE (__mutex_array_end = .)
                0x20001448                . = ALIGN (0x4)
                0x20001448                PROVIDE (__preinit_array_start = .)
 *(SORT_BY_NAME(.preinit_array.*))
 .preinit_array.00001
                0x20001448        0x4 CMakeFiles/macropad.dir/C_/pico/pico-sdk/src/rp2_common/pico_mem_ops/mem_ops_aeabi.S.obj
 .preinit_array.00010
                0x2000144c        0x4 CMakeFiles/macropad.dir/C_/pico/pico-sdk/src/rp2_common/pico_bit_ops/bit_ops_aeabi.S.obj
 .preinit_array.00020
                0x20001450        0x4 CMakeFiles/macropad.dir/C_/pico/pico-sdk/src/rp2_common/pico_double/double_aeabi.S.obj
 .preinit_array.00020
                0x20001454        0x4 CMakeFiles/macropad.dir/C_/pico/pico-sdk/src/rp2_common/pico_float/float_aeabi.S.obj
 *(.preinit_array)
                0x20001458                PROVIDE (__preinit_array_end = .)
                0x20001458                . = ALIGN (0x4)
                0x20001458                PROVIDE (__init_array_start = .)
 *(SORT_BY_NAME(.init_array.*))
 *(.init_array)
 .init_array    0x20001458        0x4 c:/progra~1/raspbe~1/picosd~1.0/gcc-ar~1/bin/../lib/gcc/arm-none-eabi/10.3.1/thumb/v6-m/nofp/crtbegin.o
                0x2000145c                PROVIDE (__init_array_end = .)
                0x2000145c                . = ALIGN (0x4)
                [!provide]                PROVIDE (__fini_array_start = .)
 *(SORT_BY_NAME(.fini_array.*))
 *(.fini_array)
                [!provide]                PROVIDE (__fini_array_end = .)
 *(.jcr)
                0x2000145c                . = ALIGN (0x4)
                0x2000145c                __data_end__ = .

.igot.plt       0x2000145c        0x0 load address 0x1000a904
 .igot.plt      0x2000145c        0x0 c:/progra~1/raspbe~1/picosd~1.0/gcc-ar~1/bin/../lib/gcc/arm-none-eabi/10.3.1/thumb/v6-m/nofp/crtbegin.o

.uninitialized_data
                0x2000145c        0x0 load address 0x1000a904
                0x2000145c                . = ALIGN (0x4)
 *(.uninitialized_data*)

.scratch_x      0x20040000        0x0 load address 0x1000a904
                0x20040000                __scratch_x_start__ = .
 *(.scratch_x.*)
                0x20040000                . = ALIGN (0x4)
                0x20040000                __scratch_x_end__ = .
                0x1000a904                __scratch_x_source__ = LOADADDR (.scratch_x)

.scratch_y      0x20041000        0x0 load address 0x1000a904
                0x20041000                __scratch_y_start__ = .
 *(.scratch_y.*)
                0x20041000                . = ALIGN (0x4)
                0x20041000                __scratch_y_end__ = .
                0x1000a904                __scratch_y_source__ = LOADADDR (.scratch_y)

.bss            0x20001460      0xa70
                0x20001460                . = ALIGN (0x4)
                0x20001460                __bss_start__ = .
 *(SORT_BY_ALIGNMENT(SORT_BY_NAME(.bss*)))
 .bss.default_alarm_pool_entries
                0x20001460      0x100 CMakeFiles/macropad.dir/C_/pico/pico-sdk/src/common/pico_time/time.c.obj
 .bss           0x20001560       0x1c c:/progra~1/raspbe~1/picosd~1.0/gcc-ar~1/bin/../lib/gcc/arm-none-eabi/10.3.1/thumb/v6-m/nofp/crtbegin.o
 .bss.__lock___malloc_recursive_mutex
                0x2000157c        0x1 c:/progra~1/raspbe~1/picosd~1.0/gcc-ar~1/bin/../lib/gcc/arm-none-eabi/10.3.1/../../../../arm-none-eabi/lib/thumb/v6-m/nofp\libg.a(lib_a-lock.o)
                0x2000157c                __lock___malloc_recursive_mutex
 *fill*         0x2000157d        0x3 
 .bss.__malloc_current_mallinfo
                0x20001580       0x28 c:/progra~1/raspbe~1/picosd~1.0/gcc-ar~1/bin/../lib/gcc/arm-none-eabi/10.3.1/../../../../arm-none-eabi/lib/thumb/v6-m/nofp\libg.a(lib_a-mallocr.o)
                0x20001580                __malloc_current_mallinfo
 .bss.__malloc_max_sbrked_mem
                0x200015a8        0x4 c:/progra~1/raspbe~1/picosd~1.0/gcc-ar~1/bin/../lib/gcc/arm-none-eabi/10.3.1/../../../../arm-none-eabi/lib/thumb/v6-m/nofp\libg.a(lib_a-mallocr.o)
                0x200015a8                __malloc_max_sbrked_mem
 .bss.__malloc_max_total_mem
                0x200015ac        0x4 c:/progra~1/raspbe~1/picosd~1.0/gcc-ar~1/bin/../lib/gcc/arm-none-eabi/10.3.1/../../../../arm-none-eabi/lib/thumb/v6-m/nofp\libg.a(lib_a-mallocr.o)
                0x200015ac                __malloc_max_total_mem
 .bss.__malloc_top_pad
                0x200015b0        0x4 c:/progra~1/raspbe~1/picosd~1.0/gcc-ar~1/bin/../lib/gcc/arm-none-eabi/10.3.1/../../../../arm-none-eabi/lib/thumb/v6-m/nofp\libg.a(lib_a-mallocr.o)
                0x200015b0                __malloc_top_pad
 .bss._app_driver
                0x200015b4        0x4 CMakeFiles/macropad.dir/C_/pico/pico-sdk/lib/tinyusb/src/device/usbd.c.obj
 .bss._ctrl_xfer
                0x200015b8       0x14 CMakeFiles/macropad.dir/C_/pico/pico-sdk/lib/tinyusb/src/device/usbd_control.c.obj
 .bss._desc_str
                0x200015cc       0x40 CMakeFiles/macropad.dir/usb/usb_descriptors.c.obj
 .bss._hidd_itf
                0x2000160c       0x2c CMakeFiles/macropad.dir/C_/pico/pico-sdk/lib/tinyusb/src/class/hid/hid_device.c.obj
 .bss._ubsd_mutexdef
                0x20001638        0x8 CMakeFiles/macropad.dir/C_/pico/pico-sdk/lib/tinyusb/src/device/usbd.c.obj
 .bss._usbd_ctrl_buf
                0x20001640       0x40 CMakeFiles/macropad.dir/C_/pico/pico-sdk/lib/tinyusb/src/device/usbd_control.c.obj
 .bss._usbd_dev
                0x20001680       0x53 CMakeFiles/macropad.dir/C_/pico/pico-sdk/lib/tinyusb/src/device/usbd.c.obj
 *fill*         0x200016d3        0x1 
 .bss._usbd_mutex
                0x200016d4        0x4 CMakeFiles/macropad.dir/C_/pico/pico-sdk/lib/tinyusb/src/device/usbd.c.obj
 .bss._usbd_q   0x200016d8        0x4 CMakeFiles/macropad.dir/C_/pico/pico-sdk/lib/tinyusb/src/device/usbd.c.obj
 .bss._usbd_qdef_buf
                0x200016dc       0xc0 CMakeFiles/macropad.dir/C_/pico/pico-sdk/lib/tinyusb/src/device/usbd.c.obj
                0x200016dc                _usbd_qdef_buf
 .bss.alarm_callbacks
                0x2000179c       0x10 CMakeFiles/macropad.dir/C_/pico/pico-sdk/src/rp2_common/hardware_timer/timer.c.obj
 .bss.chars_available_callback
                0x200017ac        0x4 CMakeFiles/macropad.dir/C_/pico/pico-sdk/src/rp2_common/pico_stdio_uart/stdio_uart.c.obj
 .bss.chars_available_param
                0x200017b0        0x4 CMakeFiles/macropad.dir/C_/pico/pico-sdk/src/rp2_common/pico_stdio_uart/stdio_uart.c.obj
 .bss.claimed   0x200017b4        0x4 CMakeFiles/macropad.dir/C_/pico/pico-sdk/src/rp2_common/hardware_sync/sync.c.obj
 .bss.configured_freq
                0x200017b8       0x28 CMakeFiles/macropad.dir/C_/pico/pico-sdk/src/rp2_common/hardware_clocks/clocks.c.obj
 .bss.default_alarm_pool_entry_ids_high
                0x200017e0       0x10 CMakeFiles/macropad.dir/C_/pico/pico-sdk/src/common/pico_time/time.c.obj
 .bss.default_alarm_pool_heap_nodes
                0x200017f0       0x30 CMakeFiles/macropad.dir/C_/pico/pico-sdk/src/common/pico_time/time.c.obj