Archive member included to satisfy reference by file (symbol)

c:/progra~2/gnuarm~1/102021~1.10/bin/../lib/gcc/arm-none-eabi/10.3.1/thumb/v6-m/nofp\libgcc.a(_dvmd_tls.o)
                              CMakeFiles/macropad.dir/C_/pico/pico-sdk/src/rp2_common/pico_divider/divider.S.obj (__aeabi_idiv0)
c:/progra~2/gnuarm~1/102021~1.10/bin/../lib/gcc/arm-none-eabi/10.3.1/../../../../arm-none-eabi/lib/thumb/v6-m/nofp\libg.a(lib_a-calloc.o)
                              CMakeFiles/macropad.dir/C_/pico/pico-sdk/src/rp2_common/pico_malloc/pico_malloc.c.obj (calloc)
c:/progra~2/gnuarm~1/102021~1.10/bin/../lib/gcc/arm-none-eabi/10.3.1/../../../../arm-none-eabi/lib/thumb/v6-m/nofp\libg.a(lib_a-callocr.o)
                              c:/progra~2/gnuarm~1/102021~1.10/bin/../lib/gcc/arm-none-eabi/10.3.1/../../../../arm-none-eabi/lib/thumb/v6-m/nofp\libg.a(lib_a-calloc.o) (_calloc_r)
c:/progra~2/gnuarm~1/102021~1.10/bin/../lib/gcc/arm-none-eabi/10.3.1/../../../../arm-none-eabi/lib/thumb/v6-m/nofp\libg.a(lib_a-ctype_.o)
                              CMakeFiles/macropad.dir/C_/pico/pico-sdk/lib/tinyusb/src/tusb.c.obj (_ctype_)
c:/progra~2/gnuarm~1/102021~1.10/bin/../lib/gcc/arm-none-eabi/10.3.1/../../../../arm-none-eabi/lib/thumb/v6-m/nofp\libg.a(lib_a-errno.o)
                              c:/progra~2/gnuarm~1/102021~1.10/bin/../lib/gcc/arm-none-eabi/10.3.1/../../../../arm-none-eabi/lib/thumb/v6-m/nofp\libg.a(lib_a-callocr.o) (__errno)
c:/progra~2/gnuarm~1/102021~1.10/bin/../lib/gcc/arm-none-eabi/10.3.1/../../../../arm-none-eabi/lib/thumb/v6-m/nofp\libg.a(lib_a-impure.o)
                              c:/progra~2/gnuarm~1/102021~1.10/bin/../lib/gcc/arm-none-eabi/10.3.1/../../../../arm-none-eabi/lib/thumb/v6-m/nofp\libg.a(lib_a-calloc.o) (_impure_ptr)
c:/progra~2/gnuarm~1/102021~1.10/bin/../lib/gcc/arm-none-eabi/10.3.1/../../../../arm-none-eabi/lib/thumb/v6-m/nofp\libg.a(lib_a-init.o)
                              c:/progra~2/gnuarm~1/102021~1.10/bin/../lib/gcc/arm-none-eabi/10.3.1/../../../../arm-none-eabi/lib/thumb/v6-m/nofp/crt0.o (__libc_init_array)
c:/progra~2/gnuarm~1/102021~1.10/bin/../lib/gcc/arm-none-eabi/10.3.1/../../../../arm-none-eabi/lib/thumb/v6-m/nofp\libg.a(lib_a-malloc.o)
                              CMakeFiles/macropad.dir/C_/pico/pico-sdk/src/rp2_common/pico_malloc/pico_malloc.c.obj (malloc)
c:/progra~2/gnuarm~1/102021~1.10/bin/../lib/gcc/arm-none-eabi/10.3.1/../../../../arm-none-eabi/lib/thumb/v6-m/nofp\libg.a(lib_a-mallocr.o)
                              c:/progra~2/gnuarm~1/102021~1.10/bin/../lib/gcc/arm-none-eabi/10.3.1/../../../../arm-none-eabi/lib/thumb/v6-m/nofp\libg.a(lib_a-callocr.o) (_malloc_r)
c:/progra~2/gnuarm~1/102021~1.10/bin/../lib/gcc/arm-none-eabi/10.3.1/../../../../arm-none-eabi/lib/thumb/v6-m/nofp\libg.a(lib_a-mlock.o)
                              c:/progra~2/gnuarm~1/102021~1.10/bin/../lib/gcc/arm-none-eabi/10.3.1/../../../../arm-none-eabi/lib/thumb/v6-m/nofp\libg.a(lib_a-mallocr.o) (__malloc_lock)
c:/progra~2/gnuarm~1/102021~1.10/bin/../lib/gcc/arm-none-eabi/10.3.1/../../../../arm-none-eabi/lib/thumb/v6-m/nofp\libg.a(lib_a-realloc.o)
                              CMakeFiles/macropad.dir/C_/pico/pico-sdk/src/rp2_common/pico_malloc/pico_malloc.c.obj (realloc)
c:/progra~2/gnuarm~1/102021~1.10/bin/../lib/gcc/arm-none-eabi/10.3.1/../../../../arm-none-eabi/lib/thumb/v6-m/nofp\libg.a(lib_a-reallocr.o)
                              c:/progra~2/gnuarm~1/102021~1.10/bin/../lib/gcc/arm-none-eabi/10.3.1/../../../../arm-none-eabi/lib/thumb/v6-m/nofp\libg.a(lib_a-realloc.o) (_realloc_r)
c:/progra~2/gnuarm~1/102021~1.10/bin/../lib/gcc/arm-none-eabi/10.3.1/../../../../arm-none-eabi/lib/thumb/v6-m/nofp\libg.a(lib_a-sbrkr.o)
                              c:/progra~2/gnuarm~1/102021~1.10/bin/../lib/gcc/arm-none-eabi/10.3.1/../../../../arm-none-eabi/lib/thumb/v6-m/nofp\libg.a(lib_a-mallocr.o) (_sbrk_r)
c:/progra~2/gnuarm~1/102021~1.10/bin/../lib/gcc/arm-none-eabi/10.3.1/../../../../arm-none-eabi/lib/thumb/v6-m/nofp\libg.a(lib_a-strlen-stub.o)
                              CMakeFiles/macropad.dir/usb_descriptors.c.obj (strlen)
c:/progra~2/gnuarm~1/102021~1.10/bin/../lib/gcc/arm-none-eabi/10.3.1/../../../../arm-none-eabi/lib/thumb/v6-m/nofp\libg.a(lib_a-freer.o)
                              c:/progra~2/gnuarm~1/102021~1.10/bin/../lib/gcc/arm-none-eabi/10.3.1/../../../../arm-none-eabi/lib/thumb/v6-m/nofp\libg.a(lib_a-malloc.o) (_free_r)
c:/progra~2/gnuarm~1/102021~1.10/bin/../lib/gcc/arm-none-eabi/10.3.1/../../../../arm-none-eabi/lib/thumb/v6-m/nofp\libg.a(lib_a-lock.o)
                              c:/progra~2/gnuarm~1/102021~1.10/bin/../lib/gcc/arm-none-eabi/10.3.1/../../../../arm-none-eabi/lib/thumb/v6-m/nofp\libg.a(lib_a-mlock.o) (__retarget_lock_acquire_recursive)
c:/progra~2/gnuarm~1/102021~1.10/bin/../lib/gcc/arm-none-eabi/10.3.1/../../../../arm-none-eabi/lib/thumb/v6-m/nofp\libg.a(lib_a-memmove.o)
[...]
Memory Configuration

Name             Origin             Length             Attributes
FLASH            0x10000000         0x00200000         xr
RAM              0x20000000         0x00040000         xrw
SCRATCH_X        0x20040000         0x00001000         xrw
SCRATCH_Y        0x20041000         0x00001000         xrw
*default*        0x00000000         0xffffffff

Linker script and memory map

LOAD c:/progra~2/gnuarm~1/102021~1.10/bin/../lib/gcc/arm-none-eabi/10.3.1/thumb/v6-m/nofp/crti.o
LOAD c:/progra~2/gnuarm~1/102021~1.10/bin/../lib/gcc/arm-none-eabi/10.3.1/thumb/v6-m/nofp/crtbegin.o
LOAD c:/progra~2/gnuarm~1/102021~1.10/bin/../lib/gcc/arm-none-eabi/10.3.1/../../../../arm-none-eabi/lib/thumb/v6-m/nofp/crt0.o

.flash_begin    0x10000000        0x0
                0x10000000                __flash_binary_start = .

.boot2          0x10000000      0x100
                0x10000000                __boot2_start__ = .
 *(.boot2)
 .boot2         0x10000000      0x100 C:\Users\Nano\AppData\Local\Temp\cc2TR4Pw.o
                0x10000100                __boot2_end__ = .
                0x00000001                ASSERT (((__boot2_end__ - __boot2_start__) == 0x100), ERROR: Pico second stage bootloader must be 256 bytes in size)

.text           0x10000100     0x74a0
                0x10000100                __logical_binary_start = .
 *(.vectors)
 .vectors       0x10000100       0xd4 CMakeFiles/macropad.dir/C_/pico/pico-sdk/src/rp2_common/pico_standard_link/crt0.S.obj
                0x10000100                __VECTOR_TABLE
                0x10000100                __vectors
                0x100001c0                isr_invalid
                0x100001c0                __default_isrs_start
                0x100001c2                isr_nmi
                0x100001c4                isr_hardfault
                0x100001c6                isr_svcall
                0x100001c8                isr_pendsv
                0x100001ca                isr_systick
                0x100001cc                isr_irq23
                0x100001cc                isr_irq18
                0x100001cc                isr_irq11
                0x100001cc                isr_irq28
                0x100001cc                isr_irq19
                0x100001cc                isr_irq0
                0x100001cc                isr_irq6
                0x100001cc                isr_irq5
                0x100001cc                isr_irq12
                0x100001cc                isr_irq22
                0x100001cc                isr_irq31
                0x100001cc                isr_irq17
                0x100001cc                isr_irq27
                0x100001cc                isr_irq30
                0x100001cc                isr_irq2
                0x100001cc                isr_irq10
                0x100001cc                isr_irq8
                0x100001cc                isr_irq24
                0x100001cc                isr_irq1
                0x100001cc                isr_irq7
                0x100001cc                isr_irq21
                0x100001cc                isr_irq20
                0x100001cc                isr_irq15
                0x100001cc                isr_irq25
                0x100001cc                isr_irq13
                0x100001cc                __unhandled_user_irq
                0x100001cc                isr_irq4
                0x100001cc                isr_irq16
                0x100001cc                isr_irq29
                0x100001cc                isr_irq26
                0x100001cc                __default_isrs_end
                0x100001cc                isr_irq3
                0x100001cc                isr_irq14
                0x100001cc                isr_irq9
                0x100001d2                unhandled_user_irq_num_in_r0
 *(.binary_info_header)
 .binary_info_header
                0x100001d4       0x14 CMakeFiles/macropad.dir/C_/pico/pico-sdk/src/rp2_common/pico_standard_link/crt0.S.obj
                0x100001e8                __binary_info_header_end = .
 *(.reset)
 .reset         0x100001e8       0xa8 CMakeFiles/macropad.dir/C_/pico/pico-sdk/src/rp2_common/pico_standard_link/crt0.S.obj
                0x100001e8                _entry_point
                0x10000266                __get_current_exception
 .reset         0x10000290       0x30 CMakeFiles/macropad.dir/C_/pico/pico-sdk/src/rp2_common/pico_standard_link/binary_info.c.obj
 *(.init)
 .init          0x100002c0        0x4 c:/progra~2/gnuarm~1/102021~1.10/bin/../lib/gcc/arm-none-eabi/10.3.1/thumb/v6-m/nofp/crti.o
                0x100002c0                _init
 *(EXCLUDE_FILE(*libm.a: *libc.a:*lib_a-mem*.o *libgcc.a:) .text*)
 .text          0x100002c4       0x48 c:/progra~2/gnuarm~1/102021~1.10/bin/../lib/gcc/arm-none-eabi/10.3.1/thumb/v6-m/nofp/crtbegin.o
 .text.send_hid_report
                0x1000030c       0x74 CMakeFiles/macropad.dir/main.c.obj
 .text.tud_suspend_cb
                0x10000380        0x2 CMakeFiles/macropad.dir/main.c.obj
                0x10000380                tud_suspend_cb
 .text.tud_resume_cb
                0x10000382        0x2 CMakeFiles/macropad.dir/main.c.obj
                0x10000382                tud_resume_cb
 .text.hid_task
                0x10000384       0x5c CMakeFiles/macropad.dir/main.c.obj
                0x10000384                hid_task
 .text.main     0x100003e0       0x18 CMakeFiles/macropad.dir/main.c.obj
                0x100003e0                main
 .text.tud_hid_report_complete_cb
                0x100003f8       0x1c CMakeFiles/macropad.dir/main.c.obj
                0x100003f8                tud_hid_report_complete_cb
 .text.tud_hid_get_report_cb
                0x10000414        0x4 CMakeFiles/macropad.dir/main.c.obj
                0x10000414                tud_hid_get_report_cb
 .text.tud_hid_set_report_cb
                0x10000418        0x2 CMakeFiles/macropad.dir/main.c.obj
                0x10000418                tud_hid_set_report_cb
 *fill*         0x1000041a        0x2 
 .text.tud_descriptor_device_cb
                0x1000041c        0x8 CMakeFiles/macropad.dir/usb_descriptors.c.obj
                0x1000041c                tud_descriptor_device_cb
 .text.tud_hid_descriptor_report_cb
                0x10000424        0x8 CMakeFiles/macropad.dir/usb_descriptors.c.obj
                0x10000424                tud_hid_descriptor_report_cb
 .text.tud_descriptor_configuration_cb
                0x1000042c        0x8 CMakeFiles/macropad.dir/usb_descriptors.c.obj
                0x1000042c                tud_descriptor_configuration_cb
 .text.tud_descriptor_string_cb
                0x10000434       0x60 CMakeFiles/macropad.dir/usb_descriptors.c.obj
                0x10000434                tud_descriptor_string_cb
 .text.keyboard_init
                0x10000494       0x6c CMakeFiles/macropad.dir/keyboard.c.obj
                0x10000494                keyboard_init
 .text.button_state
                0x10000500       0x34 CMakeFiles/macropad.dir/keyboard.c.obj
                0x10000500                button_state
 .text.read_mode
                0x10000534       0xd8 CMakeFiles/macropad.dir/keyboard.c.obj
                0x10000534                read_mode
 .text.set_keycode
                0x1000060c       0x1c CMakeFiles/macropad.dir/keyboard.c.obj
                0x1000060c                set_keycode
 .text.gpio_set_function
                0x10000628       0x30 CMakeFiles/macropad.dir/C_/pico/pico-sdk/src/rp2_common/hardware_gpio/gpio.c.obj
                0x10000628                gpio_set_function
 .text.gpio_set_pulls
                0x10000658       0x34 CMakeFiles/macropad.dir/C_/pico/pico-sdk/src/rp2_common/hardware_gpio/gpio.c.obj
                0x10000658                gpio_set_pulls
 .text.gpio_init
                0x1000068c       0x16 CMakeFiles/macropad.dir/C_/pico/pico-sdk/src/rp2_common/hardware_gpio/gpio.c.obj
                0x1000068c                gpio_init
 *fill*         0x100006a2        0x2 
 .text.hw_claim_lock
                0x100006a4       0x18 CMakeFiles/macropad.dir/C_/pico/pico-sdk/src/rp2_common/hardware_claim/claim.c.obj
                0x100006a4                hw_claim_lock
 .text.hw_claim_unlock
                0x100006bc       0x14 CMakeFiles/macropad.dir/C_/pico/pico-sdk/src/rp2_common/hardware_claim/claim.c.obj
                0x100006bc                hw_claim_unlock
 .text.hw_claim_or_assert
                0x100006d0       0x32 CMakeFiles/macropad.dir/C_/pico/pico-sdk/src/rp2_common/hardware_claim/claim.c.obj
                0x100006d0                hw_claim_or_assert
 .text.hw_claim_unused_from_range
                0x10000702       0x50 CMakeFiles/macropad.dir/C_/pico/pico-sdk/src/rp2_common/hardware_claim/claim.c.obj
                0x10000702                hw_claim_unused_from_range
 *fill*         0x10000752        0x2 
 .text.running_on_fpga
                0x10000754       0x14 CMakeFiles/macropad.dir/C_/pico/pico-sdk/src/rp2_common/pico_platform/platform.c.obj
                0x10000754                running_on_fpga
 .text.spin_locks_reset
                0x10000768       0x20 CMakeFiles/macropad.dir/C_/pico/pico-sdk/src/rp2_common/hardware_sync/sync.c.obj
                0x10000768                spin_locks_reset
 .text.next_striped_spin_lock_num
                0x10000788       0x1c CMakeFiles/macropad.dir/C_/pico/pico-sdk/src/rp2_common/hardware_sync/sync.c.obj
                0x10000788                next_striped_spin_lock_num
 .text.spin_lock_claim_unused
                0x100007a4       0x20 CMakeFiles/macropad.dir/C_/pico/pico-sdk/src/rp2_common/hardware_sync/sync.c.obj
                0x100007a4                spin_lock_claim_unused
 .text.set_raw_irq_handler_and_unlock
                0x100007c4       0x28 CMakeFiles/macropad.dir/C_/pico/pico-sdk/src/rp2_common/hardware_irq/irq.c.obj
 .text.make_branch
                0x100007ec       0x48 CMakeFiles/macropad.dir/C_/pico/pico-sdk/src/rp2_common/hardware_irq/irq.c.obj
 .text.insert_branch_and_link
                0x10000834       0x40 CMakeFiles/macropad.dir/C_/pico/pico-sdk/src/rp2_common/hardware_irq/irq.c.obj
 .text.irq_is_enabled
                0x10000874       0x18 CMakeFiles/macropad.dir/C_/pico/pico-sdk/src/rp2_common/hardware_irq/irq.c.obj
                0x10000874                irq_is_enabled
 .text.irq_set_mask_enabled
                0x1000088c       0x20 CMakeFiles/macropad.dir/C_/pico/pico-sdk/src/rp2_common/hardware_irq/irq.c.obj
                0x1000088c                irq_set_mask_enabled
 .text.irq_set_enabled
                0x100008ac        0xe CMakeFiles/macropad.dir/C_/pico/pico-sdk/src/rp2_common/hardware_irq/irq.c.obj
                0x100008ac                irq_set_enabled
 *fill*         0x100008ba        0x2 
 .text.irq_get_vtable_handler
                0x100008bc       0x10 CMakeFiles/macropad.dir/C_/pico/pico-sdk/src/rp2_common/hardware_irq/irq.c.obj
                0x100008bc                irq_get_vtable_handler
 .text.irq_set_exclusive_handler
                0x100008cc       0x54 CMakeFiles/macropad.dir/C_/pico/pico-sdk/src/rp2_common/hardware_irq/irq.c.obj
                0x100008cc                irq_set_exclusive_handler
 .text.irq_remove_handler
                0x10000920      0x1a8 CMakeFiles/macropad.dir/C_/pico/pico-sdk/src/rp2_common/hardware_irq/irq.c.obj
                0x10000920                irq_remove_handler
 .text.irq_add_tail_to_free_list
                0x10000ac8       0xf0 CMakeFiles/macropad.dir/C_/pico/pico-sdk/src/rp2_common/hardware_irq/irq.c.obj
                0x10000ac8                irq_add_tail_to_free_list
 .text.irq_init_priorities
                0x10000bb8       0x1c CMakeFiles/macropad.dir/C_/pico/pico-sdk/src/rp2_common/hardware_irq/irq.c.obj
                0x10000bb8                irq_init_priorities
 .text.lock_init
                0x10000bd4       0x10 CMakeFiles/macropad.dir/C_/pico/pico-sdk/src/common/pico_sync/lock_core.c.obj
                0x10000bd4                lock_init
 .text.alarm_pool_post_alloc_init
                0x10000be4       0x40 CMakeFiles/macropad.dir/C_/pico/pico-sdk/src/common/pico_time/time.c.obj
 .text.sleep_until_callback
                0x10000c24       0x30 CMakeFiles/macropad.dir/C_/pico/pico-sdk/src/common/pico_time/time.c.obj
 .text.timer_pool_entry_comparator
                0x10000c54       0x7c CMakeFiles/macropad.dir/C_/pico/pico-sdk/src/common/pico_time/time.c.obj
                0x10000c54                timer_pool_entry_comparator
 .text.ph_add_child_node
                0x10000cd0       0xa4 CMakeFiles/macropad.dir/C_/pico/pico-sdk/src/common/pico_time/time.c.obj
 .text.ph_merge_nodes
                0x10000d74       0x3e CMakeFiles/macropad.dir/C_/pico/pico-sdk/src/common/pico_time/time.c.obj
 *fill*         0x10000db2        0x2 
 .text.add_alarm_under_lock
                0x10000db4      0x174 CMakeFiles/macropad.dir/C_/pico/pico-sdk/src/common/pico_time/time.c.obj
 .text.alarm_pool_alarm_callback
                0x10000f28      0x328 CMakeFiles/macropad.dir/C_/pico/pico-sdk/src/common/pico_time/time.c.obj
 .text.alarm_pool_init_default
                0x10001250       0x38 CMakeFiles/macropad.dir/C_/pico/pico-sdk/src/common/pico_time/time.c.obj
                0x10001250                alarm_pool_init_default
 .text.alarm_pool_get_default
                0x10001288       0x2c CMakeFiles/macropad.dir/C_/pico/pico-sdk/src/common/pico_time/time.c.obj
                0x10001288                alarm_pool_get_default
 .text.alarm_pool_add_alarm_at
                0x100012b4      0x170 CMakeFiles/macropad.dir/C_/pico/pico-sdk/src/common/pico_time/time.c.obj
                0x100012b4                alarm_pool_add_alarm_at
 .text.alarm_pool_cancel_alarm
                0x10001424       0xf0 CMakeFiles/macropad.dir/C_/pico/pico-sdk/src/common/pico_time/time.c.obj
                0x10001424                alarm_pool_cancel_alarm
 .text.best_effort_wfe_or_timeout
                0x10001514       0x80 CMakeFiles/macropad.dir/C_/pico/pico-sdk/src/common/pico_time/time.c.obj
                0x10001514                best_effort_wfe_or_timeout
 .text.hardware_alarm_irq_handler
                0x10001594       0x8c CMakeFiles/macropad.dir/C_/pico/pico-sdk/src/rp2_common/hardware_timer/timer.c.obj
 .text.hardware_alarm_claim
                0x10001620       0x18 CMakeFiles/macropad.dir/C_/pico/pico-sdk/src/rp2_common/hardware_timer/timer.c.obj
                0x10001620                hardware_alarm_claim
 .text.time_us_64
                0x10001638       0x18 CMakeFiles/macropad.dir/C_/pico/pico-sdk/src/rp2_common/hardware_timer/timer.c.obj
                0x10001638                time_us_64
 .text.hardware_alarm_set_callback
                0x10001650       0x90 CMakeFiles/macropad.dir/C_/pico/pico-sdk/src/rp2_common/hardware_timer/timer.c.obj
                0x10001650                hardware_alarm_set_callback
 .text.hardware_alarm_set_target
                0x100016e0       0xe8 CMakeFiles/macropad.dir/C_/pico/pico-sdk/src/rp2_common/hardware_timer/timer.c.obj
                0x100016e0                hardware_alarm_set_target
 .text.hardware_alarm_cancel
                0x100017c8       0x40 CMakeFiles/macropad.dir/C_/pico/pico-sdk/src/rp2_common/hardware_timer/timer.c.obj
                0x100017c8                hardware_alarm_cancel
 .text.ph_add_child_node
                0x10001808       0xa4 CMakeFiles/macropad.dir/C_/pico/pico-sdk/src/common/pico_util/pheap.c.obj
 .text.ph_merge_nodes
                0x100018ac       0x3e CMakeFiles/macropad.dir/C_/pico/pico-sdk/src/common/pico_util/pheap.c.obj
 *fill*         0x100018ea        0x2 
 .text.ph_clear
                0x100018ec       0x70 CMakeFiles/macropad.dir/C_/pico/pico-sdk/src/common/pico_util/pheap.c.obj
                0x100018ec                ph_clear
 .text.ph_post_alloc_init
                0x1000195c        0xe CMakeFiles/macropad.dir/C_/pico/pico-sdk/src/common/pico_util/pheap.c.obj
                0x1000195c                ph_post_alloc_init
 *fill*         0x1000196a        0x2 
 .text.ph_merge_two_pass
                0x1000196c       0xa8 CMakeFiles/macropad.dir/C_/pico/pico-sdk/src/common/pico_util/pheap.c.obj
                0x1000196c                ph_merge_two_pass
 .text.ph_remove_any_head
                0x10001a14      0x108 CMakeFiles/macropad.dir/C_/pico/pico-sdk/src/common/pico_util/pheap.c.obj
 .text.ph_remove_head
                0x10001b1c       0x14 CMakeFiles/macropad.dir/C_/pico/pico-sdk/src/common/pico_util/pheap.c.obj
                0x10001b1c                ph_remove_head
 .text.ph_remove_and_free_node
                0x10001b30       0xf8 CMakeFiles/macropad.dir/C_/pico/pico-sdk/src/common/pico_util/pheap.c.obj
                0x10001b30                ph_remove_and_free_node
 .text.mutex_init
                0x10001c28       0x1a CMakeFiles/macropad.dir/C_/pico/pico-sdk/src/common/pico_sync/mutex.c.obj
                0x10001c28                mutex_init
 .text.recursive_mutex_init
                0x10001c42       0x1e CMakeFiles/macropad.dir/C_/pico/pico-sdk/src/common/pico_sync/mutex.c.obj
                0x10001c42                recursive_mutex_init
 .text.critical_section_init_with_lock_num
                0x10001c60       0x14 CMakeFiles/macropad.dir/C_/pico/pico-sdk/src/common/pico_sync/critical_section.c.obj
                0x10001c60                critical_section_init_with_lock_num
 .text.critical_section_init
                0x10001c74       0x14 CMakeFiles/macropad.dir/C_/pico/pico-sdk/src/common/pico_sync/critical_section.c.obj
                0x10001c74                critical_section_init
 .text.uart_set_baudrate
                0x10001c88       0x5c CMakeFiles/macropad.dir/C_/pico/pico-sdk/src/rp2_common/hardware_uart/uart.c.obj
                0x10001c88                uart_set_baudrate
 .text.uart_set_translate_crlf
                0x10001ce4       0x28 CMakeFiles/macropad.dir/C_/pico/pico-sdk/src/rp2_common/hardware_uart/uart.c.obj
                0x10001ce4                uart_set_translate_crlf
 .text.uart_init
                0x10001d0c       0x80 CMakeFiles/macropad.dir/C_/pico/pico-sdk/src/rp2_common/hardware_uart/uart.c.obj
                0x10001d0c                uart_init
 .text._exit    0x10001d8c        0x4 CMakeFiles/macropad.dir/C_/pico/pico-sdk/src/rp2_common/pico_runtime/runtime.c.obj
                0x10001d8c                _exit
 .text.exit     0x10001d90        0x6 CMakeFiles/macropad.dir/C_/pico/pico-sdk/src/rp2_common/pico_runtime/runtime.c.obj
                0x10001d90                exit
 *fill*         0x10001d96        0x2 
 .text.__assert_func
                0x10001d98       0x3c CMakeFiles/macropad.dir/C_/pico/pico-sdk/src/rp2_common/pico_runtime/runtime.c.obj
                0x10001d98                __assert_func
 .text.runtime_init
                0x10001dd4       0xf8 CMakeFiles/macropad.dir/C_/pico/pico-sdk/src/rp2_common/pico_runtime/runtime.c.obj
                0x10001dd4                runtime_init
 .text.panic    0x10001ecc       0x30 CMakeFiles/macropad.dir/C_/pico/pico-sdk/src/rp2_common/pico_runtime/runtime.c.obj
                0x10001ecc                panic
 .text.clock_configure
                0x10001efc      0x104 CMakeFiles/macropad.dir/C_/pico/pico-sdk/src/rp2_common/hardware_clocks/clocks.c.obj
                0x10001efc                clock_configure
 .text.clocks_init
                0x10002000      0x100 CMakeFiles/macropad.dir/C_/pico/pico-sdk/src/rp2_common/hardware_clocks/clocks.c.obj
                0x10002000                clocks_init
 .text.clock_get_hz
                0x10002100        0xc CMakeFiles/macropad.dir/C_/pico/pico-sdk/src/rp2_common/hardware_clocks/clocks.c.obj
                0x10002100                clock_get_hz
 .text.pll_init
                0x1000210c      0x140 CMakeFiles/macropad.dir/C_/pico/pico-sdk/src/rp2_common/hardware_pll/pll.c.obj
                0x1000210c                pll_init
 .text.watchdog_start_tick
                0x1000224c       0x10 CMakeFiles/macropad.dir/C_/pico/pico-sdk/src/rp2_common/hardware_watchdog/watchdog.c.obj
                0x1000224c                watchdog_start_tick
 .text.xosc_init
                0x1000225c       0x28 CMakeFiles/macropad.dir/C_/pico/pico-sdk/src/rp2_common/hardware_xosc/xosc.c.obj
                0x1000225c                xosc_init
 .text._out_null
                0x10002284        0x2 CMakeFiles/macropad.dir/C_/pico/pico-sdk/src/rp2_common/pico_printf/printf.c.obj
 .text._out_fct
                0x10002286        0xe CMakeFiles/macropad.dir/C_/pico/pico-sdk/src/rp2_common/pico_printf/printf.c.obj
 .text._atoi    0x10002294       0x24 CMakeFiles/macropad.dir/C_/pico/pico-sdk/src/rp2_common/pico_printf/printf.c.obj
 .text._out_rev
                0x100022b8       0xae CMakeFiles/macropad.dir/C_/pico/pico-sdk/src/rp2_common/pico_printf/printf.c.obj
 .text._ntoa_format
                0x10002366      0x112 CMakeFiles/macropad.dir/C_/pico/pico-sdk/src/rp2_common/pico_printf/printf.c.obj
 .text._ntoa_long
                0x10002478       0xbc CMakeFiles/macropad.dir/C_/pico/pico-sdk/src/rp2_common/pico_printf/printf.c.obj
 .text._ntoa_long_long
                0x10002534       0xe2 CMakeFiles/macropad.dir/C_/pico/pico-sdk/src/rp2_common/pico_printf/printf.c.obj
 *fill*         0x10002616        0x2 
 .text._etoa    0x10002618      0x414 CMakeFiles/macropad.dir/C_/pico/pico-sdk/src/rp2_common/pico_printf/printf.c.obj
 .text._ftoa    0x10002a2c      0x354 CMakeFiles/macropad.dir/C_/pico/pico-sdk/src/rp2_common/pico_printf/printf.c.obj
 .text._vsnprintf
                0x10002d80      0x624 CMakeFiles/macropad.dir/C_/pico/pico-sdk/src/rp2_common/pico_printf/printf.c.obj
 .text.vfctprintf
                0x100033a4       0x20 CMakeFiles/macropad.dir/C_/pico/pico-sdk/src/rp2_common/pico_printf/printf.c.obj
                0x100033a4                vfctprintf
 .text          0x100033c4       0x10 CMakeFiles/macropad.dir/C_/pico/pico-sdk/src/rp2_common/pico_bit_ops/bit_ops_aeabi.S.obj
 .text.rom_func_lookup
                0x100033d4       0x10 CMakeFiles/macropad.dir/C_/pico/pico-sdk/src/rp2_common/pico_bootrom/bootrom.c.obj
                0x100033d4                rom_func_lookup
 .text.rom_data_lookup
                0x100033e4       0x10 CMakeFiles/macropad.dir/C_/pico/pico-sdk/src/rp2_common/pico_bootrom/bootrom.c.obj
                0x100033e4                rom_data_lookup
 .text.rom_funcs_lookup
                0x100033f4       0x36 CMakeFiles/macropad.dir/C_/pico/pico-sdk/src/rp2_common/pico_bootrom/bootrom.c.obj
                0x100033f4                rom_funcs_lookup
 *fill*         0x1000342a        0x2 
 .text.__wrap___aeabi_idiv
                0x1000342c       0x50 CMakeFiles/macropad.dir/C_/pico/pico-sdk/src/rp2_common/pico_divider/divider.S.obj
                0x1000342c                __wrap___aeabi_idivmod
                0x1000342c                divmod_s32s32
                0x1000342c                div_s32s32
                0x1000342c                __wrap___aeabi_idiv
                0x10003434                divmod_s32s32_unsafe
                0x10003460                divmod_s32s32_savestate
 .text.__wrap___aeabi_uidiv
                0x1000347c       0x4c CMakeFiles/macropad.dir/C_/pico/pico-sdk/src/rp2_common/pico_divider/divider.S.obj
                0x1000347c                __wrap___aeabi_uidiv
                0x1000347c                __wrap___aeabi_uidivmod
                0x1000347c                div_u32u32
                0x1000347c                divmod_u32u32
                0x10003484                divmod_u32u32_unsafe
                0x100034ac                divmod_u32u32_savestate
 .text.__wrap___aeabi_ldiv
                0x100034c8      0x434 CMakeFiles/macropad.dir/C_/pico/pico-sdk/src/rp2_common/pico_divider/divider.S.obj
                0x100034c8                div_s64s64
                0x100034c8                divmod_s64s64
                0x100034c8                __wrap___aeabi_ldivmod
                0x10003500                divmod_u64u64
                0x10003500                div_u64u64
                0x10003500                __wrap___aeabi_uldivmod
                0x10003510                divmod_u64u64_savestate
                0x10003538                divmod_s64s64_unsafe
                0x100035c0                divmod_u64u64_unsafe
 .text.__wrap___aeabi_darithmetic
                0x100038fc       0x80 CMakeFiles/macropad.dir/C_/pico/pico-sdk/src/rp2_common/pico_double/double_aeabi.S.obj
                0x100038fc                __wrap___aeabi_drsub
                0x10003902                __wrap___aeabi_dsub
                0x10003914                __wrap___aeabi_dadd
                0x10003926                __wrap___aeabi_ddiv
                0x10003962                __wrap___aeabi_dmul
 .text.__wrap___aeabi_cdcmple
                0x1000397c       0x6c CMakeFiles/macropad.dir/C_/pico/pico-sdk/src/rp2_common/pico_double/double_aeabi.S.obj
                0x1000397c                __wrap___aeabi_cdrcmple
                0x1000398c                __wrap___aeabi_cdcmpeq
                0x1000398c                __wrap___aeabi_cdcmple
 .text.__wrap___aeabi_dcmpeq
                0x100039e8       0x10 CMakeFiles/macropad.dir/C_/pico/pico-sdk/src/rp2_common/pico_double/double_aeabi.S.obj
                0x100039e8                __wrap___aeabi_dcmpeq
 .text.__wrap___aeabi_dcmplt
                0x100039f8        0xc CMakeFiles/macropad.dir/C_/pico/pico-sdk/src/rp2_common/pico_double/double_aeabi.S.obj
                0x100039f8                __wrap___aeabi_dcmplt
 .text.__wrap___aeabi_dcmple
                0x10003a04       0x10 CMakeFiles/macropad.dir/C_/pico/pico-sdk/src/rp2_common/pico_double/double_aeabi.S.obj
                0x10003a04                __wrap___aeabi_dcmple
 .text.__wrap___aeabi_dcmpge
                0x10003a14       0x10 CMakeFiles/macropad.dir/C_/pico/pico-sdk/src/rp2_common/pico_double/double_aeabi.S.obj
                0x10003a14                __wrap___aeabi_dcmpge
 .text.__wrap___aeabi_dcmpgt
                0x10003a24        0xa CMakeFiles/macropad.dir/C_/pico/pico-sdk/src/rp2_common/pico_double/double_aeabi.S.obj
                0x10003a24                __wrap___aeabi_dcmpgt
 .text.__wrap___aeabi_dcmpun
                0x10003a2e       0x1c CMakeFiles/macropad.dir/C_/pico/pico-sdk/src/rp2_common/pico_double/double_aeabi.S.obj
                0x10003a2e                __wrap___aeabi_dcmpun
 *fill*         0x10003a4a        0x2 
 .text.__wrap___aeabi_i2d
                0x10003a4c       0x38 CMakeFiles/macropad.dir/C_/pico/pico-sdk/src/rp2_common/pico_double/double_aeabi.S.obj
                0x10003a4c                __wrap___aeabi_ui2d
                0x10003a54                __wrap___aeabi_i2d
 .text.__wrap___aeabi_d2iz
                0x10003a84       0x48 CMakeFiles/macropad.dir/C_/pico/pico-sdk/src/rp2_common/pico_double/double_aeabi.S.obj
                0x10003a84                double2int_z
                0x10003a84                __wrap___aeabi_d2iz
 .text.__wrap___aeabi_d2uiz
                0x10003acc       0x18 CMakeFiles/macropad.dir/C_/pico/pico-sdk/src/rp2_common/pico_double/double_aeabi.S.obj
                0x10003acc                __wrap___aeabi_d2uiz
                0x10003acc                double2uint
 .text.__wrap_exp
                0x10003ae4       0x18 CMakeFiles/macropad.dir/C_/pico/pico-sdk/src/rp2_common/pico_double/double_aeabi.S.obj
                0x10003ae4                __wrap_exp
 .text.__wrap_log
                0x10003afc       0x18 CMakeFiles/macropad.dir/C_/pico/pico-sdk/src/rp2_common/pico_double/double_aeabi.S.obj
                0x10003afc                __wrap_log
 .text.__aeabi_double_init
                0x10003b14       0xc8 CMakeFiles/macropad.dir/C_/pico/pico-sdk/src/rp2_common/pico_double/double_init_rom.c.obj
                0x10003b14                __aeabi_double_init
 .text.dpow_int2
                0x10003bdc       0x2c CMakeFiles/macropad.dir/C_/pico/pico-sdk/src/rp2_common/pico_double/double_math.c.obj
 .text.dpow_1   0x10003c08      0x2a8 CMakeFiles/macropad.dir/C_/pico/pico-sdk/src/rp2_common/pico_double/double_math.c.obj
 .text.dpow_0   0x10003eb0      0x1a0 CMakeFiles/macropad.dir/C_/pico/pico-sdk/src/rp2_common/pico_double/double_math.c.obj
 .text.__wrap_ldexp
                0x10004050       0x50 CMakeFiles/macropad.dir/C_/pico/pico-sdk/src/rp2_common/pico_double/double_math.c.obj
                0x10004050                __wrap_ldexp
 .text.__wrap_round
                0x100040a0       0x9c CMakeFiles/macropad.dir/C_/pico/pico-sdk/src/rp2_common/pico_double/double_math.c.obj
                0x100040a0                __wrap_round
 .text.__wrap_exp2
                0x1000413c       0xcc CMakeFiles/macropad.dir/C_/pico/pico-sdk/src/rp2_common/pico_double/double_math.c.obj
                0x1000413c                __wrap_exp2
 .text.__wrap_pow
                0x10004208      0x37c CMakeFiles/macropad.dir/C_/pico/pico-sdk/src/rp2_common/pico_double/double_math.c.obj
                0x10004208                __wrap_pow
 .text.double_table_shim_on_use_helper
                0x10004584       0x34 CMakeFiles/macropad.dir/C_/pico/pico-sdk/src/rp2_common/pico_double/double_v1_rom_shim.S.obj
                0x10004584                double_table_shim_on_use_helper
 .text.__wrap___aeabi_dsub
                0x100045b8       0x10 CMakeFiles/macropad.dir/C_/pico/pico-sdk/src/rp2_common/pico_double/double_v1_rom_shim.S.obj
                0x100045b8                drsub_shim
                0x100045be                dsub_shim
 .text.dadd_shim
                0x100045c8      0x15c CMakeFiles/macropad.dir/C_/pico/pico-sdk/src/rp2_common/pico_double/double_v1_rom_shim.S.obj
                0x100045c8                dadd_shim
 .text.dmul_shim
                0x10004724      0x15c CMakeFiles/macropad.dir/C_/pico/pico-sdk/src/rp2_common/pico_double/double_v1_rom_shim.S.obj
                0x10004724                dmul_shim
 .text.ddiv_shim
                0x10004880      0x1b0 CMakeFiles/macropad.dir/C_/pico/pico-sdk/src/rp2_common/pico_double/double_v1_rom_shim.S.obj
                0x10004880                ddiv_shim
 .text.double2uint_shim
                0x10004a30        0xe CMakeFiles/macropad.dir/C_/pico/pico-sdk/src/rp2_common/pico_double/double_v1_rom_shim.S.obj
                0x10004a30                double2uint_shim
                0x10004a32                double2ufix_shim
 *fill*         0x10004a3e        0x2 
 .text.double2uint64_shim
                0x10004a40       0x70 CMakeFiles/macropad.dir/C_/pico/pico-sdk/src/rp2_common/pico_double/double_v1_rom_shim.S.obj
                0x10004a40                double2uint64_shim
                0x10004a42                double2ufix64_shim
                0x10004a62                d2fix_a
 .text.x2double_shims
                0x10004ab0       0x90 CMakeFiles/macropad.dir/C_/pico/pico-sdk/src/rp2_common/pico_double/double_v1_rom_shim.S.obj
                0x10004ab0                uint2double_shim
                0x10004ab2                ufix2double_shim
                0x10004ab8                int2double_shim
                0x10004aba                fix2double_shim
                0x10004ac0                uint642double_shim
                0x10004ac2                ufix642double_shim
                0x10004ac8                int642double_shim
                0x10004aca                fix642double_shim
 .text.dunpacks
                0x10004b40       0x3c CMakeFiles/macropad.dir/C_/pico/pico-sdk/src/rp2_common/pico_double/double_v1_rom_shim.S.obj
                0x10004b40                dunpacks
 .text.dreduce  0x10004b7c       0x82 CMakeFiles/macropad.dir/C_/pico/pico-sdk/src/rp2_common/pico_double/double_v1_rom_shim.S.obj
                0x10004b7c                dreduce
 *fill*         0x10004bfe        0x2 
 .text.dexp_guts
                0x10004c00      0x268 CMakeFiles/macropad.dir/C_/pico/pico-sdk/src/rp2_common/pico_double/double_v1_rom_shim.S.obj
                0x10004c00                dexp_shim
                0x10004c9c                dln_shim
 .text.__aeabi_lmul
                0x10004e68       0x32 CMakeFiles/macropad.dir/C_/pico/pico-sdk/src/rp2_common/pico_int64_ops/pico_int64_ops_aeabi.S.obj
                0x10004e68                __wrap___aeabi_lmul
 *fill*         0x10004e9a        0x2 
 .text.__aeabi_float_init
                0x10004e9c       0xfc CMakeFiles/macropad.dir/C_/pico/pico-sdk/src/rp2_common/pico_float/float_init_rom.c.obj
                0x10004e9c                __aeabi_float_init
 .text.float_table_shim_on_use_helper
                0x10004f98       0x34 CMakeFiles/macropad.dir/C_/pico/pico-sdk/src/rp2_common/pico_float/float_v1_rom_shim.S.obj
                0x10004f98                float_table_shim_on_use_helper
 .text          0x10004fcc       0x10 CMakeFiles/macropad.dir/C_/pico/pico-sdk/src/rp2_common/pico_mem_ops/mem_ops_aeabi.S.obj
                0x10004fcc                __aeabi_mem_init
 .text.memset   0x10004fdc        0xc CMakeFiles/macropad.dir/C_/pico/pico-sdk/src/rp2_common/pico_mem_ops/mem_ops_aeabi.S.obj
                0x10004fdc                __wrap_memset
 .text.memcpy   0x10004fe8        0xc CMakeFiles/macropad.dir/C_/pico/pico-sdk/src/rp2_common/pico_mem_ops/mem_ops_aeabi.S.obj
                0x10004fe8                __wrap_memcpy
                0x10004fe8                __wrap___aeabi_memcpy
 .text.stdio_out_chars_no_crlf
                0x10004ff4        0xe CMakeFiles/macropad.dir/C_/pico/pico-sdk/src/rp2_common/pico_stdio/stdio.c.obj
 *fill*         0x10005002        0x2 
 .text.stdio_out_chars_crlf
                0x10005004       0x80 CMakeFiles/macropad.dir/C_/pico/pico-sdk/src/rp2_common/pico_stdio/stdio.c.obj
 .text.stdio_stack_buffer_flush
                0x10005084       0x44 CMakeFiles/macropad.dir/C_/pico/pico-sdk/src/rp2_common/pico_stdio/stdio.c.obj
 .text.stdio_buffered_printer
                0x100050c8       0x20 CMakeFiles/macropad.dir/C_/pico/pico-sdk/src/rp2_common/pico_stdio/stdio.c.obj
 .text.stdout_serialize_begin
                0x100050e8       0x30 CMakeFiles/macropad.dir/C_/pico/pico-sdk/src/rp2_common/pico_stdio/stdio.c.obj
                0x100050e8                stdout_serialize_begin
 .text.stdout_serialize_end
                0x10005118       0x10 CMakeFiles/macropad.dir/C_/pico/pico-sdk/src/rp2_common/pico_stdio/stdio.c.obj
                0x10005118                stdout_serialize_end
 .text.stdio_put_string
                0x10005128       0x98 CMakeFiles/macropad.dir/C_/pico/pico-sdk/src/rp2_common/pico_stdio/stdio.c.obj
 .text.stdio_set_driver_enabled
                0x100051c0       0x2c CMakeFiles/macropad.dir/C_/pico/pico-sdk/src/rp2_common/pico_stdio/stdio.c.obj
                0x100051c0                stdio_set_driver_enabled
 .text.stdio_flush
                0x100051ec       0x20 CMakeFiles/macropad.dir/C_/pico/pico-sdk/src/rp2_common/pico_stdio/stdio.c.obj
                0x100051ec                stdio_flush
 .text.__wrap_puts
                0x1000520c       0x1e CMakeFiles/macropad.dir/C_/pico/pico-sdk/src/rp2_common/pico_stdio/stdio.c.obj
                0x1000520c                __wrap_puts
 *fill*         0x1000522a        0x2 
 .text.__wrap_vprintf
                0x1000522c       0x44 CMakeFiles/macropad.dir/C_/pico/pico-sdk/src/rp2_common/pico_stdio/stdio.c.obj
                0x1000522c                __wrap_vprintf
 .text.__wrap_printf
                0x10005270       0x18 CMakeFiles/macropad.dir/C_/pico/pico-sdk/src/rp2_common/pico_stdio/stdio.c.obj
                0x10005270                __wrap_printf
 .text.stdio_uart_out_chars
                0x10005288       0x74 CMakeFiles/macropad.dir/C_/pico/pico-sdk/src/rp2_common/pico_stdio_uart/stdio_uart.c.obj
 .text.stdio_uart_in_chars
                0x100052fc       0x58 CMakeFiles/macropad.dir/C_/pico/pico-sdk/src/rp2_common/pico_stdio_uart/stdio_uart.c.obj
                0x100052fc                stdio_uart_in_chars
 .text.stdio_uart_init_full
                0x10005354       0x3c CMakeFiles/macropad.dir/C_/pico/pico-sdk/src/rp2_common/pico_stdio_uart/stdio_uart.c.obj
                0x10005354                stdio_uart_init_full
 .text.hw_endpoint_get_by_addr
                0x10005390       0x18 CMakeFiles/macropad.dir/C_/pico/pico-sdk/lib/tinyusb/src/portable/raspberrypi/rp2040/dcd_rp2040.c.obj
 .text.reset_ep0_pid
                0x100053a8       0x28 CMakeFiles/macropad.dir/C_/pico/pico-sdk/lib/tinyusb/src/portable/raspberrypi/rp2040/dcd_rp2040.c.obj
 .text._hw_endpoint_alloc
                0x100053d0       0x70 CMakeFiles/macropad.dir/C_/pico/pico-sdk/lib/tinyusb/src/portable/raspberrypi/rp2040/dcd_rp2040.c.obj
 .text.hw_endpoint_init
                0x10005440       0x88 CMakeFiles/macropad.dir/C_/pico/pico-sdk/lib/tinyusb/src/portable/raspberrypi/rp2040/dcd_rp2040.c.obj
 .text.reset_non_control_endpoints
                0x100054c8       0x40 CMakeFiles/macropad.dir/C_/pico/pico-sdk/lib/tinyusb/src/portable/raspberrypi/rp2040/dcd_rp2040.c.obj
 .text.hw_handle_buff_status
                0x10005508       0x8c CMakeFiles/macropad.dir/C_/pico/pico-sdk/lib/tinyusb/src/portable/raspberrypi/rp2040/dcd_rp2040.c.obj
 .text.dcd_rp2040_irq
                0x10005594       0xc0 CMakeFiles/macropad.dir/C_/pico/pico-sdk/lib/tinyusb/src/portable/raspberrypi/rp2040/dcd_rp2040.c.obj
 .text.hw_endpoint_xfer
                0x10005654       0x14 CMakeFiles/macropad.dir/C_/pico/pico-sdk/lib/tinyusb/src/portable/raspberrypi/rp2040/dcd_rp2040.c.obj
 .text.dcd_int_enable
                0x10005668       0x2c CMakeFiles/macropad.dir/C_/pico/pico-sdk/lib/tinyusb/src/portable/raspberrypi/rp2040/dcd_rp2040.c.obj
                0x10005668                dcd_int_enable
 .text.dcd_set_address
                0x10005694       0x2c CMakeFiles/macropad.dir/C_/pico/pico-sdk/lib/tinyusb/src/portable/raspberrypi/rp2040/dcd_rp2040.c.obj
                0x10005694                dcd_set_address
 .text.dcd_connect
                0x100056c0       0x10 CMakeFiles/macropad.dir/C_/pico/pico-sdk/lib/tinyusb/src/portable/raspberrypi/rp2040/dcd_rp2040.c.obj
                0x100056c0                dcd_connect
 .text.dcd_init
                0x100056d0       0x7c CMakeFiles/macropad.dir/C_/pico/pico-sdk/lib/tinyusb/src/portable/raspberrypi/rp2040/dcd_rp2040.c.obj
                0x100056d0                dcd_init
 .text.dcd_edpt0_status_complete
                0x1000574c       0x1c CMakeFiles/macropad.dir/C_/pico/pico-sdk/lib/tinyusb/src/portable/raspberrypi/rp2040/dcd_rp2040.c.obj
                0x1000574c                dcd_edpt0_status_complete
 .text.dcd_edpt_open
                0x10005768       0x40 CMakeFiles/macropad.dir/C_/pico/pico-sdk/lib/tinyusb/src/portable/raspberrypi/rp2040/dcd_rp2040.c.obj
                0x10005768                dcd_edpt_open
 .text.dcd_edpt_close_all
                0x100057a8        0x8 CMakeFiles/macropad.dir/C_/pico/pico-sdk/lib/tinyusb/src/portable/raspberrypi/rp2040/dcd_rp2040.c.obj
                0x100057a8                dcd_edpt_close_all
 .text.dcd_edpt_xfer
                0x100057b0       0x30 CMakeFiles/macropad.dir/C_/pico/pico-sdk/lib/tinyusb/src/portable/raspberrypi/rp2040/dcd_rp2040.c.obj
                0x100057b0                dcd_edpt_xfer
 .text.dcd_edpt_stall
                0x100057e0       0x2c CMakeFiles/macropad.dir/C_/pico/pico-sdk/lib/tinyusb/src/portable/raspberrypi/rp2040/dcd_rp2040.c.obj
                0x100057e0                dcd_edpt_stall
 .text.dcd_edpt_clear_stall
                0x1000580c       0x20 CMakeFiles/macropad.dir/C_/pico/pico-sdk/lib/tinyusb/src/portable/raspberrypi/rp2040/dcd_rp2040.c.obj
                0x1000580c                dcd_edpt_clear_stall
 .text.prepare_ep_buffer
                0x1000582c       0x70 CMakeFiles/macropad.dir/C_/pico/pico-sdk/lib/tinyusb/src/portable/raspberrypi/rp2040/rp2040_usb.c.obj
 .text.sync_ep_buffer
                0x1000589c       0x7c CMakeFiles/macropad.dir/C_/pico/pico-sdk/lib/tinyusb/src/portable/raspberrypi/rp2040/rp2040_usb.c.obj
 .text._hw_endpoint_xfer_sync
                0x10005918       0x28 CMakeFiles/macropad.dir/C_/pico/pico-sdk/lib/tinyusb/src/portable/raspberrypi/rp2040/rp2040_usb.c.obj
 .text.rp2040_usb_init
                0x10005940       0x4c CMakeFiles/macropad.dir/C_/pico/pico-sdk/lib/tinyusb/src/portable/raspberrypi/rp2040/rp2040_usb.c.obj
                0x10005940                rp2040_usb_init
 .text.hw_endpoint_reset_transfer
                0x1000598c        0xc CMakeFiles/macropad.dir/C_/pico/pico-sdk/lib/tinyusb/src/portable/raspberrypi/rp2040/rp2040_usb.c.obj
                0x1000598c                hw_endpoint_reset_transfer
 .text._hw_endpoint_buffer_control_update32
                0x10005998       0x58 CMakeFiles/macropad.dir/C_/pico/pico-sdk/lib/tinyusb/src/portable/raspberrypi/rp2040/rp2040_usb.c.obj
                0x10005998                _hw_endpoint_buffer_control_update32
 .text._hw_endpoint_start_next_buffer
                0x100059f0       0x74 CMakeFiles/macropad.dir/C_/pico/pico-sdk/lib/tinyusb/src/portable/raspberrypi/rp2040/rp2040_usb.c.obj
 .text.hw_endpoint_xfer_start
                0x10005a64       0x48 CMakeFiles/macropad.dir/C_/pico/pico-sdk/lib/tinyusb/src/portable/raspberrypi/rp2040/rp2040_usb.c.obj
                0x10005a64                hw_endpoint_xfer_start
 .text.hw_endpoint_xfer_continue
                0x10005aac       0x38 CMakeFiles/macropad.dir/C_/pico/pico-sdk/lib/tinyusb/src/portable/raspberrypi/rp2040/rp2040_usb.c.obj
                0x10005aac                hw_endpoint_xfer_continue
 .text.configuration_reset
                0x10005ae4       0x84 CMakeFiles/macropad.dir/C_/pico/pico-sdk/lib/tinyusb/src/device/usbd.c.obj
 .text.usbd_reset
                0x10005b68        0xc CMakeFiles/macropad.dir/C_/pico/pico-sdk/lib/tinyusb/src/device/usbd.c.obj
 .text.invoke_class_control
                0x10005b74       0x1a CMakeFiles/macropad.dir/C_/pico/pico-sdk/lib/tinyusb/src/device/usbd.c.obj
 *fill*         0x10005b8e        0x2 
 .text.process_set_config
                0x10005b90      0x18c CMakeFiles/macropad.dir/C_/pico/pico-sdk/lib/tinyusb/src/device/usbd.c.obj
 .text.process_get_descriptor
                0x10005d1c       0xec CMakeFiles/macropad.dir/C_/pico/pico-sdk/lib/tinyusb/src/device/usbd.c.obj
 .text.tud_mounted
                0x10005e08       0x10 CMakeFiles/macropad.dir/C_/pico/pico-sdk/lib/tinyusb/src/device/usbd.c.obj
                0x10005e08                tud_mounted
 .text.tud_suspended
                0x10005e18       0x10 CMakeFiles/macropad.dir/C_/pico/pico-sdk/lib/tinyusb/src/device/usbd.c.obj
                0x10005e18                tud_suspended
 .text.tud_inited
                0x10005e28        0xc CMakeFiles/macropad.dir/C_/pico/pico-sdk/lib/tinyusb/src/device/usbd.c.obj
                0x10005e28                tud_inited
 .text.tud_init
                0x10005e34       0xcc CMakeFiles/macropad.dir/C_/pico/pico-sdk/lib/tinyusb/src/device/usbd.c.obj
                0x10005e34                tud_init
 .text.dcd_event_handler
                0x10005f00      0x1e0 CMakeFiles/macropad.dir/C_/pico/pico-sdk/lib/tinyusb/src/device/usbd.c.obj
                0x10005f00                dcd_event_handler
 .text.dcd_event_bus_signal
                0x100060e0       0x26 CMakeFiles/macropad.dir/C_/pico/pico-sdk/lib/tinyusb/src/device/usbd.c.obj
                0x100060e0                dcd_event_bus_signal
 .text.dcd_event_bus_reset
                0x10006106       0x2a CMakeFiles/macropad.dir/C_/pico/pico-sdk/lib/tinyusb/src/device/usbd.c.obj
                0x10006106                dcd_event_bus_reset
 .text.dcd_event_setup_received
                0x10006130       0x34 CMakeFiles/macropad.dir/C_/pico/pico-sdk/lib/tinyusb/src/device/usbd.c.obj
                0x10006130                dcd_event_setup_received
 .text.dcd_event_xfer_complete
                0x10006164       0x44 CMakeFiles/macropad.dir/C_/pico/pico-sdk/lib/tinyusb/src/device/usbd.c.obj
                0x10006164                dcd_event_xfer_complete
 .text.usbd_edpt_open
                0x100061a8       0x58 CMakeFiles/macropad.dir/C_/pico/pico-sdk/lib/tinyusb/src/device/usbd.c.obj
                0x100061a8                usbd_edpt_open
 .text.usbd_open_edpt_pair
                0x10006200       0x8c CMakeFiles/macropad.dir/C_/pico/pico-sdk/lib/tinyusb/src/device/usbd.c.obj
                0x10006200                usbd_open_edpt_pair
 .text.usbd_edpt_claim
                0x1000628c       0x8c CMakeFiles/macropad.dir/C_/pico/pico-sdk/lib/tinyusb/src/device/usbd.c.obj
                0x1000628c                usbd_edpt_claim
 .text.usbd_edpt_xfer
                0x10006318       0x80 CMakeFiles/macropad.dir/C_/pico/pico-sdk/lib/tinyusb/src/device/usbd.c.obj
                0x10006318                usbd_edpt_xfer
 .text.usbd_edpt_busy
                0x10006398       0x1c CMakeFiles/macropad.dir/C_/pico/pico-sdk/lib/tinyusb/src/device/usbd.c.obj
                0x10006398                usbd_edpt_busy
 .text.usbd_edpt_stall
                0x100063b4       0x40 CMakeFiles/macropad.dir/C_/pico/pico-sdk/lib/tinyusb/src/device/usbd.c.obj
                0x100063b4                usbd_edpt_stall
 .text.usbd_edpt_clear_stall
                0x100063f4       0x40 CMakeFiles/macropad.dir/C_/pico/pico-sdk/lib/tinyusb/src/device/usbd.c.obj
                0x100063f4                usbd_edpt_clear_stall
 .text.usbd_edpt_stalled
                0x10006434       0x1c CMakeFiles/macropad.dir/C_/pico/pico-sdk/lib/tinyusb/src/device/usbd.c.obj
                0x10006434                usbd_edpt_stalled
 .text.process_control_request
                0x10006450      0x3b8 CMakeFiles/macropad.dir/C_/pico/pico-sdk/lib/tinyusb/src/device/usbd.c.obj
 .text.tud_task
                0x10006808      0x218 CMakeFiles/macropad.dir/C_/pico/pico-sdk/lib/tinyusb/src/device/usbd.c.obj
                0x10006808                tud_task
 .text._data_stage_xact
                0x10006a20       0x58 CMakeFiles/macropad.dir/C_/pico/pico-sdk/lib/tinyusb/src/device/usbd_control.c.obj
 .text.tud_control_status
                0x10006a78       0x38 CMakeFiles/macropad.dir/C_/pico/pico-sdk/lib/tinyusb/src/device/usbd_control.c.obj
                0x10006a78                tud_control_status
 .text.tud_control_xfer
                0x10006ab0       0xa8 CMakeFiles/macropad.dir/C_/pico/pico-sdk/lib/tinyusb/src/device/usbd_control.c.obj
                0x10006ab0                tud_control_xfer
 .text.usbd_control_reset
                0x10006b58       0x14 CMakeFiles/macropad.dir/C_/pico/pico-sdk/lib/tinyusb/src/device/usbd_control.c.obj
                0x10006b58                usbd_control_reset
 .text.usbd_control_set_complete_callback
                0x10006b6c        0xc CMakeFiles/macropad.dir/C_/pico/pico-sdk/lib/tinyusb/src/device/usbd_control.c.obj
                0x10006b6c                usbd_control_set_complete_callback
 .text.usbd_control_set_request
                0x10006b78       0x1c CMakeFiles/macropad.dir/C_/pico/pico-sdk/lib/tinyusb/src/device/usbd_control.c.obj
                0x10006b78                usbd_control_set_request
 .text.usbd_control_xfer_cb
                0x10006b94       0xfc CMakeFiles/macropad.dir/C_/pico/pico-sdk/lib/tinyusb/src/device/usbd_control.c.obj
                0x10006b94                usbd_control_xfer_cb
 .text.tud_hid_n_ready
                0x10006c90       0x50 CMakeFiles/macropad.dir/C_/pico/pico-sdk/lib/tinyusb/src/class/hid/hid_device.c.obj
                0x10006c90                tud_hid_n_ready
 .text.tud_hid_n_report
                0x10006ce0       0x84 CMakeFiles/macropad.dir/C_/pico/pico-sdk/lib/tinyusb/src/class/hid/hid_device.c.obj
                0x10006ce0                tud_hid_n_report
 .text.tud_hid_n_keyboard_report
                0x10006d64       0x40 CMakeFiles/macropad.dir/C_/pico/pico-sdk/lib/tinyusb/src/class/hid/hid_device.c.obj
                0x10006d64                tud_hid_n_keyboard_report
 .text.hidd_reset
                0x10006da4       0x14 CMakeFiles/macropad.dir/C_/pico/pico-sdk/lib/tinyusb/src/class/hid/hid_device.c.obj
                0x10006da4                hidd_reset
 .text.hidd_init
                0x10006db8        0xa CMakeFiles/macropad.dir/C_/pico/pico-sdk/lib/tinyusb/src/class/hid/hid_device.c.obj
                0x10006db8                hidd_init
 *fill*         0x10006dc2        0x2 
 .text.hidd_open
                0x10006dc4      0x100 CMakeFiles/macropad.dir/C_/pico/pico-sdk/lib/tinyusb/src/class/hid/hid_device.c.obj
                0x10006dc4                hidd_open
 .text.hidd_control_xfer_cb
                0x10006ec4      0x28c CMakeFiles/macropad.dir/C_/pico/pico-sdk/lib/tinyusb/src/class/hid/hid_device.c.obj
                0x10006ec4                hidd_control_xfer_cb
 .text.hidd_xfer_cb
                0x10007150       0xa8 CMakeFiles/macropad.dir/C_/pico/pico-sdk/lib/tinyusb/src/class/hid/hid_device.c.obj
                0x10007150                hidd_xfer_cb
 .text.tusb_init
                0x100071f8       0x24 CMakeFiles/macropad.dir/C_/pico/pico-sdk/lib/tinyusb/src/tusb.c.obj
                0x100071f8                tusb_init
 .text.tusb_inited
                0x1000721c        0xe CMakeFiles/macropad.dir/C_/pico/pico-sdk/lib/tinyusb/src/tusb.c.obj
                0x1000721c                tusb_inited
 *fill*         0x1000722a        0x2 
 .text.tu_edpt_validate
                0x1000722c       0xa8 CMakeFiles/macropad.dir/C_/pico/pico-sdk/lib/tinyusb/src/tusb.c.obj
                0x1000722c                tu_edpt_validate
 .text.tu_edpt_bind_driver
                0x100072d4       0x2a CMakeFiles/macropad.dir/C_/pico/pico-sdk/lib/tinyusb/src/tusb.c.obj
                0x100072d4                tu_edpt_bind_driver
 .text.advance_pointer
                0x100072fe       0x18 CMakeFiles/macropad.dir/C_/pico/pico-sdk/lib/tinyusb/src/common/tusb_fifo.c.obj
 .text.backward_pointer
                0x10007316       0x1e CMakeFiles/macropad.dir/C_/pico/pico-sdk/lib/tinyusb/src/common/tusb_fifo.c.obj
 .text.get_relative_pointer
                0x10007334       0x10 CMakeFiles/macropad.dir/C_/pico/pico-sdk/lib/tinyusb/src/common/tusb_fifo.c.obj
 .text._tu_fifo_peek
                0x10007344       0x50 CMakeFiles/macropad.dir/C_/pico/pico-sdk/lib/tinyusb/src/common/tusb_fifo.c.obj
 .text.tu_fifo_read
                0x10007394       0x42 CMakeFiles/macropad.dir/C_/pico/pico-sdk/lib/tinyusb/src/common/tusb_fifo.c.obj
                0x10007394                tu_fifo_read
 .text.tu_fifo_write
                0x100073d6       0x6c CMakeFiles/macropad.dir/C_/pico/pico-sdk/lib/tinyusb/src/common/tusb_fifo.c.obj
                0x100073d6                tu_fifo_write
 .text.tu_fifo_clear
                0x10007442       0x4c CMakeFiles/macropad.dir/C_/pico/pico-sdk/lib/tinyusb/src/common/tusb_fifo.c.obj
                0x10007442                tu_fifo_clear
 *fill*         0x1000748e        0x2 
 .text.board_init
                0x10007490       0x30 CMakeFiles/macropad.dir/C_/pico/pico-sdk/lib/tinyusb/hw/bsp/rp2040/family.c.obj
                0x10007490                board_init
 .text.board_button_read
                0x100074c0        0xe CMakeFiles/macropad.dir/C_/pico/pico-sdk/lib/tinyusb/hw/bsp/rp2040/family.c.obj
                0x100074c0                board_button_read
 *fill*         0x100074ce        0x2 
 .text.strlen   0x100074d0       0x5c c:/progra~2/gnuarm~1/102021~1.10/bin/../lib/gcc/arm-none-eabi/10.3.1/../../../../arm-none-eabi/lib/thumb/v6-m/nofp\libg.a(lib_a-strlen-stub.o)
                0x100074d0                strlen
 *(.fini)
 .fini          0x1000752c        0x4 c:/progra~2/gnuarm~1/102021~1.10/bin/../lib/gcc/arm-none-eabi/10.3.1/thumb/v6-m/nofp/crti.o
                0x1000752c                _fini
 .fini.__stub   0x10007530       0x70 linker stubs
 *crtbegin.o(.ctors)
 *crtbegin?.o(.ctors)
 *(EXCLUDE_FILE(*crtend.o *crtend?.o) .ctors)
 *(SORT_BY_NAME(.ctors.*))
 *(.ctors)
 *crtbegin.o(.dtors)
 *crtbegin?.o(.dtors)
 *(EXCLUDE_FILE(*crtend.o *crtend?.o) .dtors)
 *(SORT_BY_NAME(.dtors.*))
 *(.dtors)
 *(.eh_frame*)
 .eh_frame      0x100075a0        0x0 c:/progra~2/gnuarm~1/102021~1.10/bin/../lib/gcc/arm-none-eabi/10.3.1/thumb/v6-m/nofp/crtbegin.o
                0x100075a0                . = ALIGN (0x4)

.glue_7         0x100075a0        0x0
 .glue_7        0x100075a0        0x0 linker stubs

.glue_7t        0x100075a0        0x0
 .glue_7t       0x100075a0        0x0 linker stubs

.vfp11_veneer   0x100075a0        0x0
 .vfp11_veneer  0x100075a0        0x0 linker stubs

.v4_bx          0x100075a0        0x0
 .v4_bx         0x100075a0        0x0 linker stubs

.iplt           0x100075a0        0x0
 .iplt          0x100075a0        0x0 c:/progra~2/gnuarm~1/102021~1.10/bin/../lib/gcc/arm-none-eabi/10.3.1/thumb/v6-m/nofp/crtbegin.o

.rodata         0x100075a0     0x13b8
 *(EXCLUDE_FILE(*libm.a: *libc.a:*lib_a-mem*.o *libgcc.a:) .rodata*)
 .rodata.hid_task.str1.4
                0x100075a0       0x57 CMakeFiles/macropad.dir/main.c.obj
 *fill*         0x100075f7        0x1 
 .rodata.__func__.1
                0x100075f8       0x15 CMakeFiles/macropad.dir/main.c.obj
 *fill*         0x1000760d        0x3 
 .rodata.str1.4
                0x10007610       0x1f CMakeFiles/macropad.dir/usb_descriptors.c.obj
 *fill*         0x1000762f        0x1 
 .rodata.__compound_literal.0
                0x10007630        0x2 CMakeFiles/macropad.dir/usb_descriptors.c.obj
 *fill*         0x10007632        0x2 
 .rodata.desc_configuration
                0x10007634       0x22 CMakeFiles/macropad.dir/usb_descriptors.c.obj
                0x10007634                desc_configuration
 *fill*         0x10007656        0x2 
 .rodata.desc_device
                0x10007658       0x12 CMakeFiles/macropad.dir/usb_descriptors.c.obj
                0x10007658                desc_device
 *fill*         0x1000766a        0x2 
 .rodata.desc_hid_report
                0x1000766c       0x5c CMakeFiles/macropad.dir/usb_descriptors.c.obj
                0x1000766c                desc_hid_report
 .rodata.switch_pins
                0x100076c8       0x10 CMakeFiles/macropad.dir/keyboard.c.obj
 .rodata.spin_lock_claim_unused.str1.4
                0x100076d8       0x1b CMakeFiles/macropad.dir/C_/pico/pico-sdk/src/rp2_common/hardware_sync/sync.c.obj
 *fill*         0x100076f3        0x1 
 .rodata.make_branch.str1.4
                0x100076f4       0x63 CMakeFiles/macropad.dir/C_/pico/pico-sdk/src/rp2_common/hardware_irq/irq.c.obj
 *fill*         0x10007757        0x1 
 .rodata.insert_branch_and_link.str1.4
                0x10007758       0x10 CMakeFiles/macropad.dir/C_/pico/pico-sdk/src/rp2_common/hardware_irq/irq.c.obj
 .rodata.irq_set_exclusive_handler.str1.4
                0x10007768       0x36 CMakeFiles/macropad.dir/C_/pico/pico-sdk/src/rp2_common/hardware_irq/irq.c.obj
 *fill*         0x1000779e        0x2 
 .rodata.irq_add_shared_handler.str1.4
                0x100077a0       0xd9 CMakeFiles/macropad.dir/C_/pico/pico-sdk/src/rp2_common/hardware_irq/irq.c.obj
 *fill*         0x10007879        0x3 
 .rodata.irq_remove_handler.str1.4
                0x1000787c       0x2a CMakeFiles/macropad.dir/C_/pico/pico-sdk/src/rp2_common/hardware_irq/irq.c.obj
 *fill*         0x100078a6        0x2 
 .rodata.irq_add_tail_to_free_list.str1.4
                0x100078a8       0x3a CMakeFiles/macropad.dir/C_/pico/pico-sdk/src/rp2_common/hardware_irq/irq.c.obj
 *fill*         0x100078e2        0x2 
 .rodata.__func__.0
                0x100078e4       0x1a CMakeFiles/macropad.dir/C_/pico/pico-sdk/src/rp2_common/hardware_irq/irq.c.obj
 *fill*         0x100078fe        0x2 
 .rodata.__func__.1
                0x10007900       0x17 CMakeFiles/macropad.dir/C_/pico/pico-sdk/src/rp2_common/hardware_irq/irq.c.obj
 *fill*         0x10007917        0x1 
 .rodata.__func__.2
                0x10007918       0x13 CMakeFiles/macropad.dir/C_/pico/pico-sdk/src/rp2_common/hardware_irq/irq.c.obj
 *fill*         0x1000792b        0x1 
 .rodata.__func__.3
                0x1000792c        0xc CMakeFiles/macropad.dir/C_/pico/pico-sdk/src/rp2_common/hardware_irq/irq.c.obj
 .rodata.__func__.4
                0x10007938        0xf CMakeFiles/macropad.dir/C_/pico/pico-sdk/src/rp2_common/hardware_irq/irq.c.obj
 *fill*         0x10007947        0x1 
 .rodata.__func__.6
                0x10007948       0x1a CMakeFiles/macropad.dir/C_/pico/pico-sdk/src/rp2_common/hardware_irq/irq.c.obj
 *fill*         0x10007962        0x2 
 .rodata.repeating_timer_callback.str1.4
                0x10007964       0x41 CMakeFiles/macropad.dir/C_/pico/pico-sdk/src/common/pico_time/time.c.obj
 *fill*         0x100079a5        0x3 
 .rodata.alarm_pool_dump_key.str1.4
                0x100079a8       0x33 CMakeFiles/macropad.dir/C_/pico/pico-sdk/src/common/pico_time/time.c.obj
 *fill*         0x100079db        0x1 
 .rodata.ph_add_child_node.str1.4
                0x100079dc       0x8a CMakeFiles/macropad.dir/C_/pico/pico-sdk/src/common/pico_time/time.c.obj
 *fill*         0x10007a66        0x2 
 .rodata.add_alarm_under_lock.str1.4
                0x10007a68       0x28 CMakeFiles/macropad.dir/C_/pico/pico-sdk/src/common/pico_time/time.c.obj
                                 0x2b (size before relaxing)
 .rodata.alarm_pool_alarm_callback.str1.4
                0x10007a90       0x82 CMakeFiles/macropad.dir/C_/pico/pico-sdk/src/common/pico_time/time.c.obj
                                 0xda (size before relaxing)
 *fill*         0x10007b12        0x2 
 .rodata.alarm_pool_get_default.str1.4
                0x10007b14       0x21 CMakeFiles/macropad.dir/C_/pico/pico-sdk/src/common/pico_time/time.c.obj
 *fill*         0x10007b35        0x3 
 .rodata.alarm_pool_cancel_alarm.str1.4
                0x10007b38       0x27 CMakeFiles/macropad.dir/C_/pico/pico-sdk/src/common/pico_time/time.c.obj
 *fill*         0x10007b5f        0x1 
 .rodata.__func__.1
                0x10007b60       0x18 CMakeFiles/macropad.dir/C_/pico/pico-sdk/src/common/pico_time/time.c.obj
 .rodata.__func__.10
                0x10007b78       0x15 CMakeFiles/macropad.dir/C_/pico/pico-sdk/src/common/pico_time/time.c.obj
 *fill*         0x10007b8d        0x3 
 .rodata.__func__.11
                0x10007b90       0x1a CMakeFiles/macropad.dir/C_/pico/pico-sdk/src/common/pico_time/time.c.obj
 *fill*         0x10007baa        0x2 
 .rodata.__func__.12
                0x10007bac        0xa CMakeFiles/macropad.dir/C_/pico/pico-sdk/src/common/pico_time/time.c.obj
 *fill*         0x10007bb6        0x2 
 .rodata.__func__.3
                0x10007bb8       0x17 CMakeFiles/macropad.dir/C_/pico/pico-sdk/src/common/pico_time/time.c.obj
 *fill*         0x10007bcf        0x1 
 .rodata.__func__.4
                0x10007bd0       0x12 CMakeFiles/macropad.dir/C_/pico/pico-sdk/src/common/pico_time/time.c.obj
 *fill*         0x10007be2        0x2 
 .rodata.__func__.5
                0x10007be4        0xd CMakeFiles/macropad.dir/C_/pico/pico-sdk/src/common/pico_time/time.c.obj
 *fill*         0x10007bf1        0x3 
 .rodata.__func__.6
                0x10007bf4       0x12 CMakeFiles/macropad.dir/C_/pico/pico-sdk/src/common/pico_time/time.c.obj
 *fill*         0x10007c06        0x2 
 .rodata.__func__.7
                0x10007c08        0xf CMakeFiles/macropad.dir/C_/pico/pico-sdk/src/common/pico_time/time.c.obj
 *fill*         0x10007c17        0x1 
 .rodata.__func__.8
                0x10007c18        0xc CMakeFiles/macropad.dir/C_/pico/pico-sdk/src/common/pico_time/time.c.obj
 .rodata.__func__.9
                0x10007c24       0x15 CMakeFiles/macropad.dir/C_/pico/pico-sdk/src/common/pico_time/time.c.obj
 *fill*         0x10007c39        0x3 
 .rodata.hardware_alarm_claim.str1.4
                0x10007c3c       0x22 CMakeFiles/macropad.dir/C_/pico/pico-sdk/src/rp2_common/hardware_timer/timer.c.obj
 *fill*         0x10007c5e        0x2 
 .rodata.hardware_alarm_set_target.str1.4
                0x10007c60       0x5b CMakeFiles/macropad.dir/C_/pico/pico-sdk/src/rp2_common/hardware_timer/timer.c.obj
 *fill*         0x10007cbb        0x1 
 .rodata.__func__.0
                0x10007cbc       0x1a CMakeFiles/macropad.dir/C_/pico/pico-sdk/src/rp2_common/hardware_timer/timer.c.obj
 .rodata.ph_add_child_node.str1.4
                0x10007cd6       0x8a CMakeFiles/macropad.dir/C_/pico/pico-sdk/src/common/pico_util/pheap.c.obj
 *fill*         0x10007cd6        0x2 
 .rodata.ph_remove_any_head.str1.4
                0x10007cd8       0x84 CMakeFiles/macropad.dir/C_/pico/pico-sdk/src/common/pico_util/pheap.c.obj
 .rodata.ph_remove_and_free_node.str1.4
                0x10007d5c       0x1e CMakeFiles/macropad.dir/C_/pico/pico-sdk/src/common/pico_util/pheap.c.obj
                                 0x26 (size before relaxing)
 *fill*         0x10007d7a        0x2 
 .rodata.__func__.0
                0x10007d7c       0x18 CMakeFiles/macropad.dir/C_/pico/pico-sdk/src/common/pico_util/pheap.c.obj
 .rodata.__func__.1
                0x10007d94       0x13 CMakeFiles/macropad.dir/C_/pico/pico-sdk/src/common/pico_util/pheap.c.obj
 *fill*         0x10007da7        0x1 
 .rodata.__func__.2
                0x10007da8       0x12 CMakeFiles/macropad.dir/C_/pico/pico-sdk/src/common/pico_util/pheap.c.obj
 *fill*         0x10007dba        0x2 
 .rodata.__func__.3
                0x10007dbc        0xc CMakeFiles/macropad.dir/C_/pico/pico-sdk/src/common/pico_util/pheap.c.obj
 .rodata.str1.4
                0x10007dc8       0x81 CMakeFiles/macropad.dir/C_/pico/pico-sdk/src/common/pico_sync/mutex.c.obj
                                 0xd9 (size before relaxing)
 *fill*         0x10007e49        0x3 
 .rodata.__func__.1
                0x10007e4c        0xb CMakeFiles/macropad.dir/C_/pico/pico-sdk/src/common/pico_sync/mutex.c.obj
 *fill*         0x10007e57        0x1 
 .rodata.__func__.3
                0x10007e58       0x18 CMakeFiles/macropad.dir/C_/pico/pico-sdk/src/common/pico_sync/mutex.c.obj
 .rodata.__func__.4
                0x10007e70       0x15 CMakeFiles/macropad.dir/C_/pico/pico-sdk/src/common/pico_sync/mutex.c.obj
 *fill*         0x10007e85        0x3 
 .rodata.__assert_func.str1.4
                0x10007e88       0x3f CMakeFiles/macropad.dir/C_/pico/pico-sdk/src/rp2_common/pico_runtime/runtime.c.obj
                                 0x43 (size before relaxing)
 *fill*         0x10007ec7        0x1 
 .rodata.runtime_init.str1.4
                0x10007ec8       0x57 CMakeFiles/macropad.dir/C_/pico/pico-sdk/src/rp2_common/pico_runtime/runtime.c.obj
 *fill*         0x10007f1f        0x1 
 .rodata.panic.str1.4
                0x10007f20       0x12 CMakeFiles/macropad.dir/C_/pico/pico-sdk/src/rp2_common/pico_runtime/runtime.c.obj
 *fill*         0x10007f32        0x2 
 .rodata.__func__.1
                0x10007f34        0xd CMakeFiles/macropad.dir/C_/pico/pico-sdk/src/rp2_common/pico_runtime/runtime.c.obj
 *fill*         0x10007f41        0x3 
 .rodata.clock_configure.str1.4
                0x10007f44       0x4d CMakeFiles/macropad.dir/C_/pico/pico-sdk/src/rp2_common/hardware_clocks/clocks.c.obj
 *fill*         0x10007f91        0x3 
 .rodata.__func__.1
                0x10007f94       0x10 CMakeFiles/macropad.dir/C_/pico/pico-sdk/src/rp2_common/hardware_clocks/clocks.c.obj
 .rodata.pll_init.str1.4
                0x10007fa4      0x12f CMakeFiles/macropad.dir/C_/pico/pico-sdk/src/rp2_common/hardware_pll/pll.c.obj
 *fill*         0x100080d3        0x1 
 .rodata.__func__.0
                0x100080d4        0x9 CMakeFiles/macropad.dir/C_/pico/pico-sdk/src/rp2_common/hardware_pll/pll.c.obj
 *fill*         0x100080dd        0x3 
 .rodata._ftoa.str1.4
                0x100080e0       0x15 CMakeFiles/macropad.dir/C_/pico/pico-sdk/src/rp2_common/pico_printf/printf.c.obj
 *fill*         0x100080f5        0x3 
 .rodata._vsnprintf
                0x100080f8      0x1e0 CMakeFiles/macropad.dir/C_/pico/pico-sdk/src/rp2_common/pico_printf/printf.c.obj
 .rodata.pow10.0
                0x100082d8       0x50 CMakeFiles/macropad.dir/C_/pico/pico-sdk/src/rp2_common/pico_printf/printf.c.obj
 .rodata.__aeabi_double_init.str1.4
                0x10008328       0x9e CMakeFiles/macropad.dir/C_/pico/pico-sdk/src/rp2_common/pico_double/double_init_rom.c.obj
 *fill*         0x100083c6        0x2 
 .rodata.__func__.0
                0x100083c8       0x14 CMakeFiles/macropad.dir/C_/pico/pico-sdk/src/rp2_common/pico_double/double_init_rom.c.obj
 .rodata.__aeabi_float_init.str1.4
                0x100083dc       0x70 CMakeFiles/macropad.dir/C_/pico/pico-sdk/src/rp2_common/pico_float/float_init_rom.c.obj
                                 0x74 (size before relaxing)
 .rodata.__func__.0
                0x1000844c       0x13 CMakeFiles/macropad.dir/C_/pico/pico-sdk/src/rp2_common/pico_float/float_init_rom.c.obj
 *fill*         0x1000845f        0x1 
 .rodata.str1.4
                0x10008460       0x40 CMakeFiles/macropad.dir/C_/pico/pico-sdk/src/rp2_common/pico_standard_link/binary_info.c.obj
 .rodata.__bi_44
                0x100084a0        0xc CMakeFiles/macropad.dir/C_/pico/pico-sdk/src/rp2_common/pico_standard_link/binary_info.c.obj
 .rodata.__bi_75
                0x100084ac        0xc CMakeFiles/macropad.dir/C_/pico/pico-sdk/src/rp2_common/pico_standard_link/binary_info.c.obj
 .rodata.__bi_81
                0x100084b8        0xc CMakeFiles/macropad.dir/C_/pico/pico-sdk/src/rp2_common/pico_standard_link/binary_info.c.obj
 .rodata.crlf_str.3
                0x100084c4        0x2 CMakeFiles/macropad.dir/C_/pico/pico-sdk/src/rp2_common/pico_stdio/stdio.c.obj
 *fill*         0x100084c6        0x2 
 .rodata._hw_endpoint_alloc.str1.4
                0x100084c8       0xad CMakeFiles/macropad.dir/C_/pico/pico-sdk/lib/tinyusb/src/portable/raspberrypi/rp2040/dcd_rp2040.c.obj
 *fill*         0x10008575        0x3 
 .rodata.dcd_rp2040_irq.str1.4
                0x10008578       0x14 CMakeFiles/macropad.dir/C_/pico/pico-sdk/lib/tinyusb/src/portable/raspberrypi/rp2040/dcd_rp2040.c.obj
 .rodata.dcd_int_enable.str1.4
                0x1000858c        0xc CMakeFiles/macropad.dir/C_/pico/pico-sdk/lib/tinyusb/src/portable/raspberrypi/rp2040/dcd_rp2040.c.obj
 .rodata.__func__.0
                0x10008598        0xe CMakeFiles/macropad.dir/C_/pico/pico-sdk/lib/tinyusb/src/portable/raspberrypi/rp2040/dcd_rp2040.c.obj
 *fill*         0x100085a6        0x2 
 .rodata.__func__.1
                0x100085a8        0xe CMakeFiles/macropad.dir/C_/pico/pico-sdk/lib/tinyusb/src/portable/raspberrypi/rp2040/dcd_rp2040.c.obj
 *fill*         0x100085b6        0x2 
 .rodata.__func__.3
                0x100085b8       0x10 CMakeFiles/macropad.dir/C_/pico/pico-sdk/lib/tinyusb/src/portable/raspberrypi/rp2040/dcd_rp2040.c.obj
 .rodata.__func__.5
                0x100085c8        0xf CMakeFiles/macropad.dir/C_/pico/pico-sdk/lib/tinyusb/src/portable/raspberrypi/rp2040/dcd_rp2040.c.obj
 *fill*         0x100085d7        0x1 
 .rodata.__func__.6
                0x100085d8       0x13 CMakeFiles/macropad.dir/C_/pico/pico-sdk/lib/tinyusb/src/portable/raspberrypi/rp2040/dcd_rp2040.c.obj
 *fill*         0x100085eb        0x1 
 .rodata.__func__.7
                0x100085ec        0x9 CMakeFiles/macropad.dir/C_/pico/pico-sdk/lib/tinyusb/src/portable/raspberrypi/rp2040/dcd_rp2040.c.obj
 *fill*         0x100085f5        0x3 
 .rodata.sync_ep_buffer.str1.4
                0x100085f8       0x89 CMakeFiles/macropad.dir/C_/pico/pico-sdk/lib/tinyusb/src/portable/raspberrypi/rp2040/rp2040_usb.c.obj
 *fill*         0x10008681        0x3 
 .rodata._hw_endpoint_buffer_control_update32.str1.4
                0x10008684       0x1f CMakeFiles/macropad.dir/C_/pico/pico-sdk/lib/tinyusb/src/portable/raspberrypi/rp2040/rp2040_usb.c.obj
 *fill*         0x100086a3        0x1 
 .rodata.hw_endpoint_xfer_start.str1.4
                0x100086a4       0x38 CMakeFiles/macropad.dir/C_/pico/pico-sdk/lib/tinyusb/src/portable/raspberrypi/rp2040/rp2040_usb.c.obj
 .rodata.hw_endpoint_xfer_continue.str1.4
                0x100086dc       0x29 CMakeFiles/macropad.dir/C_/pico/pico-sdk/lib/tinyusb/src/portable/raspberrypi/rp2040/rp2040_usb.c.obj
 *fill*         0x10008705        0x3 
 .rodata.str1.4
                0x10008708        0x7 CMakeFiles/macropad.dir/C_/pico/pico-sdk/lib/tinyusb/src/portable/raspberrypi/rp2040/rp2040_usb.c.obj
 *fill*         0x1000870f        0x1 
 .rodata.__func__.0
                0x10008710        0xf CMakeFiles/macropad.dir/C_/pico/pico-sdk/lib/tinyusb/src/portable/raspberrypi/rp2040/rp2040_usb.c.obj
 *fill*         0x1000871f        0x1 
 .rodata.process_set_config.str1.4
                0x10008720       0x17 CMakeFiles/macropad.dir/C_/pico/pico-sdk/lib/tinyusb/src/device/usbd.c.obj
 *fill*         0x10008737        0x1 
 .rodata.process_get_descriptor
                0x10008738       0x40 CMakeFiles/macropad.dir/C_/pico/pico-sdk/lib/tinyusb/src/device/usbd.c.obj
 .rodata.process_control_request
                0x10008778       0x28 CMakeFiles/macropad.dir/C_/pico/pico-sdk/lib/tinyusb/src/device/usbd.c.obj
 .rodata.tud_task
                0x100087a0       0x24 CMakeFiles/macropad.dir/C_/pico/pico-sdk/lib/tinyusb/src/device/usbd.c.obj
 .rodata.__func__.2
                0x100087c4        0xf CMakeFiles/macropad.dir/C_/pico/pico-sdk/lib/tinyusb/src/device/usbd.c.obj
 *fill*         0x100087d3        0x1 
 .rodata.__func__.3
                0x100087d4        0xf CMakeFiles/macropad.dir/C_/pico/pico-sdk/lib/tinyusb/src/device/usbd.c.obj
 *fill*         0x100087e3        0x1 
 .rodata.__func__.4
                0x100087e4       0x14 CMakeFiles/macropad.dir/C_/pico/pico-sdk/lib/tinyusb/src/device/usbd.c.obj
 .rodata.__func__.5
                0x100087f8       0x10 CMakeFiles/macropad.dir/C_/pico/pico-sdk/lib/tinyusb/src/device/usbd.c.obj
 .rodata.__func__.6
                0x10008808       0x17 CMakeFiles/macropad.dir/C_/pico/pico-sdk/lib/tinyusb/src/device/usbd.c.obj
 *fill*         0x1000881f        0x1 
 .rodata.__func__.7
                0x10008820       0x13 CMakeFiles/macropad.dir/C_/pico/pico-sdk/lib/tinyusb/src/device/usbd.c.obj
 *fill*         0x10008833        0x1 
 .rodata.__func__.8
                0x10008834       0x18 CMakeFiles/macropad.dir/C_/pico/pico-sdk/lib/tinyusb/src/device/usbd.c.obj
 .rodata.__func__.9
                0x1000884c        0x9 CMakeFiles/macropad.dir/C_/pico/pico-sdk/lib/tinyusb/src/device/usbd.c.obj
 *fill*         0x10008855        0x3 
 .rodata._usbd_driver
                0x10008858       0x18 CMakeFiles/macropad.dir/C_/pico/pico-sdk/lib/tinyusb/src/device/usbd.c.obj
 .rodata.tud_control_xfer.str1.4
                0x10008870       0x17 CMakeFiles/macropad.dir/C_/pico/pico-sdk/lib/tinyusb/src/device/usbd_control.c.obj
 .rodata.__func__.0
                0x10008870       0x15 CMakeFiles/macropad.dir/C_/pico/pico-sdk/lib/tinyusb/src/device/usbd_control.c.obj
 *fill*         0x10008885        0x3 
 .rodata.__func__.1
                0x10008888       0x11 CMakeFiles/macropad.dir/C_/pico/pico-sdk/lib/tinyusb/src/device/usbd_control.c.obj
 *fill*         0x10008899        0x3 
 .rodata.hidd_open.str1.4
                0x1000889c       0x11 CMakeFiles/macropad.dir/C_/pico/pico-sdk/lib/tinyusb/src/class/hid/hid_device.c.obj
                                 0x29 (size before relaxing)
 *fill*         0x100088ad        0x3 
 .rodata.hidd_control_xfer_cb
                0x100088b0       0x30 CMakeFiles/macropad.dir/C_/pico/pico-sdk/lib/tinyusb/src/class/hid/hid_device.c.obj
 .rodata.__PRETTY_FUNCTION__.2
                0x100088e0        0xa CMakeFiles/macropad.dir/C_/pico/pico-sdk/lib/tinyusb/src/class/hid/hid_device.c.obj
 *fill*         0x100088ea        0x2 
 .rodata.__func__.0
                0x100088ec        0xd CMakeFiles/macropad.dir/C_/pico/pico-sdk/lib/tinyusb/src/class/hid/hid_device.c.obj
 *fill*         0x100088f9        0x3 
 .rodata.__func__.1
                0x100088fc       0x15 CMakeFiles/macropad.dir/C_/pico/pico-sdk/lib/tinyusb/src/class/hid/hid_device.c.obj
 *fill*         0x10008911        0x3 
 .rodata.__func__.3
                0x10008914        0xa CMakeFiles/macropad.dir/C_/pico/pico-sdk/lib/tinyusb/src/class/hid/hid_device.c.obj
 .rodata.tusb_init.str1.4
                0x1000891e       0x17 CMakeFiles/macropad.dir/C_/pico/pico-sdk/lib/tinyusb/src/tusb.c.obj
 *fill*         0x1000891e        0x2 
 .rodata.__func__.0
                0x10008920       0x11 CMakeFiles/macropad.dir/C_/pico/pico-sdk/lib/tinyusb/src/tusb.c.obj
 *fill*         0x10008931        0x3 
 .rodata.__func__.1
                0x10008934        0xa CMakeFiles/macropad.dir/C_/pico/pico-sdk/lib/tinyusb/src/tusb.c.obj
 *fill*         0x1000893e        0x2 
 .rodata.str1.4
                0x10008940        0x4 CMakeFiles/macropad.dir/C_/pico/pico-sdk/lib/tinyusb/hw/bsp/rp2040/family.c.obj
 .rodata.__bi_121.0
                0x10008944        0xc CMakeFiles/macropad.dir/C_/pico/pico-sdk/lib/tinyusb/hw/bsp/rp2040/family.c.obj
 .rodata.__bi_131.1
                0x10008950        0x8 CMakeFiles/macropad.dir/C_/pico/pico-sdk/lib/tinyusb/hw/bsp/rp2040/family.c.obj
                0x10008958                . = ALIGN (0x4)
 *(SORT_BY_ALIGNMENT(SORT_BY_NAME(.flashdata*)))
                0x10008958                . = ALIGN (0x4)

.rel.dyn        0x10008958        0x0
 .rel.iplt      0x10008958        0x0 c:/progra~2/gnuarm~1/102021~1.10/bin/../lib/gcc/arm-none-eabi/10.3.1/thumb/v6-m/nofp/crtbegin.o

.ARM.extab
 *(.ARM.extab* .gnu.linkonce.armextab.*)
                0x10008958                __exidx_start = .

.ARM.exidx
 *(.ARM.exidx* .gnu.linkonce.armexidx.*)
                0x10008958                __exidx_end = .
                0x10008958                . = ALIGN (0x4)
                0x10008958                __binary_info_start = .

.binary_info    0x10008958       0x24
 *(.binary_info.keep.*)
 .binary_info.keep.__bi_ptr22
                0x10008958        0x4 CMakeFiles/macropad.dir/C_/pico/pico-sdk/src/rp2_common/pico_standard_link/binary_info.c.obj
 .binary_info.keep.__bi_ptr30
                0x1000895c        0x4 CMakeFiles/macropad.dir/C_/pico/pico-sdk/src/rp2_common/pico_standard_link/binary_info.c.obj
 .binary_info.keep.__bi_ptr38
                0x10008960        0x4 CMakeFiles/macropad.dir/C_/pico/pico-sdk/src/rp2_common/pico_standard_link/binary_info.c.obj
 .binary_info.keep.__bi_ptr44
                0x10008964        0x4 CMakeFiles/macropad.dir/C_/pico/pico-sdk/src/rp2_common/pico_standard_link/binary_info.c.obj
 .binary_info.keep.__bi_ptr50
                0x10008968        0x4 CMakeFiles/macropad.dir/C_/pico/pico-sdk/src/rp2_common/pico_standard_link/binary_info.c.obj
 .binary_info.keep.__bi_ptr75
                0x1000896c        0x4 CMakeFiles/macropad.dir/C_/pico/pico-sdk/src/rp2_common/pico_standard_link/binary_info.c.obj
 .binary_info.keep.__bi_ptr81
                0x10008970        0x4 CMakeFiles/macropad.dir/C_/pico/pico-sdk/src/rp2_common/pico_standard_link/binary_info.c.obj
 .binary_info.keep.__bi_ptr121
                0x10008974        0x4 CMakeFiles/macropad.dir/C_/pico/pico-sdk/lib/tinyusb/hw/bsp/rp2040/family.c.obj
 .binary_info.keep.__bi_ptr131
                0x10008978        0x4 CMakeFiles/macropad.dir/C_/pico/pico-sdk/lib/tinyusb/hw/bsp/rp2040/family.c.obj
 *(.binary_info.*)
                0x1000897c                __binary_info_end = .
                0x1000897c                . = ALIGN (0x4)
                0x1000897c                __etext = .

.ram_vector_table
                0x20000000       0xc0
 *(.ram_vector_table)
 .ram_vector_table
                0x20000000       0xc0 CMakeFiles/macropad.dir/C_/pico/pico-sdk/src/rp2_common/pico_runtime/runtime.c.obj
                0x20000000                ram_vector_table

.data           0x200000c0      0x3cc load address 0x1000897c
                0x200000c0                __data_start__ = .
 *(vtable)
 *(.time_critical*)
 .time_critical.mutex_enter_blocking
                0x200000c0       0x48 CMakeFiles/macropad.dir/C_/pico/pico-sdk/src/common/pico_sync/mutex.c.obj
                0x200000c0                mutex_enter_blocking
 .time_critical.mutex_try_enter
                0x20000108       0x46 CMakeFiles/macropad.dir/C_/pico/pico-sdk/src/common/pico_sync/mutex.c.obj
                0x20000108                mutex_try_enter
 *fill*         0x2000014e        0x2 
 .time_critical.mutex_enter_block_until
                0x20000150       0x8c CMakeFiles/macropad.dir/C_/pico/pico-sdk/src/common/pico_sync/mutex.c.obj
                0x20000150                mutex_enter_block_until
 .time_critical.mutex_enter_timeout_ms
                0x200001dc       0x74 CMakeFiles/macropad.dir/C_/pico/pico-sdk/src/common/pico_sync/mutex.c.obj
                0x200001dc                mutex_enter_timeout_ms
 .time_critical.mutex_exit
                0x20000250       0x4c CMakeFiles/macropad.dir/C_/pico/pico-sdk/src/common/pico_sync/mutex.c.obj
                0x20000250                mutex_exit
 .time_critical.get_bootsel_button
                0x2000029c       0x60 CMakeFiles/macropad.dir/C_/pico/pico-sdk/lib/tinyusb/hw/bsp/rp2040/family.c.obj
                0x2000029c                get_bootsel_button
 *(.text*)
 .text          0x200002fc        0x4 c:/progra~2/gnuarm~1/102021~1.10/bin/../lib/gcc/arm-none-eabi/10.3.1/thumb/v6-m/nofp\libgcc.a(_dvmd_tls.o)
                0x200002fc                __aeabi_idiv0
                0x200002fc                __aeabi_ldiv0
 .text.__stub   0x20000300       0x40 linker stubs
                0x20000340                . = ALIGN (0x4)
 *(.rodata*)
                0x20000340                . = ALIGN (0x4)
 *(.data*)
 .data.string_desc_arr
                0x20000340       0x10 CMakeFiles/macropad.dir/usb_descriptors.c.obj
                0x20000340                string_desc_arr
 .data.prueba   0x20000350       0x18 CMakeFiles/macropad.dir/keyboard.c.obj
                0x20000350                prueba
 .data.vscode   0x20000368       0x18 CMakeFiles/macropad.dir/keyboard.c.obj
                0x20000368                vscode
 .data.windows  0x20000380       0x18 CMakeFiles/macropad.dir/keyboard.c.obj
                0x20000380                windows
 .data.striped_spin_lock_num
                0x20000398        0x1 CMakeFiles/macropad.dir/C_/pico/pico-sdk/src/rp2_common/hardware_sync/sync.c.obj
 *fill*         0x20000399        0x3 
 .data          0x2000039c       0x48 CMakeFiles/macropad.dir/C_/pico/pico-sdk/src/rp2_common/hardware_irq/irq_handler_chain.S.obj
                0x2000039c                irq_handler_chain_slots
                0x200003cc                irq_handler_chain_first_slot
                0x200003d6                irq_handler_chain_remove_tail
 .data.default_alarm_pool
                0x200003e4       0x18 CMakeFiles/macropad.dir/C_/pico/pico-sdk/src/common/pico_time/time.c.obj
 .data.default_alarm_pool_heap
                0x200003fc       0x10 CMakeFiles/macropad.dir/C_/pico/pico-sdk/src/common/pico_time/time.c.obj
 *fill*         0x2000040c        0x4 
 .data.aeabi_bits_funcs
                0x20000410       0x10 CMakeFiles/macropad.dir/C_/pico/pico-sdk/src/rp2_common/pico_bit_ops/bit_ops_aeabi.S.obj
                0x20000410                aeabi_bits_funcs
                0x20000420                aeabi_bits_funcs_end
 .data.aeabi_mem_funcs
                0x20000420       0x10 CMakeFiles/macropad.dir/C_/pico/pico-sdk/src/rp2_common/pico_mem_ops/mem_ops_aeabi.S.obj
                0x20000420                aeabi_mem_funcs
                0x20000430                aeabi_mem_funcs_end
 .data.stdio_uart
                0x20000430       0x14 CMakeFiles/macropad.dir/C_/pico/pico-sdk/src/rp2_common/pico_stdio_uart/stdio_uart.c.obj
                0x20000430                stdio_uart
 .data.ep_dir_string
                0x20000444        0x8 CMakeFiles/macropad.dir/C_/pico/pico-sdk/lib/tinyusb/src/portable/raspberrypi/rp2040/rp2040_usb.c.obj
                0x20000444                ep_dir_string
 .data._usbd_qdef
                0x2000044c       0x24 CMakeFiles/macropad.dir/C_/pico/pico-sdk/lib/tinyusb/src/device/usbd.c.obj
                0x2000044c                _usbd_qdef
                0x20000470                . = ALIGN (0x4)
 *(.after_data.*)
                0x20000470                . = ALIGN (0x4)
                0x20000470                PROVIDE (__mutex_array_start = .)
 *(SORT_BY_NAME(.mutex_array.*))
 *(.mutex_array)
 .mutex_array   0x20000470        0x8 CMakeFiles/macropad.dir/C_/pico/pico-sdk/src/rp2_common/pico_stdio/stdio.c.obj
                0x20000478                PROVIDE (__mutex_array_end = .)
                0x20000478                . = ALIGN (0x4)
                0x20000478                PROVIDE (__preinit_array_start = .)
 *(SORT_BY_NAME(.preinit_array.*))
 .preinit_array.00001
                0x20000478        0x4 CMakeFiles/macropad.dir/C_/pico/pico-sdk/src/rp2_common/pico_mem_ops/mem_ops_aeabi.S.obj
 .preinit_array.00010
                0x2000047c        0x4 CMakeFiles/macropad.dir/C_/pico/pico-sdk/src/rp2_common/pico_bit_ops/bit_ops_aeabi.S.obj
 .preinit_array.00020
                0x20000480        0x4 CMakeFiles/macropad.dir/C_/pico/pico-sdk/src/rp2_common/pico_double/double_aeabi.S.obj
 .preinit_array.00020
                0x20000484        0x4 CMakeFiles/macropad.dir/C_/pico/pico-sdk/src/rp2_common/pico_float/float_aeabi.S.obj
 *(.preinit_array)
                0x20000488                PROVIDE (__preinit_array_end = .)
                0x20000488                . = ALIGN (0x4)
                0x20000488                PROVIDE (__init_array_start = .)
 *(SORT_BY_NAME(.init_array.*))
 *(.init_array)
 .init_array    0x20000488        0x4 c:/progra~2/gnuarm~1/102021~1.10/bin/../lib/gcc/arm-none-eabi/10.3.1/thumb/v6-m/nofp/crtbegin.o
                0x2000048c                PROVIDE (__init_array_end = .)
                0x2000048c                . = ALIGN (0x4)
                [!provide]                PROVIDE (__fini_array_start = .)
 *(SORT_BY_NAME(.fini_array.*))
 *(.fini_array)
                [!provide]                PROVIDE (__fini_array_end = .)
 *(.jcr)
                0x2000048c                . = ALIGN (0x4)
                0x2000048c                __data_end__ = .

.igot.plt       0x2000048c        0x0 load address 0x10008d48
 .igot.plt      0x2000048c        0x0 c:/progra~2/gnuarm~1/102021~1.10/bin/../lib/gcc/arm-none-eabi/10.3.1/thumb/v6-m/nofp/crtbegin.o

.uninitialized_data
                0x2000048c        0x0 load address 0x10008d48
                0x2000048c                . = ALIGN (0x4)
 *(.uninitialized_data*)

.scratch_x      0x20040000        0x0 load address 0x10008d48
                0x20040000                __scratch_x_start__ = .
 *(.scratch_x.*)
                0x20040000                . = ALIGN (0x4)
                0x20040000                __scratch_x_end__ = .
                0x10008d48                __scratch_x_source__ = LOADADDR (.scratch_x)

.scratch_y      0x20041000        0x0 load address 0x10008d48
                0x20041000                __scratch_y_start__ = .
 *(.scratch_y.*)
                0x20041000                . = ALIGN (0x4)
                0x20041000                __scratch_y_end__ = .
                0x10008d48                __scratch_y_source__ = LOADADDR (.scratch_y)

.bss            0x20000490      0xa0c
                0x20000490                . = ALIGN (0x4)
                0x20000490                __bss_start__ = .
 *(SORT_BY_ALIGNMENT(SORT_BY_NAME(.bss*)))
 .bss.default_alarm_pool_entries
                0x20000490      0x100 CMakeFiles/macropad.dir/C_/pico/pico-sdk/src/common/pico_time/time.c.obj
 .bss           0x20000590       0x1c c:/progra~2/gnuarm~1/102021~1.10/bin/../lib/gcc/arm-none-eabi/10.3.1/thumb/v6-m/nofp/crtbegin.o
 .bss._app_driver
                0x200005ac        0x4 CMakeFiles/macropad.dir/C_/pico/pico-sdk/lib/tinyusb/src/device/usbd.c.obj
 .bss._ctrl_xfer
                0x200005b0       0x14 CMakeFiles/macropad.dir/C_/pico/pico-sdk/lib/tinyusb/src/device/usbd_control.c.obj
 .bss._desc_str
                0x200005c4       0x40 CMakeFiles/macropad.dir/usb_descriptors.c.obj
 .bss._hidd_itf
                0x20000604       0x2c CMakeFiles/macropad.dir/C_/pico/pico-sdk/lib/tinyusb/src/class/hid/hid_device.c.obj
 .bss._ubsd_mutexdef
                0x20000630        0x8 CMakeFiles/macropad.dir/C_/pico/pico-sdk/lib/tinyusb/src/device/usbd.c.obj
 .bss._usbd_ctrl_buf
                0x20000638       0x40 CMakeFiles/macropad.dir/C_/pico/pico-sdk/lib/tinyusb/src/device/usbd_control.c.obj
 .bss._usbd_dev
                0x20000678       0x53 CMakeFiles/macropad.dir/C_/pico/pico-sdk/lib/tinyusb/src/device/usbd.c.obj
 *fill*         0x200006cb        0x1 
 .bss._usbd_mutex
                0x200006cc        0x4 CMakeFiles/macropad.dir/C_/pico/pico-sdk/lib/tinyusb/src/device/usbd.c.obj
 .bss._usbd_q   0x200006d0        0x4 CMakeFiles/macropad.dir/C_/pico/pico-sdk/lib/tinyusb/src/device/usbd.c.obj
 .bss._usbd_qdef_buf
                0x200006d4       0xc0 CMakeFiles/macropad.dir/C_/pico/pico-sdk/lib/tinyusb/src/device/usbd.c.obj
                0x200006d4                _usbd_qdef_buf
 .bss.alarm_callbacks
                0x20000794       0x10 CMakeFiles/macropad.dir/C_/pico/pico-sdk/src/rp2_common/hardware_timer/timer.c.obj
 .bss.claimed   0x200007a4        0x4 CMakeFiles/macropad.dir/C_/pico/pico-sdk/src/rp2_common/hardware_sync/sync.c.obj
 .bss.configured_freq
                0x200007a8       0x28 CMakeFiles/macropad.dir/C_/pico/pico-sdk/src/rp2_common/hardware_clocks/clocks.c.obj
 .bss.default_alarm_pool_entry_ids_high
                0x200007d0       0x10 CMakeFiles/macropad.dir/C_/pico/pico-sdk/src/common/pico_time/time.c.obj
 .bss.default_alarm_pool_heap_nodes
                0x200007e0       0x30 CMakeFiles/macropad.dir/C_/pico/pico-sdk/src/common/pico_time/time.c.obj
 .bss.drivers   0x20000810        0x4 CMakeFiles/macropad.dir/C_/pico/pico-sdk/src/rp2_common/pico_stdio/stdio.c.obj
 .bss.filter    0x20000814        0x4 CMakeFiles/macropad.dir/C_/pico/pico-sdk/src/rp2_common/pico_stdio/stdio.c.obj
 .bss.hw_endpoints
                0x20000818      0x400 CMakeFiles/macropad.dir/C_/pico/pico-sdk/lib/tinyusb/src/portable/raspberrypi/rp2040/dcd_rp2040.c.obj
 .bss.keyboard  0x20000c18       0x40 CMakeFiles/macropad.dir/keyboard.c.obj
                0x20000c18                keyboard
 .bss.next_buffer_ptr
                0x20000c58        0x4 CMakeFiles/macropad.dir/C_/pico/pico-sdk/lib/tinyusb/src/portable/raspberrypi/rp2040/dcd_rp2040.c.obj
 .bss.pools     0x20000c5c       0x10 CMakeFiles/macropad.dir/C_/pico/pico-sdk/src/common/pico_time/time.c.obj
 .bss.sd_table  0x20000c6c      0x100 CMakeFiles/macropad.dir/C_/pico/pico-sdk/src/rp2_common/pico_double/double_init_rom.c.obj
                0x20000c6c                sd_table
 .bss.sf_clz_func
                0x20000d6c        0x4 CMakeFiles/macropad.dir/C_/pico/pico-sdk/src/rp2_common/pico_double/double_init_rom.c.obj
                0x20000d6c                sf_clz_func
 .bss.sf_table  0x20000d70      0x100 CMakeFiles/macropad.dir/C_/pico/pico-sdk/src/rp2_common/pico_float/float_init_rom.c.obj
                0x20000d70                sf_table
 .bss.sleep_notifier
                0x20000e70        0x4 CMakeFiles/macropad.dir/C_/pico/pico-sdk/src/common/pico_time/time.c.obj
 .bss.start_ms.2
                0x20000e74        0x4 CMakeFiles/macropad.dir/main.c.obj
 .bss.target_hi
                0x20000e78       0x10 CMakeFiles/macropad.dir/C_/pico/pico-sdk/src/rp2_common/hardware_timer/timer.c.obj
 .bss.uart_char_to_line_feed
                0x20000e88        0x4 CMakeFiles/macropad.dir/C_/pico/pico-sdk/src/rp2_common/hardware_uart/uart.c.obj
                0x20000e88                uart_char_to_line_feed
 .bss.uart_inst
                0x20000e8c        0x4 CMakeFiles/macropad.dir/C_/pico/pico-sdk/lib/tinyusb/hw/bsp/rp2040/family.c.obj
 .bss.uart_instance
                0x20000e90        0x4 CMakeFiles/macropad.dir/C_/pico/pico-sdk/src/rp2_common/pico_stdio_uart/stdio_uart.c.obj
 .bss._app_driver_count
                0x20000e94        0x1 CMakeFiles/macropad.dir/C_/pico/pico-sdk/lib/tinyusb/src/device/usbd.c.obj
 .bss._usbd_initialized
                0x20000e95        0x1 CMakeFiles/macropad.dir/C_/pico/pico-sdk/lib/tinyusb/src/device/usbd.c.obj
 .bss.claimed   0x20000e96        0x1 CMakeFiles/macropad.dir/C_/pico/pico-sdk/src/rp2_common/hardware_timer/timer.c.obj
 .bss.has_keyboard_key.0
                0x20000e97        0x1 CMakeFiles/macropad.dir/main.c.obj
 .bss.irq_hander_chain_free_slot_head
                0x20000e98        0x1 CMakeFiles/macropad.dir/C_/pico/pico-sdk/src/rp2_common/hardware_irq/irq.c.obj
 .bss.timer_callbacks_pending
                0x20000e99        0x1 CMakeFiles/macropad.dir/C_/pico/pico-sdk/src/rp2_common/hardware_timer/timer.c.obj
 *(COMMON)
                0x20000e9c                . = ALIGN (0x4)
 *fill*         0x20000e9a        0x2 
                0x20000e9c                __bss_end__ = .

.heap           0x20000e9c      0x800
                0x20000e9c                __end__ = .
                0x20000e9c                end = __end__
 *(.heap*)
 .heap          0x20000e9c      0x800 CMakeFiles/macropad.dir/C_/pico/pico-sdk/src/rp2_common/pico_standard_link/crt0.S.obj
                0x2000169c                __HeapLimit = .

.stack1_dummy   0x20040000        0x0
 *(.stack1*)

.stack_dummy    0x20041000      0x800
 *(.stack*)
 .stack         0x20041000      0x800 CMakeFiles/macropad.dir/C_/pico/pico-sdk/src/rp2_common/pico_standard_link/crt0.S.obj

.flash_end      0x10008d48        0x0
                0x10008d48                __flash_binary_end = .
                0x20040000                __StackLimit = (ORIGIN (RAM) + LENGTH (RAM))
                0x20041000                __StackOneTop = (ORIGIN (SCRATCH_X) + LENGTH (SCRATCH_X))
                0x20042000                __StackTop = (ORIGIN (SCRATCH_Y) + LENGTH (SCRATCH_Y))
                0x20041000                __StackOneBottom = (__StackOneTop - SIZEOF (.stack1_dummy))
                0x20041800                __StackBottom = (__StackTop - SIZEOF (.stack_dummy))
                0x20042000                PROVIDE (__stack = __StackTop)
                0x00000001                ASSERT ((__StackLimit >= __HeapLimit), region RAM overflowed)
                0x00000001                ASSERT (((__binary_info_header_end - __logical_binary_start) <= 0x100), Binary info must be in first 256 bytes of the binary)
LOAD CMakeFiles/macropad.dir/main.c.obj
LOAD CMakeFiles/macropad.dir/usb_descriptors.c.obj
LOAD CMakeFiles/macropad.dir/keyboard.c.obj
LOAD CMakeFiles/macropad.dir/C_/pico/pico-sdk/src/rp2_common/pico_stdlib/stdlib.c.obj
LOAD CMakeFiles/macropad.dir/C_/pico/pico-sdk/src/rp2_common/hardware_gpio/gpio.c.obj
LOAD CMakeFiles/macropad.dir/C_/pico/pico-sdk/src/rp2_common/hardware_claim/claim.c.obj
LOAD CMakeFiles/macropad.dir/C_/pico/pico-sdk/src/rp2_common/pico_platform/platform.c.obj
LOAD CMakeFiles/macropad.dir/C_/pico/pico-sdk/src/rp2_common/hardware_sync/sync.c.obj
LOAD CMakeFiles/macropad.dir/C_/pico/pico-sdk/src/rp2_common/hardware_irq/irq.c.obj
LOAD CMakeFiles/macropad.dir/C_/pico/pico-sdk/src/rp2_common/hardware_irq/irq_handler_chain.S.obj
LOAD CMakeFiles/macropad.dir/C_/pico/pico-sdk/src/common/pico_sync/sem.c.obj
LOAD CMakeFiles/macropad.dir/C_/pico/pico-sdk/src/common/pico_sync/lock_core.c.obj
LOAD CMakeFiles/macropad.dir/C_/pico/pico-sdk/src/common/pico_time/time.c.obj
LOAD CMakeFiles/macropad.dir/C_/pico/pico-sdk/src/common/pico_time/timeout_helper.c.obj
LOAD CMakeFiles/macropad.dir/C_/pico/pico-sdk/src/rp2_common/hardware_timer/timer.c.obj
LOAD CMakeFiles/macropad.dir/C_/pico/pico-sdk/src/common/pico_util/datetime.c.obj
LOAD CMakeFiles/macropad.dir/C_/pico/pico-sdk/src/common/pico_util/pheap.c.obj
LOAD CMakeFiles/macropad.dir/C_/pico/pico-sdk/src/common/pico_util/queue.c.obj
LOAD CMakeFiles/macropad.dir/C_/pico/pico-sdk/src/common/pico_sync/mutex.c.obj
LOAD CMakeFiles/macropad.dir/C_/pico/pico-sdk/src/common/pico_sync/critical_section.c.obj
LOAD CMakeFiles/macropad.dir/C_/pico/pico-sdk/src/rp2_common/hardware_uart/uart.c.obj
LOAD CMakeFiles/macropad.dir/C_/pico/pico-sdk/src/rp2_common/hardware_divider/divider.S.obj
LOAD CMakeFiles/macropad.dir/C_/pico/pico-sdk/src/rp2_common/pico_runtime/runtime.c.obj
LOAD CMakeFiles/macropad.dir/C_/pico/pico-sdk/src/rp2_common/hardware_clocks/clocks.c.obj
LOAD CMakeFiles/macropad.dir/C_/pico/pico-sdk/src/rp2_common/hardware_pll/pll.c.obj
LOAD CMakeFiles/macropad.dir/C_/pico/pico-sdk/src/rp2_common/hardware_vreg/vreg.c.obj
LOAD CMakeFiles/macropad.dir/C_/pico/pico-sdk/src/rp2_common/hardware_watchdog/watchdog.c.obj
LOAD CMakeFiles/macropad.dir/C_/pico/pico-sdk/src/rp2_common/hardware_xosc/xosc.c.obj
LOAD CMakeFiles/macropad.dir/C_/pico/pico-sdk/src/rp2_common/pico_printf/printf.c.obj
LOAD CMakeFiles/macropad.dir/C_/pico/pico-sdk/src/rp2_common/pico_bit_ops/bit_ops_aeabi.S.obj
LOAD CMakeFiles/macropad.dir/C_/pico/pico-sdk/src/rp2_common/pico_bootrom/bootrom.c.obj